******************************************************************************
                  TI ARM Linker PC v18.12.8                    
******************************************************************************
>> Linked Wed Aug 23 14:37:38 2023

OUTPUT FILE NAME:   <TM4C123GH6PM_FreeRTOS.out>
ENTRY POINT SYMBOL: "_c_int00_noargs"  address: 00002af5


MEMORY CONFIGURATION

         name            origin    length      used     unused   attr    fill
----------------------  --------  ---------  --------  --------  ----  --------
  FLASH                 00000000   00040000  0000354a  0003cab6  R  X
  SRAM                  20000000   00008000  00004184  00003e7c  RW X


SEGMENT ALLOCATION MAP

run origin  load origin   length   init length attrs members
----------  ----------- ---------- ----------- ----- -------
00000000    00000000    0000026c   0000026c    r--
  00000000    00000000    0000026c   0000026c    r-- .intvecs
00000000    00000000    00010398   00000000    rw-
  00000000    00000000    00010398   00000000    rw- .bss
00000270    00000270    000032e0   000032e0    r-x
  00000270    00000270    00003172   00003172    r-x .text
  000033e4    000033e4    00000134   00000134    r-- .const
  00003518    00003518    00000038   00000038    r-- .cinit
20000000    20000000    00004184   00000000    rw-
  20000000    20000000    00002000   00000000    rw- .stack
  20002000    20002000    00002000   00000000    rw- .sysmem
  20004000    20004000    00000184   00000000    rw- .data


SECTION ALLOCATION MAP

 output                                  attributes/
section   page    origin      length       input sections
--------  ----  ----------  ----------   ----------------
.intvecs   0    00000000    0000026c     
                  00000000    0000026c     startup_ccs.obj (.intvecs)

.bss       0    00000000    00010398     FAILED TO ALLOCATE
.text      0    00000270    00003172     
                  00000270    0000021a     uartstdio.obj (.text:UARTvprintf)
                  0000048a    00000006     sysctl.obj (.text:SysCtlDelay)
                  00000490    000001b4     tasks.obj (.text:xTaskIncrementTick)
                  00000644    00000004     rtsv7M4_T_le_v4SPD16_eabi.lib : pre_init.c.obj (.text:_system_pre_init)
                  00000648    0000018c     tasks.obj (.text:xTaskResumeAll)
                  000007d4    00000004     rtsv7M4_T_le_v4SPD16_eabi.lib : exit.c.obj (.text:abort:abort)
                  000007d8    00000170     gpio.obj (.text:GPIOPadConfigSet)
                  00000948    00000168     queue.obj (.text:xQueueReceive)
                  00000ab0    0000014c     heap_4.obj (.text:pvPortMalloc)
                  00000bfc    00000002     rtsv7M4_T_le_v4SPD16_eabi.lib : div0.asm.obj (.text)
                  00000bfe    00000002     --HOLE-- [fill = 0]
                  00000c00    00000140     timers.obj (.text:prvProcessReceivedCommands)
                  00000d40    00000128     tasks.obj (.text:xTaskRemoveFromEventList)
                  00000e68    00000124     sysctl.obj (.text:SysCtlClockGet)
                  00000f8c    00000004     --HOLE-- [fill = 0]
                  00000f90    00000124     port.obj (.text:xPortStartScheduler)
                  000010b4    00000004     --HOLE-- [fill = 0]
                  000010b8    000000fc     sysctl.obj (.text:SysCtlClockSet)
                  000011b4    00000004     --HOLE-- [fill = 0]
                  000011b8    000000f4     queue.obj (.text:xQueueGenericReset)
                  000012ac    00000004     --HOLE-- [fill = 0]
                  000012b0    000000ec     tasks.obj (.text:xTaskPriorityDisinherit)
                  0000139c    00000004     --HOLE-- [fill = 0]
                  000013a0    000000e4     tasks.obj (.text:prvAddNewTaskToReadyList)
                  00001484    000000da     portasm.obj (.text)
                  0000155e    00000002     --HOLE-- [fill = 0]
                  00001560    000000bc     queue.obj (.text:prvNotifyQueueSetContainer)
                  0000161c    00000004     --HOLE-- [fill = 0]
                  00001620    000000b8     lib_uart.obj (.text:LIB_UART_PrintfInit)
                  000016d8    000000b4     tasks.obj (.text:prvInitialiseNewTask)
                  0000178c    00000004     --HOLE-- [fill = 0]
                  00001790    000000b0     tasks.obj (.text:prvAddCurrentTaskToDelayedList)
                  00001840    000000ac     heap_4.obj (.text:vPortFree)
                  000018ec    00000004     --HOLE-- [fill = 0]
                  000018f0    000000ac     tasks.obj (.text:xTaskCheckForTimeOut)
                  0000199c    00000004     --HOLE-- [fill = 0]
                  000019a0    000000a0     tasks.obj (.text:vTaskSwitchContext)
                  00001a40    0000009c     rtsv7M4_T_le_v4SPD16_eabi.lib : memcpy_t2.asm.obj (.text)
                  00001adc    00000004     --HOLE-- [fill = 0]
                  00001ae0    00000094     tasks.obj (.text:vTaskStartScheduler)
                  00001b74    00000004     --HOLE-- [fill = 0]
                  00001b78    00000084     lib_EXTIisrmanagement.obj (.text:GPIOB_ISR_Handle)
                  00001bfc    00000004     --HOLE-- [fill = 0]
                  00001c00    00000084     lib_EXTIisrmanagement.obj (.text:GPIOD_ISR_Handle)
                  00001c84    00000004     --HOLE-- [fill = 0]
                  00001c88    00000084     lib_EXTIisrmanagement.obj (.text:GPIOE_ISR_Handle)
                  00001d0c    00000004     --HOLE-- [fill = 0]
                  00001d10    00000084     port.obj (.text:vPortEnterCritical)
                  00001d94    00000004     --HOLE-- [fill = 0]
                  00001d98    00000084     queue.obj (.text:vQueueAddToRegistry)
                  00001e1c    00000004     --HOLE-- [fill = 0]
                  00001e20    00000084     tasks.obj (.text:vTaskPlaceOnEventListRestricted)
                  00001ea4    00000004     --HOLE-- [fill = 0]
                  00001ea8    00000084     timers.obj (.text:xTimerCreateTimerTask)
                  00001f2c    00000004     --HOLE-- [fill = 0]
                  00001f30    00000082     queue.obj (.text:prvCopyDataToQueue)
                  00001fb2    00000006     --HOLE-- [fill = 0]
                  00001fb8    00000080     lib_EXTIisrmanagement.obj (.text:GPIOA_ISR_Handle)
                  00002038    00000080     lib_EXTIisrmanagement.obj (.text:GPIOC_ISR_Handle)
                  000020b8    00000080     lib_EXTIisrmanagement.obj (.text:GPIOF_ISR_Handle)
                  00002138    00000080     queue.obj (.text:xQueueGenericCreate)
                  000021b8    0000007a     rtsv7M4_T_le_v4SPD16_eabi.lib : memset_t2.asm.obj (.text)
                  00002232    00000006     --HOLE-- [fill = 0]
                  00002238    00000078     interrupt.obj (.text:IntEnable)
                  000022b0    00000078     port.obj (.text:prvTaskExitError)
                  00002328    00000078     tasks.obj (.text:vTaskDelay)
                  000023a0    00000074     timers.obj (.text:prvProcessTimerOrBlockTask)
                  00002414    00000004     --HOLE-- [fill = 0]
                  00002418    00000070     queue.obj (.text:prvUnlockQueue)
                  00002488    00000070     port.obj (.text:vPortExitCritical)
                  000024f8    0000006a     tasks.obj (.text:xTaskCreate)
                  00002562    00000068     rtsv7M4_T_le_v4SPD16_eabi.lib : copy_decompress_lzss.c.obj (.text:decompress:lzss:__TI_decompress_lzss)
                  000025ca    00000006     --HOLE-- [fill = 0]
                  000025d0    00000060     uartstdio.obj (.text:UARTStdioConfig)
                  00002630    00000060     tasks.obj (.text:prvInitialiseTaskLists)
                  00002690    00000060     tasks.obj (.text:vTaskPlaceOnEventList)
                  000026f0    0000005c     timers.obj (.text:prvCheckForValidListAndQueue)
                  0000274c    00000004     --HOLE-- [fill = 0]
                  00002750    0000005c     heap_4.obj (.text:prvHeapInit)
                  000027ac    00000004     --HOLE-- [fill = 0]
                  000027b0    00000058     uartstdio.obj (.text:UARTwrite)
                  00002808    00000050     heap_4.obj (.text:prvInsertBlockIntoFreeList)
                  00002858    0000004c     gpio.obj (.text:GPIOPinConfigure)
                  000028a4    00000004     --HOLE-- [fill = 0]
                  000028a8    00000048     tasks.obj (.text:prvCheckTasksWaitingTermination)
                  000028f0    00000048     queue.obj (.text:vQueueWaitForMessageRestricted)
                  00002938    00000044     rtsv7M4_T_le_v4SPD16_eabi.lib : autoinit.c.obj (.text:__TI_auto_init_nobinit_nopinit:__TI_auto_init_nobinit_nopinit)
                  0000297c    00000004     --HOLE-- [fill = 0]
                  00002980    00000044     timers.obj (.text:prvInsertTimerInActiveList)
                  000029c4    00000004     --HOLE-- [fill = 0]
                  000029c8    00000040     timers.obj (.text:prvProcessExpiredTimer)
                  00002a08    00000040     rtsv7M4_T_le_v4SPD16_eabi.lib : u_divt2.asm.obj (.text)
                  00002a48    0000003a     list.obj (.text:vListInsert)
                  00002a82    00000006     --HOLE-- [fill = 0]
                  00002a88    00000038     sysctl.obj (.text:SysCtlPeripheralReady)
                  00002ac0    00000034     sysctl.obj (.text:SysCtlPeripheralEnable)
                  00002af4    00000034     rtsv7M4_T_le_v4SPD16_eabi.lib : boot_cortex_m.c.obj (.text:_c_int00_noargs:_c_int00_noargs)
                  00002b28    00000030     freertos.obj (.text:FreeRTOS_CreateTasks)
                  00002b58    00000030     freertos.obj (.text:TestTask)
                  00002b88    00000030     tasks.obj (.text:prvIdleTask)
                  00002bb8    00000030     timers.obj (.text:prvReloadTimer)
                  00002be8    00000030     timers.obj (.text:prvSwitchTimerLists)
                  00002c18    0000002c     lib_ADCisrmanagement.obj (.text:ADC0S0IsrHandler)
                  00002c44    00000004     --HOLE-- [fill = 0]
                  00002c48    0000002c     gpio.obj (.text:GPIODirModeSet)
                  00002c74    00000004     --HOLE-- [fill = 0]
                  00002c78    0000002c     port.obj (.text:pxPortInitialiseStack)
                  00002ca4    00000004     --HOLE-- [fill = 0]
                  00002ca8    0000002c     port.obj (.text:xPortSysTickHandler)
                  00002cd4    00000004     --HOLE-- [fill = 0]
                  00002cd8    00000028     lib_TIMERisrmanagement.obj (.text:TIMER0B_ISR_Handle)
                  00002d00    00000028     lib_TIMERisrmanagement.obj (.text:TIMER1A_ISR_Handle)
                  00002d28    00000028     lib_TIMERisrmanagement.obj (.text:TIMER1B_ISR_Handle)
                  00002d50    00000028     lib_TIMERisrmanagement.obj (.text:TIMER2A_ISR_Handle)
                  00002d78    00000028     lib_TIMERisrmanagement.obj (.text:TIMER2B_ISR_Handle)
                  00002da0    00000028     lib_TIMERisrmanagement.obj (.text:TIMER3A_ISR_Handle)
                  00002dc8    00000028     lib_TIMERisrmanagement.obj (.text:TIMER3B_ISR_Handle)
                  00002df0    00000028     lib_TIMERisrmanagement.obj (.text:TIMER4A_ISR_Handle)
                  00002e18    00000028     lib_TIMERisrmanagement.obj (.text:TIMER4B_ISR_Handle)
                  00002e40    00000028     lib_TIMERisrmanagement.obj (.text:TIMER5A_ISR_Handle)
                  00002e68    00000028     lib_TIMERisrmanagement.obj (.text:TIMER5B_ISR_Handle)
                  00002e90    00000028     lib_UARTisrmanagement.obj (.text:UART1_ISR_Handle)
                  00002eb8    00000028     lib_UARTisrmanagement.obj (.text:UART2_ISR_Handle)
                  00002ee0    00000028     lib_UARTisrmanagement.obj (.text:UART3_ISR_Handle)
                  00002f08    00000028     lib_UARTisrmanagement.obj (.text:UART4_ISR_Handle)
                  00002f30    00000028     lib_UARTisrmanagement.obj (.text:UART5_ISR_Handle)
                  00002f58    00000028     lib_UARTisrmanagement.obj (.text:UART6_ISR_Handle)
                  00002f80    00000028     lib_UARTisrmanagement.obj (.text:UART7_ISR_Handle)
                  00002fa8    00000028     tasks.obj (.text:prvCreateIdleTasks)
                  00002fd0    00000028     timers.obj (.text:prvSampleTimeNow)
                  00002ff8    00000026     queue.obj (.text:prvCopyDataFromQueue)
                  0000301e    00000002     --HOLE-- [fill = 0]
                  00003020    00000026     list.obj (.text:uxListRemove)
                  00003046    00000002     --HOLE-- [fill = 0]
                  00003048    00000024     adc.obj (.text:ADCSequenceDataGet)
                  0000306c    00000004     --HOLE-- [fill = 0]
                  00003070    00000024     lib_TIMERisrmanagement.obj (.text:TIMER0A_ISR_Handle)
                  00003094    00000004     --HOLE-- [fill = 0]
                  00003098    00000024     lib_UARTisrmanagement.obj (.text:UART0_ISR_Handle)
                  000030bc    00000004     --HOLE-- [fill = 0]
                  000030c0    00000024     tasks.obj (.text:prvResetNextTaskUnblockTime)
                  000030e4    00000004     --HOLE-- [fill = 0]
                  000030e8    00000020     timers.obj (.text:prvGetNextExpireTime)
                  00003108    00000020     tasks.obj (.text:xTaskGetSchedulerState)
                  00003128    0000001e     main.obj (.text:main)
                  00003146    00000002     --HOLE-- [fill = 0]
                  00003148    0000001c     lib_clock.obj (.text:LIB_CLOCK_MainClockSet)
                  00003164    00000004     --HOLE-- [fill = 0]
                  00003168    0000001c     lib_QEIisrmanagement.obj (.text:QEI0_ISR_Handle)
                  00003184    00000004     --HOLE-- [fill = 0]
                  00003188    0000001c     lib_QEIisrmanagement.obj (.text:QEI1_ISR_Handle)
                  000031a4    00000004     --HOLE-- [fill = 0]
                  000031a8    0000001c     queue.obj (.text:prvInitialiseNewQueue)
                  000031c4    00000004     --HOLE-- [fill = 0]
                  000031c8    0000001c     port.obj (.text:vPortSetupTimerInterrupt)
                  000031e4    00000004     --HOLE-- [fill = 0]
                  000031e8    0000001a     uartstdio.obj (.text:UARTprintf)
                  00003202    00000006     --HOLE-- [fill = 0]
                  00003208    0000001a     queue.obj (.text:prvIsQueueEmpty)
                  00003222    00000006     --HOLE-- [fill = 0]
                  00003228    0000001a     timers.obj (.text:prvTimerTask)
                  00003242    00000006     --HOLE-- [fill = 0]
                  00003248    00000018     tasks.obj (.text:vTaskInternalSetTimeOutState)
                  00003260    00000016     gpio.obj (.text:GPIOPinTypeUART)
                  00003276    00000002     --HOLE-- [fill = 0]
                  00003278    00000016     list.obj (.text:vListInitialise)
                  0000328e    00000002     --HOLE-- [fill = 0]
                  00003290    00000014     lib_clock.obj (.text:LIB_CLOCK_PeripheralClockEnable)
                  000032a4    00000004     --HOLE-- [fill = 0]
                  000032a8    00000012     tasks.obj (.text:prvDeleteTCB)
                  000032ba    00000006     --HOLE-- [fill = 0]
                  000032c0    00000010     interrupt.obj (.text:IntMasterEnable)
                  000032d0    00000010     main.obj (.text:systick_ISR_Handle)
                  000032e0    00000010     tasks.obj (.text:vTaskSuspendAll)
                  000032f0    0000000e     gpio.obj (.text:GPIOIntStatus)
                  000032fe    0000000e     rtsv7M4_T_le_v4SPD16_eabi.lib : copy_decompress_none.c.obj (.text:decompress:none:__TI_decompress_none)
                  0000330c    00000004     --HOLE-- [fill = 0]
                  00003310    0000000c     cpu.obj (.text:CPUcpsie)
                  0000331c    0000000c     rtsv7M4_T_le_v4SPD16_eabi.lib : copy_zero_init.c.obj (.text:decompress:ZI:__TI_zero_init)
                  00003328    0000000c     tasks.obj (.text:uxTaskGetNumberOfTasks)
                  00003334    00000004     --HOLE-- [fill = 0]
                  00003338    0000000c     tasks.obj (.text:vTaskMissedYield)
                  00003344    00000004     --HOLE-- [fill = 0]
                  00003348    0000000c     tasks.obj (.text:xTaskGetTickCount)
                  00003354    00000004     --HOLE-- [fill = 0]
                  00003358    0000000a     adc.obj (.text:ADCIntClear)
                  00003362    00000006     --HOLE-- [fill = 0]
                  00003368    0000000a     timer.obj (.text:TimerIntStatus)
                  00003372    00000006     --HOLE-- [fill = 0]
                  00003378    0000000a     uart.obj (.text:UARTIntStatus)
                  00003382    00000006     --HOLE-- [fill = 0]
                  00003388    00000008     uart.obj (.text:UARTIntEnable)
                  00003390    00000006     gpio.obj (.text:GPIOIntClear)
                  00003396    00000002     --HOLE-- [fill = 0]
                  00003398    00000006     startup_ccs.obj (.text:ResetISR)
                  0000339e    00000002     --HOLE-- [fill = 0]
                  000033a0    00000006     uart.obj (.text:UARTClockSourceSet)
                  000033a6    00000002     --HOLE-- [fill = 0]
                  000033a8    00000006     list.obj (.text:vListInitialiseItem)
                  000033ae    00000002     --HOLE-- [fill = 0]
                  000033b0    00000004     qei.obj (.text:QEIIntClear)
                  000033b4    00000004     --HOLE-- [fill = 0]
                  000033b8    00000004     timer.obj (.text:TimerIntClear)
                  000033bc    00000004     --HOLE-- [fill = 0]
                  000033c0    00000004     uart.obj (.text:UARTIntClear)
                  000033c4    00000004     --HOLE-- [fill = 0]
                  000033c8    00000002     startup_ccs.obj (.text:FaultISR)
                  000033ca    00000006     --HOLE-- [fill = 0]
                  000033d0    00000002     startup_ccs.obj (.text:IntDefaultHandler)
                  000033d2    00000006     --HOLE-- [fill = 0]
                  000033d8    00000002     startup_ccs.obj (.text:NmiSR)
                  000033da    00000006     --HOLE-- [fill = 0]
                  000033e0    00000002     lib_EXTIisrmanagement.obj (.text:__nop)

.const     0    000033e4    00000134     
                  000033e4    00000090     gpio.obj (.const:g_pui32GPIOBaseAddrs)
                  00003474    0000006c     sysctl.obj (.const:g_pui32Xtals)
                  000034e0    00000014     interrupt.obj (.const:g_pui32EnRegs)
                  000034f4    0000000c     uartstdio.obj (.const:g_ui32UARTBase)
                  00003500    0000000c     uartstdio.obj (.const:g_ui32UARTPeriph)
                  0000350c    00000008     port.obj (.const)
                  00003514    00000004     tasks.obj (.const)

.cinit     0    00003518    00000038     
                  00003518    00000014     (.cinit..data.load) [load image, compression = lzss]
                  0000352c    0000000c     (__TI_handler_table)
                  00003538    00000008     (.cinit..bss.load) [load image, compression = zero_init]
                  00003540    00000010     (__TI_cinit_table)

.init_array 
*          0    00000000    00000000     UNINITIALIZED

.stack     0    20000000    00002000     UNINITIALIZED
                  20000000    00000004     rtsv7M4_T_le_v4SPD16_eabi.lib : boot_cortex_m.c.obj (.stack)
                  20000004    00001ffc     --HOLE--

.sysmem    0    20002000    00002000     UNINITIALIZED
                  20002000    00000010     rtsv7M4_T_le_v4SPD16_eabi.lib : memory.c.obj (.sysmem)
                  20002010    00001ff0     --HOLE--

.data      0    20004000    00000184     UNINITIALIZED
                  20004000    000000c0     lib_EXTIisrmanagement.obj (.data:ExtiIsrHandleTable)
                  200040c0    00000030     lib_TIMERisrmanagement.obj (.data:TimerIsrHandleTable)
                  200040f0    0000002c     tasks.obj (.data)
                  2000411c    00000020     lib_UARTisrmanagement.obj (.data:UartIsrHandleTable)
                  2000413c    00000014     heap_4.obj (.data)
                  20004150    0000000c     port.obj (.data)
                  2000415c    0000000c     timers.obj (.data)
                  20004168    00000008     lib_QEIisrmanagement.obj (.data:QeiIsrHandleTable)
                  20004170    00000005     uartstdio.obj (.data)
                  20004175    00000001     lib_ADCisrmanagement.obj (.data)
                  20004176    00000002     --HOLE--
                  20004178    00000004     freertos.obj (.data)
                  2000417c    00000004     lib_clock.obj (.data)
                  20004180    00000004     tasks.obj (.data:xYieldPendings)

MODULE SUMMARY

       Module                       code    ro data   rw data
       ------                       ----    -------   -------
    .\
       startup_ccs.obj              12      620       0      
       freertos.obj                 96      0         4      
       main.obj                     46      0         0      
    +--+----------------------------+-------+---------+---------+
       Total:                       154     620       4      
                                                             
    .\RTOS\FreeRTOS-Kernel\
       tasks.obj                    3300    4         48     
       queue.obj                    1458    0         0      
       timers.obj                   986     0         12     
       list.obj                     124     0         0      
    +--+----------------------------+-------+---------+---------+
       Total:                       5868    4         60     
                                                             
    .\RTOS\FreeRTOS-Kernel\portable\CCS\ARM_CM4F\
       port.obj                     772     8         12     
       portasm.obj                  218     0         0      
    +--+----------------------------+-------+---------+---------+
       Total:                       990     8         12     
                                                             
    .\RTOS\FreeRTOS-Kernel\portable\MemMang\
       heap_4.obj                   676     0         20     
    +--+----------------------------+-------+---------+---------+
       Total:                       676     0         20     
                                                             
    .\TM4C123GH6PM_library\clock\
       lib_clock.obj                48      0         4      
    +--+----------------------------+-------+---------+---------+
       Total:                       48      0         4      
                                                             
    .\TM4C123GH6PM_library\isr_anagement\
       lib_EXTIisrmanagement.obj    782     0         192    
       lib_TIMERisrmanagement.obj   476     0         48     
       lib_UARTisrmanagement.obj    316     0         32     
       lib_QEIisrmanagement.obj     56      0         8      
       lib_ADCisrmanagement.obj     44      0         1      
    +--+----------------------------+-------+---------+---------+
       Total:                       1674    0         281    
                                                             
    .\TM4C123GH6PM_library\uart\
       lib_uart.obj                 184     0         0      
    +--+----------------------------+-------+---------+---------+
       Total:                       184     0         0      
                                                             
    .\driverlib\
       sysctl.obj                   658     108       0      
       gpio.obj                     530     144       0      
       interrupt.obj                136     20        0      
       adc.obj                      46      0         0      
       uart.obj                     28      0         0      
       timer.obj                    14      0         0      
       cpu.obj                      12      0         0      
       qei.obj                      4       0         0      
    +--+----------------------------+-------+---------+---------+
       Total:                       1428    272       0      
                                                             
    .\utils\
       uartstdio.obj                748     24        5      
    +--+----------------------------+-------+---------+---------+
       Total:                       748     24        5      
                                                             
    C:\ti\ccs1220\ccs\tools\compiler\ti-cgt-arm_18.12.8.LTS\lib\rtsv7M4_T_le_v4SPD16_eabi.lib
       memcpy_t2.asm.obj            156     0         0      
       memset_t2.asm.obj            122     0         0      
       copy_decompress_lzss.c.obj   104     0         0      
       autoinit.c.obj               68      0         0      
       u_divt2.asm.obj              64      0         0      
       boot_cortex_m.c.obj          52      0         0      
       copy_decompress_none.c.obj   14      0         0      
       copy_zero_init.c.obj         12      0         0      
       exit.c.obj                   4       0         0      
       pre_init.c.obj               4       0         0      
       div0.asm.obj                 2       0         0      
    +--+----------------------------+-------+---------+---------+
       Total:                       602     0         0      
                                                             
       Heap:                        0       0         8192   
       Stack:                       0       0         8192   
       Linker Generated:            0       56        0      
    +--+----------------------------+-------+---------+---------+
       Grand Total:                 12372   984       16770  


LINKER GENERATED COPY TABLES

__TI_cinit_table @ 00003540 records: 2, size/record: 8, table size: 16
	.data: load addr=00003518, load size=00000014 bytes, run addr=20004000, run size=00000184 bytes, compression=lzss
	.bss: load addr=00003538, load size=00000008 bytes, run addr=00000000, run size=00010398 bytes, compression=zero_init


LINKER GENERATED HANDLER TABLE

__TI_handler_table @ 0000352c records: 3, size/record: 4, table size: 12
	index: 0, handler: __TI_decompress_lzss
	index: 1, handler: __TI_decompress_none
	index: 2, handler: __TI_zero_init


GLOBAL SYMBOLS: SORTED ALPHABETICALLY BY Name 

address   name                           
-------   ----                           
00002c19  ADC0S0IsrHandler               
00003359  ADCIntClear                    
00003049  ADCSequenceDataGet             
20004175  AdcSequenceSamplingFlage       
000102d0  AdcSequenceSamplingValueBuffer 
000007d5  C$$EXIT                        
2000417c  CPU_F                          
00003311  CPUcpsie                       
20004000  ExtiIsrHandleTable             
00002b29  FreeRTOS_CreateTasks           
00001fb9  GPIOA_ISR_Handle               
00001b79  GPIOB_ISR_Handle               
00002039  GPIOC_ISR_Handle               
00001c01  GPIOD_ISR_Handle               
00002c49  GPIODirModeSet                 
00001c89  GPIOE_ISR_Handle               
000020b9  GPIOF_ISR_Handle               
00003391  GPIOIntClear                   
000032f1  GPIOIntStatus                  
000007d9  GPIOPadConfigSet               
00002859  GPIOPinConfigure               
00003261  GPIOPinTypeUART                
00002239  IntEnable                      
000032c1  IntMasterEnable                
00003149  LIB_CLOCK_MainClockSet         
00003291  LIB_CLOCK_PeripheralClockEnable
00001621  LIB_UART_PrintfInit            
00003169  QEI0_ISR_Handle                
00003189  QEI1_ISR_Handle                
000033b1  QEIIntClear                    
20004168  QeiIsrHandleTable              
00003399  ResetISR                       
00000e69  SysCtlClockGet                 
000010b9  SysCtlClockSet                 
0000048b  SysCtlDelay                    
00002ac1  SysCtlPeripheralEnable         
00002a89  SysCtlPeripheralReady          
00003071  TIMER0A_ISR_Handle             
00002cd9  TIMER0B_ISR_Handle             
00002d01  TIMER1A_ISR_Handle             
00002d29  TIMER1B_ISR_Handle             
00002d51  TIMER2A_ISR_Handle             
00002d79  TIMER2B_ISR_Handle             
00002da1  TIMER3A_ISR_Handle             
00002dc9  TIMER3B_ISR_Handle             
00002df1  TIMER4A_ISR_Handle             
00002e19  TIMER4B_ISR_Handle             
00002e41  TIMER5A_ISR_Handle             
00002e69  TIMER5B_ISR_Handle             
00002b59  TestTask                       
20004178  TestTask_Handle                
000033b9  TimerIntClear                  
00003369  TimerIntStatus                 
200040c0  TimerIsrHandleTable            
00003099  UART0_ISR_Handle               
00002e91  UART1_ISR_Handle               
00002eb9  UART2_ISR_Handle               
00002ee1  UART3_ISR_Handle               
00002f09  UART4_ISR_Handle               
00002f31  UART5_ISR_Handle               
00002f59  UART6_ISR_Handle               
00002f81  UART7_ISR_Handle               
000033a1  UARTClockSourceSet             
000033c1  UARTIntClear                   
00003389  UARTIntEnable                  
00003379  UARTIntStatus                  
000025d1  UARTStdioConfig                
000031e9  UARTprintf                     
00000271  UARTvprintf                    
000027b1  UARTwrite                      
2000411c  UartIsrHandleTable             
20002000  __STACK_END                    
00002000  __STACK_SIZE                   
20000200  __STACK_TOP                    
00002000  __SYSMEM_SIZE                  
00003540  __TI_CINIT_Base                
00003550  __TI_CINIT_Limit               
0000352c  __TI_Handler_Table_Base        
00003538  __TI_Handler_Table_Limit       
00002939  __TI_auto_init_nobinit_nopinit 
00002563  __TI_decompress_lzss           
000032ff  __TI_decompress_none           
ffffffff  __TI_pprof_out_hndl            
ffffffff  __TI_prof_data_size            
ffffffff  __TI_prof_data_start           
00000000  __TI_static_base__             
0000331d  __TI_zero_init                 
00000bfd  __aeabi_idiv0                  
00000bfd  __aeabi_ldiv0                  
000021b9  __aeabi_memclr                 
000021b9  __aeabi_memclr4                
000021b9  __aeabi_memclr8                
00001a41  __aeabi_memcpy                 
00001a41  __aeabi_memcpy4                
00001a41  __aeabi_memcpy8                
000021bb  __aeabi_memset                 
000021bb  __aeabi_memset4                
000021bb  __aeabi_memset8                
00002a09  __aeabi_uidiv                  
00002a09  __aeabi_uidivmod               
ffffffff  __binit__                      
ffffffff  __c_args__                     
UNDEFED   __mpu_init                     
000033e1  __nop                          
20000000  __stack                        
00002af5  _c_int00_noargs                
20002000  _sys_memory                    
UNDEFED   _system_post_cinit             
00000645  _system_pre_init               
000007d5  abort                          
ffffffff  binit                          
00000000  g_pfnVectors                   
00003129  main                           
00001a41  memcpy                         
000021c1  memset                         
00000ab1  pvPortMalloc                   
200040f0  pxCurrentTCB                   
00002c79  pxPortInitialiseStack          
000032d1  systick_ISR_Handle             
0000350c  ulMaxSyscallInterruptPriority  
00001495  ulPortGetIPSR                  
00003021  uxListRemove                   
00003329  uxTaskGetNumberOfTasks         
00003514  uxTopUsedPriority              
00003279  vListInitialise                
000033a9  vListInitialiseItem            
00002a49  vListInsert                    
00001551  vPortEnableVFP                 
00001d11  vPortEnterCritical             
00002489  vPortExitCritical              
00001841  vPortFree                      
0000150d  vPortSVCHandler                
000031c9  vPortSetupTimerInterrupt       
0000152d  vPortStartFirstTask            
00001d99  vQueueAddToRegistry            
000028f1  vQueueWaitForMessageRestricted 
00002329  vTaskDelay                     
00003249  vTaskInternalSetTimeOutState   
00003339  vTaskMissedYield               
00002691  vTaskPlaceOnEventList          
00001e21  vTaskPlaceOnEventListRestricted
00001ae1  vTaskStartScheduler            
000032e1  vTaskSuspendAll                
000019a1  vTaskSwitchContext             
000014ad  xPortPendSVHandler             
00000f91  xPortStartScheduler            
00002ca9  xPortSysTickHandler            
00002139  xQueueGenericCreate            
000011b9  xQueueGenericReset             
00000949  xQueueReceive                  
00010280  xQueueRegistry                 
000018f1  xTaskCheckForTimeOut           
000024f9  xTaskCreate                    
00003109  xTaskGetSchedulerState         
00003349  xTaskGetTickCount              
00000491  xTaskIncrementTick             
000012b1  xTaskPriorityDisinherit        
00000d41  xTaskRemoveFromEventList       
00000649  xTaskResumeAll                 
00001ea9  xTimerCreateTimerTask          


GLOBAL SYMBOLS: SORTED BY Symbol Address 

address   name                           
-------   ----                           
00000000  __TI_static_base__             
00000000  g_pfnVectors                   
00000271  UARTvprintf                    
0000048b  SysCtlDelay                    
00000491  xTaskIncrementTick             
00000645  _system_pre_init               
00000649  xTaskResumeAll                 
000007d5  C$$EXIT                        
000007d5  abort                          
000007d9  GPIOPadConfigSet               
00000949  xQueueReceive                  
00000ab1  pvPortMalloc                   
00000bfd  __aeabi_idiv0                  
00000bfd  __aeabi_ldiv0                  
00000d41  xTaskRemoveFromEventList       
00000e69  SysCtlClockGet                 
00000f91  xPortStartScheduler            
000010b9  SysCtlClockSet                 
000011b9  xQueueGenericReset             
000012b1  xTaskPriorityDisinherit        
00001495  ulPortGetIPSR                  
000014ad  xPortPendSVHandler             
0000150d  vPortSVCHandler                
0000152d  vPortStartFirstTask            
00001551  vPortEnableVFP                 
00001621  LIB_UART_PrintfInit            
00001841  vPortFree                      
000018f1  xTaskCheckForTimeOut           
000019a1  vTaskSwitchContext             
00001a41  __aeabi_memcpy                 
00001a41  __aeabi_memcpy4                
00001a41  __aeabi_memcpy8                
00001a41  memcpy                         
00001ae1  vTaskStartScheduler            
00001b79  GPIOB_ISR_Handle               
00001c01  GPIOD_ISR_Handle               
00001c89  GPIOE_ISR_Handle               
00001d11  vPortEnterCritical             
00001d99  vQueueAddToRegistry            
00001e21  vTaskPlaceOnEventListRestricted
00001ea9  xTimerCreateTimerTask          
00001fb9  GPIOA_ISR_Handle               
00002000  __STACK_SIZE                   
00002000  __SYSMEM_SIZE                  
00002039  GPIOC_ISR_Handle               
000020b9  GPIOF_ISR_Handle               
00002139  xQueueGenericCreate            
000021b9  __aeabi_memclr                 
000021b9  __aeabi_memclr4                
000021b9  __aeabi_memclr8                
000021bb  __aeabi_memset                 
000021bb  __aeabi_memset4                
000021bb  __aeabi_memset8                
000021c1  memset                         
00002239  IntEnable                      
00002329  vTaskDelay                     
00002489  vPortExitCritical              
000024f9  xTaskCreate                    
00002563  __TI_decompress_lzss           
000025d1  UARTStdioConfig                
00002691  vTaskPlaceOnEventList          
000027b1  UARTwrite                      
00002859  GPIOPinConfigure               
000028f1  vQueueWaitForMessageRestricted 
00002939  __TI_auto_init_nobinit_nopinit 
00002a09  __aeabi_uidiv                  
00002a09  __aeabi_uidivmod               
00002a49  vListInsert                    
00002a89  SysCtlPeripheralReady          
00002ac1  SysCtlPeripheralEnable         
00002af5  _c_int00_noargs                
00002b29  FreeRTOS_CreateTasks           
00002b59  TestTask                       
00002c19  ADC0S0IsrHandler               
00002c49  GPIODirModeSet                 
00002c79  pxPortInitialiseStack          
00002ca9  xPortSysTickHandler            
00002cd9  TIMER0B_ISR_Handle             
00002d01  TIMER1A_ISR_Handle             
00002d29  TIMER1B_ISR_Handle             
00002d51  TIMER2A_ISR_Handle             
00002d79  TIMER2B_ISR_Handle             
00002da1  TIMER3A_ISR_Handle             
00002dc9  TIMER3B_ISR_Handle             
00002df1  TIMER4A_ISR_Handle             
00002e19  TIMER4B_ISR_Handle             
00002e41  TIMER5A_ISR_Handle             
00002e69  TIMER5B_ISR_Handle             
00002e91  UART1_ISR_Handle               
00002eb9  UART2_ISR_Handle               
00002ee1  UART3_ISR_Handle               
00002f09  UART4_ISR_Handle               
00002f31  UART5_ISR_Handle               
00002f59  UART6_ISR_Handle               
00002f81  UART7_ISR_Handle               
00003021  uxListRemove                   
00003049  ADCSequenceDataGet             
00003071  TIMER0A_ISR_Handle             
00003099  UART0_ISR_Handle               
00003109  xTaskGetSchedulerState         
00003129  main                           
00003149  LIB_CLOCK_MainClockSet         
00003169  QEI0_ISR_Handle                
00003189  QEI1_ISR_Handle                
000031c9  vPortSetupTimerInterrupt       
000031e9  UARTprintf                     
00003249  vTaskInternalSetTimeOutState   
00003261  GPIOPinTypeUART                
00003279  vListInitialise                
00003291  LIB_CLOCK_PeripheralClockEnable
000032c1  IntMasterEnable                
000032d1  systick_ISR_Handle             
000032e1  vTaskSuspendAll                
000032f1  GPIOIntStatus                  
000032ff  __TI_decompress_none           
00003311  CPUcpsie                       
0000331d  __TI_zero_init                 
00003329  uxTaskGetNumberOfTasks         
00003339  vTaskMissedYield               
00003349  xTaskGetTickCount              
00003359  ADCIntClear                    
00003369  TimerIntStatus                 
00003379  UARTIntStatus                  
00003389  UARTIntEnable                  
00003391  GPIOIntClear                   
00003399  ResetISR                       
000033a1  UARTClockSourceSet             
000033a9  vListInitialiseItem            
000033b1  QEIIntClear                    
000033b9  TimerIntClear                  
000033c1  UARTIntClear                   
000033e1  __nop                          
0000350c  ulMaxSyscallInterruptPriority  
00003514  uxTopUsedPriority              
0000352c  __TI_Handler_Table_Base        
00003538  __TI_Handler_Table_Limit       
00003540  __TI_CINIT_Base                
00003550  __TI_CINIT_Limit               
00010280  xQueueRegistry                 
000102d0  AdcSequenceSamplingValueBuffer 
20000000  __stack                        
20000200  __STACK_TOP                    
20002000  __STACK_END                    
20002000  _sys_memory                    
20004000  ExtiIsrHandleTable             
200040c0  TimerIsrHandleTable            
200040f0  pxCurrentTCB                   
2000411c  UartIsrHandleTable             
20004168  QeiIsrHandleTable              
20004175  AdcSequenceSamplingFlage       
20004178  TestTask_Handle                
2000417c  CPU_F                          
ffffffff  __TI_pprof_out_hndl            
ffffffff  __TI_prof_data_size            
ffffffff  __TI_prof_data_start           
ffffffff  __binit__                      
ffffffff  __c_args__                     
ffffffff  binit                          
UNDEFED   __mpu_init                     
UNDEFED   _system_post_cinit             

[160 symbols]
