<?xml version="1.0" encoding="ISO-8859-1" ?>
<link_info>
   <banner>TI ARM Linker PC v18.12.8.LTS</banner>
   <copyright>Copyright (c) 1996-2018 Texas Instruments Incorporated</copyright>
   <link_time>0x64e5015a</link_time>
   <link_errors>0x0</link_errors>
   <output_file>TM4C123GH6PM_FreeRTOS.out</output_file>
   <entry_point>
      <name>_c_int00_noargs</name>
      <address>0x2d8d</address>
   </entry_point>
   <input_file_list>
      <input_file id="fl-2">
         <path>.\</path>
         <kind>object</kind>
         <file>main.obj</file>
         <name>main.obj</name>
      </input_file>
      <input_file id="fl-3">
         <path>.\</path>
         <kind>object</kind>
         <file>startup_ccs.obj</file>
         <name>startup_ccs.obj</name>
      </input_file>
      <input_file id="fl-4">
         <path>.\Peripheral_library\CX20106A\</path>
         <kind>object</kind>
         <file>cx20106a.obj</file>
         <name>cx20106a.obj</name>
      </input_file>
      <input_file id="fl-5">
         <path>.\Peripheral_library\GANWEI-8Bit-photocell\</path>
         <kind>object</kind>
         <file>photocell.obj</file>
         <name>photocell.obj</name>
      </input_file>
      <input_file id="fl-6">
         <path>.\Peripheral_library\GY62\</path>
         <kind>object</kind>
         <file>gy62.obj</file>
         <name>gy62.obj</name>
      </input_file>
      <input_file id="fl-7">
         <path>.\Peripheral_library\HC-SR04\</path>
         <kind>object</kind>
         <file>hc-sr04.obj</file>
         <name>hc-sr04.obj</name>
      </input_file>
      <input_file id="fl-8">
         <path>.\Peripheral_library\OLED\</path>
         <kind>object</kind>
         <file>front.obj</file>
         <name>front.obj</name>
      </input_file>
      <input_file id="fl-9">
         <path>.\Peripheral_library\OLED\</path>
         <kind>object</kind>
         <file>oled.obj</file>
         <name>oled.obj</name>
      </input_file>
      <input_file id="fl-a">
         <path>.\Peripheral_library\TSL1401\</path>
         <kind>object</kind>
         <file>tsl1401.obj</file>
         <name>tsl1401.obj</name>
      </input_file>
      <input_file id="fl-b">
         <path>.\Peripheral_library\VL53L0x\</path>
         <kind>object</kind>
         <file>vl53l0x.obj</file>
         <name>vl53l0x.obj</name>
      </input_file>
      <input_file id="fl-c">
         <path>.\Structures_library\</path>
         <kind>object</kind>
         <file>linkedlist.obj</file>
         <name>linkedlist.obj</name>
      </input_file>
      <input_file id="fl-d">
         <path>.\TM4C123GH6PM_library\adc\</path>
         <kind>object</kind>
         <file>lib_adc.obj</file>
         <name>lib_adc.obj</name>
      </input_file>
      <input_file id="fl-e">
         <path>.\TM4C123GH6PM_library\clock\</path>
         <kind>object</kind>
         <file>lib_clock.obj</file>
         <name>lib_clock.obj</name>
      </input_file>
      <input_file id="fl-f">
         <path>.\TM4C123GH6PM_library\gpio\</path>
         <kind>object</kind>
         <file>lib_gpio.obj</file>
         <name>lib_gpio.obj</name>
      </input_file>
      <input_file id="fl-10">
         <path>.\TM4C123GH6PM_library\i2c\</path>
         <kind>object</kind>
         <file>lib_i2c.obj</file>
         <name>lib_i2c.obj</name>
      </input_file>
      <input_file id="fl-11">
         <path>.\TM4C123GH6PM_library\isr_anagement\</path>
         <kind>object</kind>
         <file>lib_ADCisrmanagement.obj</file>
         <name>lib_ADCisrmanagement.obj</name>
      </input_file>
      <input_file id="fl-12">
         <path>.\TM4C123GH6PM_library\isr_anagement\</path>
         <kind>object</kind>
         <file>lib_EXTIisrmanagement.obj</file>
         <name>lib_EXTIisrmanagement.obj</name>
      </input_file>
      <input_file id="fl-13">
         <path>.\TM4C123GH6PM_library\isr_anagement\</path>
         <kind>object</kind>
         <file>lib_QEIisrmanagement.obj</file>
         <name>lib_QEIisrmanagement.obj</name>
      </input_file>
      <input_file id="fl-14">
         <path>.\TM4C123GH6PM_library\isr_anagement\</path>
         <kind>object</kind>
         <file>lib_TIMERisrmanagement.obj</file>
         <name>lib_TIMERisrmanagement.obj</name>
      </input_file>
      <input_file id="fl-15">
         <path>.\TM4C123GH6PM_library\isr_anagement\</path>
         <kind>object</kind>
         <file>lib_UARTisrmanagement.obj</file>
         <name>lib_UARTisrmanagement.obj</name>
      </input_file>
      <input_file id="fl-16">
         <path>.\TM4C123GH6PM_library\pwm\</path>
         <kind>object</kind>
         <file>lib_pwm.obj</file>
         <name>lib_pwm.obj</name>
      </input_file>
      <input_file id="fl-17">
         <path>.\TM4C123GH6PM_library\qei\</path>
         <kind>object</kind>
         <file>lib_qei.obj</file>
         <name>lib_qei.obj</name>
      </input_file>
      <input_file id="fl-18">
         <path>.\TM4C123GH6PM_library\time\</path>
         <kind>object</kind>
         <file>lib_time.obj</file>
         <name>lib_time.obj</name>
      </input_file>
      <input_file id="fl-19">
         <path>.\TM4C123GH6PM_library\timer\</path>
         <kind>object</kind>
         <file>lib_timer.obj</file>
         <name>lib_timer.obj</name>
      </input_file>
      <input_file id="fl-1a">
         <path>.\TM4C123GH6PM_library\uart\</path>
         <kind>object</kind>
         <file>lib_uart.obj</file>
         <name>lib_uart.obj</name>
      </input_file>
      <input_file id="fl-1b">
         <path>.\driverlib\</path>
         <kind>object</kind>
         <file>adc.obj</file>
         <name>adc.obj</name>
      </input_file>
      <input_file id="fl-1c">
         <path>.\driverlib\</path>
         <kind>object</kind>
         <file>aes.obj</file>
         <name>aes.obj</name>
      </input_file>
      <input_file id="fl-1d">
         <path>.\driverlib\</path>
         <kind>object</kind>
         <file>can.obj</file>
         <name>can.obj</name>
      </input_file>
      <input_file id="fl-1e">
         <path>.\driverlib\</path>
         <kind>object</kind>
         <file>comp.obj</file>
         <name>comp.obj</name>
      </input_file>
      <input_file id="fl-1f">
         <path>.\driverlib\</path>
         <kind>object</kind>
         <file>cpu.obj</file>
         <name>cpu.obj</name>
      </input_file>
      <input_file id="fl-20">
         <path>.\driverlib\</path>
         <kind>object</kind>
         <file>crc.obj</file>
         <name>crc.obj</name>
      </input_file>
      <input_file id="fl-21">
         <path>.\driverlib\</path>
         <kind>object</kind>
         <file>des.obj</file>
         <name>des.obj</name>
      </input_file>
      <input_file id="fl-22">
         <path>.\driverlib\</path>
         <kind>object</kind>
         <file>eeprom.obj</file>
         <name>eeprom.obj</name>
      </input_file>
      <input_file id="fl-23">
         <path>.\driverlib\</path>
         <kind>object</kind>
         <file>emac.obj</file>
         <name>emac.obj</name>
      </input_file>
      <input_file id="fl-24">
         <path>.\driverlib\</path>
         <kind>object</kind>
         <file>epi.obj</file>
         <name>epi.obj</name>
      </input_file>
      <input_file id="fl-25">
         <path>.\driverlib\</path>
         <kind>object</kind>
         <file>epi_workaround_ccs.obj</file>
         <name>epi_workaround_ccs.obj</name>
      </input_file>
      <input_file id="fl-26">
         <path>.\driverlib\</path>
         <kind>object</kind>
         <file>flash.obj</file>
         <name>flash.obj</name>
      </input_file>
      <input_file id="fl-27">
         <path>.\driverlib\</path>
         <kind>object</kind>
         <file>fpu.obj</file>
         <name>fpu.obj</name>
      </input_file>
      <input_file id="fl-28">
         <path>.\driverlib\</path>
         <kind>object</kind>
         <file>gpio.obj</file>
         <name>gpio.obj</name>
      </input_file>
      <input_file id="fl-29">
         <path>.\driverlib\</path>
         <kind>object</kind>
         <file>hibernate.obj</file>
         <name>hibernate.obj</name>
      </input_file>
      <input_file id="fl-2a">
         <path>.\driverlib\</path>
         <kind>object</kind>
         <file>i2c.obj</file>
         <name>i2c.obj</name>
      </input_file>
      <input_file id="fl-2b">
         <path>.\driverlib\</path>
         <kind>object</kind>
         <file>interrupt.obj</file>
         <name>interrupt.obj</name>
      </input_file>
      <input_file id="fl-2c">
         <path>.\driverlib\</path>
         <kind>object</kind>
         <file>lcd.obj</file>
         <name>lcd.obj</name>
      </input_file>
      <input_file id="fl-2d">
         <path>.\driverlib\</path>
         <kind>object</kind>
         <file>mpu.obj</file>
         <name>mpu.obj</name>
      </input_file>
      <input_file id="fl-2e">
         <path>.\driverlib\</path>
         <kind>object</kind>
         <file>onewire.obj</file>
         <name>onewire.obj</name>
      </input_file>
      <input_file id="fl-2f">
         <path>.\driverlib\</path>
         <kind>object</kind>
         <file>pwm.obj</file>
         <name>pwm.obj</name>
      </input_file>
      <input_file id="fl-30">
         <path>.\driverlib\</path>
         <kind>object</kind>
         <file>qei.obj</file>
         <name>qei.obj</name>
      </input_file>
      <input_file id="fl-31">
         <path>.\driverlib\</path>
         <kind>object</kind>
         <file>shamd5.obj</file>
         <name>shamd5.obj</name>
      </input_file>
      <input_file id="fl-32">
         <path>.\driverlib\</path>
         <kind>object</kind>
         <file>ssi.obj</file>
         <name>ssi.obj</name>
      </input_file>
      <input_file id="fl-33">
         <path>.\driverlib\</path>
         <kind>object</kind>
         <file>sw_crc.obj</file>
         <name>sw_crc.obj</name>
      </input_file>
      <input_file id="fl-34">
         <path>.\driverlib\</path>
         <kind>object</kind>
         <file>sysctl.obj</file>
         <name>sysctl.obj</name>
      </input_file>
      <input_file id="fl-35">
         <path>.\driverlib\</path>
         <kind>object</kind>
         <file>sysexc.obj</file>
         <name>sysexc.obj</name>
      </input_file>
      <input_file id="fl-36">
         <path>.\driverlib\</path>
         <kind>object</kind>
         <file>systick.obj</file>
         <name>systick.obj</name>
      </input_file>
      <input_file id="fl-37">
         <path>.\driverlib\</path>
         <kind>object</kind>
         <file>timer.obj</file>
         <name>timer.obj</name>
      </input_file>
      <input_file id="fl-38">
         <path>.\driverlib\</path>
         <kind>object</kind>
         <file>uart.obj</file>
         <name>uart.obj</name>
      </input_file>
      <input_file id="fl-39">
         <path>.\driverlib\</path>
         <kind>object</kind>
         <file>udma.obj</file>
         <name>udma.obj</name>
      </input_file>
      <input_file id="fl-3a">
         <path>.\driverlib\</path>
         <kind>object</kind>
         <file>usb.obj</file>
         <name>usb.obj</name>
      </input_file>
      <input_file id="fl-3b">
         <path>.\driverlib\</path>
         <kind>object</kind>
         <file>watchdog.obj</file>
         <name>watchdog.obj</name>
      </input_file>
      <input_file id="fl-3c">
         <path>.\utils\</path>
         <kind>object</kind>
         <file>uartstdio.obj</file>
         <name>uartstdio.obj</name>
      </input_file>
      <input_file id="fl-3d">
         <path>.\utils\</path>
         <kind>object</kind>
         <file>ustdlib.obj</file>
         <name>ustdlib.obj</name>
      </input_file>
      <input_file id="fl-43">
         <kind>object</kind>
         <file>&lt;internal&gt;</file>
         <name>&lt;internal&gt;</name>
      </input_file>
      <input_file id="fl-f9">
         <path>C:\ti\ccs1220\ccs\tools\compiler\ti-cgt-arm_18.12.8.LTS\lib\</path>
         <kind>archive</kind>
         <file>rtsv7M4_T_le_v4SPD16_eabi.lib</file>
         <name>sprintf.c.obj</name>
      </input_file>
      <input_file id="fl-fa">
         <path>C:\ti\ccs1220\ccs\tools\compiler\ti-cgt-arm_18.12.8.LTS\lib\</path>
         <kind>archive</kind>
         <file>rtsv7M4_T_le_v4SPD16_eabi.lib</file>
         <name>u_divt2.asm.obj</name>
      </input_file>
      <input_file id="fl-fb">
         <path>C:\ti\ccs1220\ccs\tools\compiler\ti-cgt-arm_18.12.8.LTS\lib\</path>
         <kind>archive</kind>
         <file>rtsv7M4_T_le_v4SPD16_eabi.lib</file>
         <name>memset_t2.asm.obj</name>
      </input_file>
      <input_file id="fl-fc">
         <path>C:\ti\ccs1220\ccs\tools\compiler\ti-cgt-arm_18.12.8.LTS\lib\</path>
         <kind>archive</kind>
         <file>rtsv7M4_T_le_v4SPD16_eabi.lib</file>
         <name>fs_tod_t2.asm.obj</name>
      </input_file>
      <input_file id="fl-fd">
         <path>C:\ti\ccs1220\ccs\tools\compiler\ti-cgt-arm_18.12.8.LTS\lib\</path>
         <kind>archive</kind>
         <file>rtsv7M4_T_le_v4SPD16_eabi.lib</file>
         <name>memcpy_t2.asm.obj</name>
      </input_file>
      <input_file id="fl-fe">
         <path>C:\ti\ccs1220\ccs\tools\compiler\ti-cgt-arm_18.12.8.LTS\lib\</path>
         <kind>archive</kind>
         <file>rtsv7M4_T_le_v4SPD16_eabi.lib</file>
         <name>copy_zero_init.c.obj</name>
      </input_file>
      <input_file id="fl-ff">
         <path>C:\ti\ccs1220\ccs\tools\compiler\ti-cgt-arm_18.12.8.LTS\lib\</path>
         <kind>archive</kind>
         <file>rtsv7M4_T_le_v4SPD16_eabi.lib</file>
         <name>copy_decompress_none.c.obj</name>
      </input_file>
      <input_file id="fl-100">
         <path>C:\ti\ccs1220\ccs\tools\compiler\ti-cgt-arm_18.12.8.LTS\lib\</path>
         <kind>archive</kind>
         <file>rtsv7M4_T_le_v4SPD16_eabi.lib</file>
         <name>copy_decompress_lzss.c.obj</name>
      </input_file>
      <input_file id="fl-101">
         <path>C:\ti\ccs1220\ccs\tools\compiler\ti-cgt-arm_18.12.8.LTS\lib\</path>
         <kind>archive</kind>
         <file>rtsv7M4_T_le_v4SPD16_eabi.lib</file>
         <name>memory.c.obj</name>
      </input_file>
      <input_file id="fl-102">
         <path>C:\ti\ccs1220\ccs\tools\compiler\ti-cgt-arm_18.12.8.LTS\lib\</path>
         <kind>archive</kind>
         <file>rtsv7M4_T_le_v4SPD16_eabi.lib</file>
         <name>strlen.c.obj</name>
      </input_file>
      <input_file id="fl-103">
         <path>C:\ti\ccs1220\ccs\tools\compiler\ti-cgt-arm_18.12.8.LTS\lib\</path>
         <kind>archive</kind>
         <file>rtsv7M4_T_le_v4SPD16_eabi.lib</file>
         <name>boot_cortex_m.c.obj</name>
      </input_file>
      <input_file id="fl-104">
         <path>C:\ti\ccs1220\ccs\tools\compiler\ti-cgt-arm_18.12.8.LTS\lib\</path>
         <kind>archive</kind>
         <file>rtsv7M4_T_le_v4SPD16_eabi.lib</file>
         <name>_printfi.c.obj</name>
      </input_file>
      <input_file id="fl-105">
         <path>C:\ti\ccs1220\ccs\tools\compiler\ti-cgt-arm_18.12.8.LTS\lib\</path>
         <kind>archive</kind>
         <file>rtsv7M4_T_le_v4SPD16_eabi.lib</file>
         <name>s_frexp.c.obj</name>
      </input_file>
      <input_file id="fl-106">
         <path>C:\ti\ccs1220\ccs\tools\compiler\ti-cgt-arm_18.12.8.LTS\lib\</path>
         <kind>archive</kind>
         <file>rtsv7M4_T_le_v4SPD16_eabi.lib</file>
         <name>s_scalbn.c.obj</name>
      </input_file>
      <input_file id="fl-107">
         <path>C:\ti\ccs1220\ccs\tools\compiler\ti-cgt-arm_18.12.8.LTS\lib\</path>
         <kind>archive</kind>
         <file>rtsv7M4_T_le_v4SPD16_eabi.lib</file>
         <name>wcslen.c.obj</name>
      </input_file>
      <input_file id="fl-108">
         <path>C:\ti\ccs1220\ccs\tools\compiler\ti-cgt-arm_18.12.8.LTS\lib\</path>
         <kind>archive</kind>
         <file>rtsv7M4_T_le_v4SPD16_eabi.lib</file>
         <name>s_copysign.c.obj</name>
      </input_file>
      <input_file id="fl-109">
         <path>C:\ti\ccs1220\ccs\tools\compiler\ti-cgt-arm_18.12.8.LTS\lib\</path>
         <kind>archive</kind>
         <file>rtsv7M4_T_le_v4SPD16_eabi.lib</file>
         <name>div0.asm.obj</name>
      </input_file>
      <input_file id="fl-10a">
         <path>C:\ti\ccs1220\ccs\tools\compiler\ti-cgt-arm_18.12.8.LTS\lib\</path>
         <kind>archive</kind>
         <file>rtsv7M4_T_le_v4SPD16_eabi.lib</file>
         <name>ull_div_t2.asm.obj</name>
      </input_file>
      <input_file id="fl-10b">
         <path>C:\ti\ccs1220\ccs\tools\compiler\ti-cgt-arm_18.12.8.LTS\lib\</path>
         <kind>archive</kind>
         <file>rtsv7M4_T_le_v4SPD16_eabi.lib</file>
         <name>fd_add_t2.asm.obj</name>
      </input_file>
      <input_file id="fl-10c">
         <path>C:\ti\ccs1220\ccs\tools\compiler\ti-cgt-arm_18.12.8.LTS\lib\</path>
         <kind>archive</kind>
         <file>rtsv7M4_T_le_v4SPD16_eabi.lib</file>
         <name>fd_cmp_t2.asm.obj</name>
      </input_file>
      <input_file id="fl-10d">
         <path>C:\ti\ccs1220\ccs\tools\compiler\ti-cgt-arm_18.12.8.LTS\lib\</path>
         <kind>archive</kind>
         <file>rtsv7M4_T_le_v4SPD16_eabi.lib</file>
         <name>fd_div_t2.asm.obj</name>
      </input_file>
      <input_file id="fl-10e">
         <path>C:\ti\ccs1220\ccs\tools\compiler\ti-cgt-arm_18.12.8.LTS\lib\</path>
         <kind>archive</kind>
         <file>rtsv7M4_T_le_v4SPD16_eabi.lib</file>
         <name>fd_mul_t2.asm.obj</name>
      </input_file>
      <input_file id="fl-10f">
         <path>C:\ti\ccs1220\ccs\tools\compiler\ti-cgt-arm_18.12.8.LTS\lib\</path>
         <kind>archive</kind>
         <file>rtsv7M4_T_le_v4SPD16_eabi.lib</file>
         <name>fd_toi_t2.asm.obj</name>
      </input_file>
      <input_file id="fl-110">
         <path>C:\ti\ccs1220\ccs\tools\compiler\ti-cgt-arm_18.12.8.LTS\lib\</path>
         <kind>archive</kind>
         <file>rtsv7M4_T_le_v4SPD16_eabi.lib</file>
         <name>i_tofd_t2.asm.obj</name>
      </input_file>
      <input_file id="fl-111">
         <path>C:\ti\ccs1220\ccs\tools\compiler\ti-cgt-arm_18.12.8.LTS\lib\</path>
         <kind>archive</kind>
         <file>rtsv7M4_T_le_v4SPD16_eabi.lib</file>
         <name>autoinit.c.obj</name>
      </input_file>
      <input_file id="fl-112">
         <path>C:\ti\ccs1220\ccs\tools\compiler\ti-cgt-arm_18.12.8.LTS\lib\</path>
         <kind>archive</kind>
         <file>rtsv7M4_T_le_v4SPD16_eabi.lib</file>
         <name>pre_init.c.obj</name>
      </input_file>
      <input_file id="fl-113">
         <path>C:\ti\ccs1220\ccs\tools\compiler\ti-cgt-arm_18.12.8.LTS\lib\</path>
         <kind>archive</kind>
         <file>rtsv7M4_T_le_v4SPD16_eabi.lib</file>
         <name>cpy_tbl.c.obj</name>
      </input_file>
      <input_file id="fl-114">
         <path>C:\ti\ccs1220\ccs\tools\compiler\ti-cgt-arm_18.12.8.LTS\lib\</path>
         <kind>archive</kind>
         <file>rtsv7M4_T_le_v4SPD16_eabi.lib</file>
         <name>exit.c.obj</name>
      </input_file>
      <input_file id="fl-115">
         <path>C:\ti\ccs1220\ccs\tools\compiler\ti-cgt-arm_18.12.8.LTS\lib\</path>
         <kind>archive</kind>
         <file>rtsv7M4_T_le_v4SPD16_eabi.lib</file>
         <name>_lock.c.obj</name>
      </input_file>
      <input_file id="fl-116">
         <path>C:\ti\ccs1220\ccs\tools\compiler\ti-cgt-arm_18.12.8.LTS\lib\</path>
         <kind>archive</kind>
         <file>rtsv7M4_T_le_v4SPD16_eabi.lib</file>
         <name>args_main.c.obj</name>
      </input_file>
      <input_file id="fl-117">
         <path>C:\ti\ccs1220\ccs\tools\compiler\ti-cgt-arm_18.12.8.LTS\lib\</path>
         <kind>archive</kind>
         <file>rtsv7M4_T_le_v4SPD16_eabi.lib</file>
         <name>atoi.c.obj</name>
      </input_file>
      <input_file id="fl-118">
         <path>C:\ti\ccs1220\ccs\tools\compiler\ti-cgt-arm_18.12.8.LTS\lib\</path>
         <kind>archive</kind>
         <file>rtsv7M4_T_le_v4SPD16_eabi.lib</file>
         <name>ctype.c.obj</name>
      </input_file>
      <input_file id="fl-119">
         <path>C:\ti\ccs1220\ccs\tools\compiler\ti-cgt-arm_18.12.8.LTS\lib\</path>
         <kind>archive</kind>
         <file>rtsv7M4_T_le_v4SPD16_eabi.lib</file>
         <name>ltoa.c.obj</name>
      </input_file>
      <input_file id="fl-11a">
         <path>C:\ti\ccs1220\ccs\tools\compiler\ti-cgt-arm_18.12.8.LTS\lib\</path>
         <kind>archive</kind>
         <file>rtsv7M4_T_le_v4SPD16_eabi.lib</file>
         <name>memccpy.c.obj</name>
      </input_file>
      <input_file id="fl-11b">
         <path>C:\ti\ccs1220\ccs\tools\compiler\ti-cgt-arm_18.12.8.LTS\lib\</path>
         <kind>archive</kind>
         <file>rtsv7M4_T_le_v4SPD16_eabi.lib</file>
         <name>strchr.c.obj</name>
      </input_file>
      <input_file id="fl-11c">
         <path>C:\ti\ccs1220\ccs\tools\compiler\ti-cgt-arm_18.12.8.LTS\lib\</path>
         <kind>archive</kind>
         <file>rtsv7M4_T_le_v4SPD16_eabi.lib</file>
         <name>errno.c.obj</name>
      </input_file>
   </input_file_list>
   <object_component_list>
      <object_component id="oc-f">
         <name>.intvecs</name>
         <load_address>0x0</load_address>
         <run_address>0x0</run_address>
         <size>0x26c</size>
         <input_file_ref idref="fl-3"/>
      </object_component>
      <object_component id="oc-3a2">
         <name>.text:__TI_printfi</name>
         <load_address>0x270</load_address>
         <run_address>0x270</run_address>
         <size>0xa4e</size>
         <input_file_ref idref="fl-104"/>
      </object_component>
      <object_component id="oc-3f7">
         <name>.text</name>
         <load_address>0xcbe</load_address>
         <run_address>0xcbe</run_address>
         <size>0x2</size>
         <input_file_ref idref="fl-109"/>
      </object_component>
      <object_component id="oc-448">
         <name>.text:_pconv_a</name>
         <load_address>0xcc0</load_address>
         <run_address>0xcc0</run_address>
         <size>0x270</size>
         <input_file_ref idref="fl-104"/>
      </object_component>
      <object_component id="oc-2f0">
         <name>.text:UARTvprintf</name>
         <load_address>0xf30</load_address>
         <run_address>0xf30</run_address>
         <size>0x21a</size>
         <input_file_ref idref="fl-3c"/>
      </object_component>
      <object_component id="oc-436">
         <name>.text:_pconv_g</name>
         <load_address>0x114c</load_address>
         <run_address>0x114c</run_address>
         <size>0x1d0</size>
         <input_file_ref idref="fl-104"/>
      </object_component>
      <object_component id="oc-4b5">
         <name>.text</name>
         <load_address>0x131c</load_address>
         <run_address>0x131c</run_address>
         <size>0x1b6</size>
         <input_file_ref idref="fl-10b"/>
      </object_component>
      <object_component id="oc-24e">
         <name>.text:SysCtlDelay</name>
         <load_address>0x14d2</load_address>
         <run_address>0x14d2</run_address>
         <size>0x6</size>
         <input_file_ref idref="fl-34"/>
      </object_component>
      <object_component id="oc-35d">
         <name>.text:GPIOPadConfigSet</name>
         <load_address>0x14d8</load_address>
         <run_address>0x14d8</run_address>
         <size>0x170</size>
         <input_file_ref idref="fl-28"/>
      </object_component>
      <object_component id="oc-442">
         <name>.text:_pconv_e</name>
         <load_address>0x1648</load_address>
         <run_address>0x1648</run_address>
         <size>0x13c</size>
         <input_file_ref idref="fl-104"/>
      </object_component>
      <object_component id="oc-49b">
         <name>.text</name>
         <load_address>0x1784</load_address>
         <run_address>0x1784</run_address>
         <size>0x136</size>
         <input_file_ref idref="fl-10d"/>
      </object_component>
      <object_component id="oc-1c1">
         <name>.text:_system_pre_init</name>
         <load_address>0x18ba</load_address>
         <run_address>0x18ba</run_address>
         <size>0x4</size>
         <input_file_ref idref="fl-112"/>
      </object_component>
      <object_component id="oc-248">
         <name>.text:SysCtlClockGet</name>
         <load_address>0x18c0</load_address>
         <run_address>0x18c0</run_address>
         <size>0x124</size>
         <input_file_ref idref="fl-34"/>
      </object_component>
      <object_component id="oc-4c7">
         <name>.text:fcvt</name>
         <load_address>0x19e4</load_address>
         <run_address>0x19e4</run_address>
         <size>0x124</size>
         <input_file_ref idref="fl-104"/>
      </object_component>
      <object_component id="oc-391">
         <name>.text:LIB_I2C_Transmit</name>
         <load_address>0x1b08</load_address>
         <run_address>0x1b08</run_address>
         <size>0x110</size>
         <input_file_ref idref="fl-10"/>
      </object_component>
      <object_component id="oc-4db">
         <name>.text:scalbn</name>
         <load_address>0x1c18</load_address>
         <run_address>0x1c18</run_address>
         <size>0x110</size>
         <input_file_ref idref="fl-106"/>
      </object_component>
      <object_component id="oc-2b9">
         <name>.text:SysCtlClockSet</name>
         <load_address>0x1d28</load_address>
         <run_address>0x1d28</run_address>
         <size>0xfc</size>
         <input_file_ref idref="fl-34"/>
      </object_component>
      <object_component id="oc-496">
         <name>.text</name>
         <load_address>0x1e24</load_address>
         <run_address>0x1e24</run_address>
         <size>0xfc</size>
         <input_file_ref idref="fl-10e"/>
      </object_component>
      <object_component id="oc-230">
         <name>.text:LIB_UART_PrintfInit</name>
         <load_address>0x1f20</load_address>
         <run_address>0x1f20</run_address>
         <size>0xb8</size>
         <input_file_ref idref="fl-1a"/>
      </object_component>
      <object_component id="oc-42b">
         <name>.text:_ltostr</name>
         <load_address>0x1fd8</load_address>
         <run_address>0x1fd8</run_address>
         <size>0xb1</size>
         <input_file_ref idref="fl-104"/>
      </object_component>
      <object_component id="oc-250">
         <name>.text:abort:abort</name>
         <load_address>0x208a</load_address>
         <run_address>0x208a</run_address>
         <size>0x4</size>
         <input_file_ref idref="fl-114"/>
      </object_component>
      <object_component id="oc-3ff">
         <name>.text:LIB_I2C_Put</name>
         <load_address>0x2090</load_address>
         <run_address>0x2090</run_address>
         <size>0xa4</size>
         <input_file_ref idref="fl-10"/>
      </object_component>
      <object_component id="oc-fb">
         <name>.text</name>
         <load_address>0x2134</load_address>
         <run_address>0x2134</run_address>
         <size>0x9c</size>
         <input_file_ref idref="fl-fd"/>
      </object_component>
      <object_component id="oc-48f">
         <name>.text</name>
         <load_address>0x21d0</load_address>
         <run_address>0x21d0</run_address>
         <size>0x96</size>
         <input_file_ref idref="fl-10a"/>
      </object_component>
      <object_component id="oc-431">
         <name>.text:__aeabi_cdcmple</name>
         <load_address>0x2266</load_address>
         <run_address>0x2266</run_address>
         <size>0x86</size>
         <input_file_ref idref="fl-10c"/>
      </object_component>
      <object_component id="oc-4a0">
         <name>.text:__aeabi_cdrcmple</name>
         <load_address>0x22ec</load_address>
         <run_address>0x22ec</run_address>
         <size>0x86</size>
         <input_file_ref idref="fl-10c"/>
      </object_component>
      <object_component id="oc-45">
         <name>.text:GPIOB_ISR_Handle</name>
         <load_address>0x2378</load_address>
         <run_address>0x2378</run_address>
         <size>0x84</size>
         <input_file_ref idref="fl-12"/>
      </object_component>
      <object_component id="oc-51">
         <name>.text:GPIOD_ISR_Handle</name>
         <load_address>0x2400</load_address>
         <run_address>0x2400</run_address>
         <size>0x84</size>
         <input_file_ref idref="fl-12"/>
      </object_component>
      <object_component id="oc-57">
         <name>.text:GPIOE_ISR_Handle</name>
         <load_address>0x2488</load_address>
         <run_address>0x2488</run_address>
         <size>0x84</size>
         <input_file_ref idref="fl-12"/>
      </object_component>
      <object_component id="oc-3f">
         <name>.text:GPIOA_ISR_Handle</name>
         <load_address>0x2510</load_address>
         <run_address>0x2510</run_address>
         <size>0x80</size>
         <input_file_ref idref="fl-12"/>
      </object_component>
      <object_component id="oc-4b">
         <name>.text:GPIOC_ISR_Handle</name>
         <load_address>0x2590</load_address>
         <run_address>0x2590</run_address>
         <size>0x80</size>
         <input_file_ref idref="fl-12"/>
      </object_component>
      <object_component id="oc-99">
         <name>.text:GPIOF_ISR_Handle</name>
         <load_address>0x2610</load_address>
         <run_address>0x2610</run_address>
         <size>0x80</size>
         <input_file_ref idref="fl-12"/>
      </object_component>
      <object_component id="oc-1bb">
         <name>.text</name>
         <load_address>0x2690</load_address>
         <run_address>0x2690</run_address>
         <size>0x7a</size>
         <input_file_ref idref="fl-fb"/>
      </object_component>
      <object_component id="oc-2e2">
         <name>.text:IntEnable</name>
         <load_address>0x2710</load_address>
         <run_address>0x2710</run_address>
         <size>0x78</size>
         <input_file_ref idref="fl-2b"/>
      </object_component>
      <object_component id="oc-4c0">
         <name>.text:_mcpy</name>
         <load_address>0x2788</load_address>
         <run_address>0x2788</run_address>
         <size>0x6e</size>
         <input_file_ref idref="fl-104"/>
      </object_component>
      <object_component id="oc-12">
         <name>.text:decompress:lzss:__TI_decompress_lzss</name>
         <load_address>0x27f6</load_address>
         <run_address>0x27f6</run_address>
         <size>0x68</size>
         <input_file_ref idref="fl-100"/>
      </object_component>
      <object_component id="oc-4d5">
         <name>.text:frexp</name>
         <load_address>0x2860</load_address>
         <run_address>0x2860</run_address>
         <size>0x64</size>
         <input_file_ref idref="fl-105"/>
      </object_component>
      <object_component id="oc-2dc">
         <name>.text:UARTStdioConfig</name>
         <load_address>0x28c8</load_address>
         <run_address>0x28c8</run_address>
         <size>0x60</size>
         <input_file_ref idref="fl-3c"/>
      </object_component>
      <object_component id="oc-1c7">
         <name>.text:main</name>
         <load_address>0x2928</load_address>
         <run_address>0x2928</run_address>
         <size>0x59</size>
         <input_file_ref idref="fl-2"/>
      </object_component>
      <object_component id="oc-23c">
         <name>.text:Oled_ShowString</name>
         <load_address>0x2988</load_address>
         <run_address>0x2988</run_address>
         <size>0x58</size>
         <input_file_ref idref="fl-9"/>
      </object_component>
      <object_component id="oc-37a">
         <name>.text:UARTwrite</name>
         <load_address>0x29e0</load_address>
         <run_address>0x29e0</run_address>
         <size>0x58</size>
         <input_file_ref idref="fl-3c"/>
      </object_component>
      <object_component id="oc-43c">
         <name>.text:_pconv_f</name>
         <load_address>0x2a38</load_address>
         <run_address>0x2a38</run_address>
         <size>0x56</size>
         <input_file_ref idref="fl-104"/>
      </object_component>
      <object_component id="oc-4aa">
         <name>.text:ltoa</name>
         <load_address>0x2a8e</load_address>
         <run_address>0x2a8e</run_address>
         <size>0x54</size>
         <input_file_ref idref="fl-119"/>
      </object_component>
      <object_component id="oc-4ba">
         <name>.text:_ecpy</name>
         <load_address>0x2ae2</load_address>
         <run_address>0x2ae2</run_address>
         <size>0x52</size>
         <input_file_ref idref="fl-104"/>
      </object_component>
      <object_component id="oc-2ca">
         <name>.text:GPIOPinConfigure</name>
         <load_address>0x2b38</load_address>
         <run_address>0x2b38</run_address>
         <size>0x4c</size>
         <input_file_ref idref="fl-28"/>
      </object_component>
      <object_component id="oc-425">
         <name>.text:atoi</name>
         <load_address>0x2b84</load_address>
         <run_address>0x2b84</run_address>
         <size>0x4c</size>
         <input_file_ref idref="fl-117"/>
      </object_component>
      <object_component id="oc-4a5">
         <name>.text</name>
         <load_address>0x2bd0</load_address>
         <run_address>0x2bd0</run_address>
         <size>0x48</size>
         <input_file_ref idref="fl-10f"/>
      </object_component>
      <object_component id="oc-25c">
         <name>.text:__TI_auto_init_nobinit_nopinit:__TI_auto_init_nobinit_nopinit</name>
         <load_address>0x2c18</load_address>
         <run_address>0x2c18</run_address>
         <size>0x44</size>
         <input_file_ref idref="fl-111"/>
      </object_component>
      <object_component id="oc-380">
         <name>.text</name>
         <load_address>0x2c5c</load_address>
         <run_address>0x2c5c</run_address>
         <size>0x40</size>
         <input_file_ref idref="fl-fa"/>
      </object_component>
      <object_component id="oc-314">
         <name>.text:sprintf</name>
         <load_address>0x2c9c</load_address>
         <run_address>0x2c9c</run_address>
         <size>0x40</size>
         <input_file_ref idref="fl-f9"/>
      </object_component>
      <object_component id="oc-4cd">
         <name>.text:_fcpy</name>
         <load_address>0x2cdc</load_address>
         <run_address>0x2cdc</run_address>
         <size>0x3e</size>
         <input_file_ref idref="fl-104"/>
      </object_component>
      <object_component id="oc-34c">
         <name>.text:SysCtlPeripheralReady</name>
         <load_address>0x2d20</load_address>
         <run_address>0x2d20</run_address>
         <size>0x38</size>
         <input_file_ref idref="fl-34"/>
      </object_component>
      <object_component id="oc-346">
         <name>.text:SysCtlPeripheralEnable</name>
         <load_address>0x2d58</load_address>
         <run_address>0x2d58</run_address>
         <size>0x34</size>
         <input_file_ref idref="fl-34"/>
      </object_component>
      <object_component id="oc-119">
         <name>.text:_c_int00_noargs:_c_int00_noargs</name>
         <load_address>0x2d8c</load_address>
         <run_address>0x2d8c</run_address>
         <size>0x34</size>
         <input_file_ref idref="fl-103"/>
      </object_component>
      <object_component id="oc-4b0">
         <name>.text</name>
         <load_address>0x2dc0</load_address>
         <run_address>0x2dc0</run_address>
         <size>0x2e</size>
         <input_file_ref idref="fl-110"/>
      </object_component>
      <object_component id="oc-6f">
         <name>.text:ADC0S0IsrHandler</name>
         <load_address>0x2df0</load_address>
         <run_address>0x2df0</run_address>
         <size>0x2c</size>
         <input_file_ref idref="fl-11"/>
      </object_component>
      <object_component id="oc-357">
         <name>.text:GPIODirModeSet</name>
         <load_address>0x2e20</load_address>
         <run_address>0x2e20</run_address>
         <size>0x2c</size>
         <input_file_ref idref="fl-28"/>
      </object_component>
      <object_component id="oc-7b">
         <name>.text:TIMER0B_ISR_Handle</name>
         <load_address>0x2e50</load_address>
         <run_address>0x2e50</run_address>
         <size>0x28</size>
         <input_file_ref idref="fl-14"/>
      </object_component>
      <object_component id="oc-81">
         <name>.text:TIMER1A_ISR_Handle</name>
         <load_address>0x2e78</load_address>
         <run_address>0x2e78</run_address>
         <size>0x28</size>
         <input_file_ref idref="fl-14"/>
      </object_component>
      <object_component id="oc-87">
         <name>.text:TIMER1B_ISR_Handle</name>
         <load_address>0x2ea0</load_address>
         <run_address>0x2ea0</run_address>
         <size>0x28</size>
         <input_file_ref idref="fl-14"/>
      </object_component>
      <object_component id="oc-8d">
         <name>.text:TIMER2A_ISR_Handle</name>
         <load_address>0x2ec8</load_address>
         <run_address>0x2ec8</run_address>
         <size>0x28</size>
         <input_file_ref idref="fl-14"/>
      </object_component>
      <object_component id="oc-93">
         <name>.text:TIMER2B_ISR_Handle</name>
         <load_address>0x2ef0</load_address>
         <run_address>0x2ef0</run_address>
         <size>0x28</size>
         <input_file_ref idref="fl-14"/>
      </object_component>
      <object_component id="oc-a5">
         <name>.text:TIMER3A_ISR_Handle</name>
         <load_address>0x2f18</load_address>
         <run_address>0x2f18</run_address>
         <size>0x28</size>
         <input_file_ref idref="fl-14"/>
      </object_component>
      <object_component id="oc-ab">
         <name>.text:TIMER3B_ISR_Handle</name>
         <load_address>0x2f40</load_address>
         <run_address>0x2f40</run_address>
         <size>0x28</size>
         <input_file_ref idref="fl-14"/>
      </object_component>
      <object_component id="oc-d5">
         <name>.text:TIMER4A_ISR_Handle</name>
         <load_address>0x2f68</load_address>
         <run_address>0x2f68</run_address>
         <size>0x28</size>
         <input_file_ref idref="fl-14"/>
      </object_component>
      <object_component id="oc-db">
         <name>.text:TIMER4B_ISR_Handle</name>
         <load_address>0x2f90</load_address>
         <run_address>0x2f90</run_address>
         <size>0x28</size>
         <input_file_ref idref="fl-14"/>
      </object_component>
      <object_component id="oc-e1">
         <name>.text:TIMER5A_ISR_Handle</name>
         <load_address>0x2fb8</load_address>
         <run_address>0x2fb8</run_address>
         <size>0x28</size>
         <input_file_ref idref="fl-14"/>
      </object_component>
      <object_component id="oc-e7">
         <name>.text:TIMER5B_ISR_Handle</name>
         <load_address>0x2fe0</load_address>
         <run_address>0x2fe0</run_address>
         <size>0x28</size>
         <input_file_ref idref="fl-14"/>
      </object_component>
      <object_component id="oc-63">
         <name>.text:UART1_ISR_Handle</name>
         <load_address>0x3008</load_address>
         <run_address>0x3008</run_address>
         <size>0x28</size>
         <input_file_ref idref="fl-15"/>
      </object_component>
      <object_component id="oc-9f">
         <name>.text:UART2_ISR_Handle</name>
         <load_address>0x3030</load_address>
         <run_address>0x3030</run_address>
         <size>0x28</size>
         <input_file_ref idref="fl-15"/>
      </object_component>
      <object_component id="oc-b7">
         <name>.text:UART3_ISR_Handle</name>
         <load_address>0x3058</load_address>
         <run_address>0x3058</run_address>
         <size>0x28</size>
         <input_file_ref idref="fl-15"/>
      </object_component>
      <object_component id="oc-bd">
         <name>.text:UART4_ISR_Handle</name>
         <load_address>0x3080</load_address>
         <run_address>0x3080</run_address>
         <size>0x28</size>
         <input_file_ref idref="fl-15"/>
      </object_component>
      <object_component id="oc-c3">
         <name>.text:UART5_ISR_Handle</name>
         <load_address>0x30a8</load_address>
         <run_address>0x30a8</run_address>
         <size>0x28</size>
         <input_file_ref idref="fl-15"/>
      </object_component>
      <object_component id="oc-c9">
         <name>.text:UART6_ISR_Handle</name>
         <load_address>0x30d0</load_address>
         <run_address>0x30d0</run_address>
         <size>0x28</size>
         <input_file_ref idref="fl-15"/>
      </object_component>
      <object_component id="oc-cf">
         <name>.text:UART7_ISR_Handle</name>
         <load_address>0x30f8</load_address>
         <run_address>0x30f8</run_address>
         <size>0x28</size>
         <input_file_ref idref="fl-15"/>
      </object_component>
      <object_component id="oc-16f">
         <name>.text:ADCSequenceDataGet</name>
         <load_address>0x3120</load_address>
         <run_address>0x3120</run_address>
         <size>0x24</size>
         <input_file_ref idref="fl-1b"/>
      </object_component>
      <object_component id="oc-303">
         <name>.text:Oled_SetPos</name>
         <load_address>0x3148</load_address>
         <run_address>0x3148</run_address>
         <size>0x24</size>
         <input_file_ref idref="fl-9"/>
      </object_component>
      <object_component id="oc-75">
         <name>.text:TIMER0A_ISR_Handle</name>
         <load_address>0x3170</load_address>
         <run_address>0x3170</run_address>
         <size>0x24</size>
         <input_file_ref idref="fl-14"/>
      </object_component>
      <object_component id="oc-5d">
         <name>.text:UART0_ISR_Handle</name>
         <load_address>0x3198</load_address>
         <run_address>0x3198</run_address>
         <size>0x24</size>
         <input_file_ref idref="fl-15"/>
      </object_component>
      <object_component id="oc-242">
         <name>.text:Oled_ShowInt32</name>
         <load_address>0x31c0</load_address>
         <run_address>0x31c0</run_address>
         <size>0x22</size>
         <input_file_ref idref="fl-9"/>
      </object_component>
      <object_component id="oc-22a">
         <name>.text:LIB_CLOCK_MainClockSet</name>
         <load_address>0x31e8</load_address>
         <run_address>0x31e8</run_address>
         <size>0x1c</size>
         <input_file_ref idref="fl-e"/>
      </object_component>
      <object_component id="oc-69">
         <name>.text:QEI0_ISR_Handle</name>
         <load_address>0x3208</load_address>
         <run_address>0x3208</run_address>
         <size>0x1c</size>
         <input_file_ref idref="fl-13"/>
      </object_component>
      <object_component id="oc-b1">
         <name>.text:QEI1_ISR_Handle</name>
         <load_address>0x3228</load_address>
         <run_address>0x3228</run_address>
         <size>0x1c</size>
         <input_file_ref idref="fl-13"/>
      </object_component>
      <object_component id="oc-107">
         <name>.text:decompress:ZI:__TI_zero_init_nomemset:__TI_zero_init_nomemset</name>
         <load_address>0x3244</load_address>
         <run_address>0x3244</run_address>
         <size>0x1c</size>
         <input_file_ref idref="fl-fe"/>
      </object_component>
      <object_component id="oc-44e">
         <name>.text:memccpy</name>
         <load_address>0x3260</load_address>
         <run_address>0x3260</run_address>
         <size>0x1c</size>
         <input_file_ref idref="fl-11a"/>
      </object_component>
      <object_component id="oc-236">
         <name>.text:UARTprintf</name>
         <load_address>0x3280</load_address>
         <run_address>0x3280</run_address>
         <size>0x1a</size>
         <input_file_ref idref="fl-3c"/>
      </object_component>
      <object_component id="oc-522">
         <name>.text:copysign</name>
         <load_address>0x329a</load_address>
         <run_address>0x329a</run_address>
         <size>0x1a</size>
         <input_file_ref idref="fl-108"/>
      </object_component>
      <object_component id="oc-3a8">
         <name>.text:_outs</name>
         <load_address>0x32b4</load_address>
         <run_address>0x32b4</run_address>
         <size>0x18</size>
         <input_file_ref idref="fl-f9"/>
      </object_component>
      <object_component id="oc-2d0">
         <name>.text:GPIOPinTypeUART</name>
         <load_address>0x32d0</load_address>
         <run_address>0x32d0</run_address>
         <size>0x16</size>
         <input_file_ref idref="fl-28"/>
      </object_component>
      <object_component id="oc-4e1">
         <name>.text:strchr</name>
         <load_address>0x32e6</load_address>
         <run_address>0x32e6</run_address>
         <size>0x16</size>
         <input_file_ref idref="fl-11b"/>
      </object_component>
      <object_component id="oc-2c4">
         <name>.text:LIB_CLOCK_PeripheralClockEnable</name>
         <load_address>0x3300</load_address>
         <run_address>0x3300</run_address>
         <size>0x14</size>
         <input_file_ref idref="fl-e"/>
      </object_component>
      <object_component id="oc-2fd">
         <name>.text:strlen</name>
         <load_address>0x3314</load_address>
         <run_address>0x3314</run_address>
         <size>0x14</size>
         <input_file_ref idref="fl-102"/>
      </object_component>
      <object_component id="oc-309">
         <name>.text:Oled_Datas</name>
         <load_address>0x3328</load_address>
         <run_address>0x3328</run_address>
         <size>0x12</size>
         <input_file_ref idref="fl-9"/>
      </object_component>
      <object_component id="oc-454">
         <name>.text:wcslen</name>
         <load_address>0x333a</load_address>
         <run_address>0x333a</run_address>
         <size>0x12</size>
         <input_file_ref idref="fl-107"/>
      </object_component>
      <object_component id="oc-224">
         <name>.text:IntMasterEnable</name>
         <load_address>0x3350</load_address>
         <run_address>0x3350</run_address>
         <size>0x10</size>
         <input_file_ref idref="fl-2b"/>
      </object_component>
      <object_component id="oc-135">
         <name>.text:GPIOIntStatus</name>
         <load_address>0x3360</load_address>
         <run_address>0x3360</run_address>
         <size>0xe</size>
         <input_file_ref idref="fl-28"/>
      </object_component>
      <object_component id="oc-18">
         <name>.text:decompress:none:__TI_decompress_none</name>
         <load_address>0x336e</load_address>
         <run_address>0x336e</run_address>
         <size>0xe</size>
         <input_file_ref idref="fl-ff"/>
      </object_component>
      <object_component id="oc-2b2">
         <name>.text:CPUcpsie</name>
         <load_address>0x3380</load_address>
         <run_address>0x3380</run_address>
         <size>0xc</size>
         <input_file_ref idref="fl-1f"/>
      </object_component>
      <object_component id="oc-38a">
         <name>.text:Oled_Cmd</name>
         <load_address>0x3390</load_address>
         <run_address>0x3390</run_address>
         <size>0xc</size>
         <input_file_ref idref="fl-9"/>
      </object_component>
      <object_component id="oc-169">
         <name>.text:ADCIntClear</name>
         <load_address>0x33a0</load_address>
         <run_address>0x33a0</run_address>
         <size>0xa</size>
         <input_file_ref idref="fl-1b"/>
      </object_component>
      <object_component id="oc-17c">
         <name>.text:TimerIntStatus</name>
         <load_address>0x33b0</load_address>
         <run_address>0x33b0</run_address>
         <size>0xa</size>
         <input_file_ref idref="fl-37"/>
      </object_component>
      <object_component id="oc-14e">
         <name>.text:UARTIntStatus</name>
         <load_address>0x33c0</load_address>
         <run_address>0x33c0</run_address>
         <size>0xa</size>
         <input_file_ref idref="fl-38"/>
      </object_component>
      <object_component id="oc-3ae">
         <name>.text:_outc</name>
         <load_address>0x33ca</load_address>
         <run_address>0x33ca</run_address>
         <size>0xa</size>
         <input_file_ref idref="fl-f9"/>
      </object_component>
      <object_component id="oc-418">
         <name>.text:I2CMasterBusy</name>
         <load_address>0x33d8</load_address>
         <run_address>0x33d8</run_address>
         <size>0x8</size>
         <input_file_ref idref="fl-2a"/>
      </object_component>
      <object_component id="oc-406">
         <name>.text:I2CMasterSlaveAddrSet</name>
         <load_address>0x33e0</load_address>
         <run_address>0x33e0</run_address>
         <size>0x8</size>
         <input_file_ref idref="fl-2a"/>
      </object_component>
      <object_component id="oc-2e8">
         <name>.text:UARTIntEnable</name>
         <load_address>0x33e8</load_address>
         <run_address>0x33e8</run_address>
         <size>0x8</size>
         <input_file_ref idref="fl-38"/>
      </object_component>
      <object_component id="oc-45a">
         <name>.text:__aeabi_errno_addr</name>
         <load_address>0x33f0</load_address>
         <run_address>0x33f0</run_address>
         <size>0x8</size>
         <input_file_ref idref="fl-11c"/>
      </object_component>
      <object_component id="oc-13b">
         <name>.text:GPIOIntClear</name>
         <load_address>0x33f8</load_address>
         <run_address>0x33f8</run_address>
         <size>0x6</size>
         <input_file_ref idref="fl-28"/>
      </object_component>
      <object_component id="oc-27">
         <name>.text:ResetISR</name>
         <load_address>0x3400</load_address>
         <run_address>0x3400</run_address>
         <size>0x6</size>
         <input_file_ref idref="fl-3"/>
      </object_component>
      <object_component id="oc-2d6">
         <name>.text:UARTClockSourceSet</name>
         <load_address>0x3408</load_address>
         <run_address>0x3408</run_address>
         <size>0x6</size>
         <input_file_ref idref="fl-38"/>
      </object_component>
      <object_component id="oc-412">
         <name>.text:I2CMasterControl</name>
         <load_address>0x3410</load_address>
         <run_address>0x3410</run_address>
         <size>0x4</size>
         <input_file_ref idref="fl-2a"/>
      </object_component>
      <object_component id="oc-40c">
         <name>.text:I2CMasterDataPut</name>
         <load_address>0x3418</load_address>
         <run_address>0x3418</run_address>
         <size>0x4</size>
         <input_file_ref idref="fl-2a"/>
      </object_component>
      <object_component id="oc-15f">
         <name>.text:QEIIntClear</name>
         <load_address>0x3420</load_address>
         <run_address>0x3420</run_address>
         <size>0x4</size>
         <input_file_ref idref="fl-30"/>
      </object_component>
      <object_component id="oc-182">
         <name>.text:TimerIntClear</name>
         <load_address>0x3428</load_address>
         <run_address>0x3428</run_address>
         <size>0x4</size>
         <input_file_ref idref="fl-37"/>
      </object_component>
      <object_component id="oc-154">
         <name>.text:UARTIntClear</name>
         <load_address>0x3430</load_address>
         <run_address>0x3430</run_address>
         <size>0x4</size>
         <input_file_ref idref="fl-38"/>
      </object_component>
      <object_component id="oc-33">
         <name>.text:FaultISR</name>
         <load_address>0x3438</load_address>
         <run_address>0x3438</run_address>
         <size>0x2</size>
         <input_file_ref idref="fl-3"/>
      </object_component>
      <object_component id="oc-39">
         <name>.text:IntDefaultHandler</name>
         <load_address>0x3440</load_address>
         <run_address>0x3440</run_address>
         <size>0x2</size>
         <input_file_ref idref="fl-3"/>
      </object_component>
      <object_component id="oc-2d">
         <name>.text:NmiSR</name>
         <load_address>0x3448</load_address>
         <run_address>0x3448</run_address>
         <size>0x2</size>
         <input_file_ref idref="fl-3"/>
      </object_component>
      <object_component id="oc-1ed">
         <name>.text:__nop</name>
         <load_address>0x3450</load_address>
         <run_address>0x3450</run_address>
         <size>0x2</size>
         <input_file_ref idref="fl-12"/>
      </object_component>
      <object_component id="oc-30f">
         <name>.const:F6x8</name>
         <load_address>0x3454</load_address>
         <run_address>0x3454</run_address>
         <size>0x228</size>
         <input_file_ref idref="fl-8"/>
      </object_component>
      <object_component id="oc-48a">
         <name>.const:.string:_ctypes_</name>
         <load_address>0x367c</load_address>
         <run_address>0x367c</run_address>
         <size>0x101</size>
         <input_file_ref idref="fl-118"/>
      </object_component>
      <object_component id="oc-353">
         <name>.const:g_pui32GPIOBaseAddrs</name>
         <load_address>0x3780</load_address>
         <run_address>0x3780</run_address>
         <size>0x90</size>
         <input_file_ref idref="fl-28"/>
      </object_component>
      <object_component id="oc-31b">
         <name>.const:g_pui32Xtals</name>
         <load_address>0x3810</load_address>
         <run_address>0x3810</run_address>
         <size>0x6c</size>
         <input_file_ref idref="fl-34"/>
      </object_component>
      <object_component id="oc-372">
         <name>.const:g_pui32EnRegs</name>
         <load_address>0x387c</load_address>
         <run_address>0x387c</run_address>
         <size>0x14</size>
         <input_file_ref idref="fl-2b"/>
      </object_component>
      <object_component id="oc-368">
         <name>.const:g_ui32UARTBase</name>
         <load_address>0x3890</load_address>
         <run_address>0x3890</run_address>
         <size>0xc</size>
         <input_file_ref idref="fl-3c"/>
      </object_component>
      <object_component id="oc-365">
         <name>.const:g_ui32UARTPeriph</name>
         <load_address>0x389c</load_address>
         <run_address>0x389c</run_address>
         <size>0xc</size>
         <input_file_ref idref="fl-3c"/>
      </object_component>
      <object_component id="oc-577">
         <name>.cinit..data.load</name>
         <load_address>0x38a8</load_address>
         <run_address>0x38a8</run_address>
         <size>0xe</size>
      </object_component>
      <object_component id="oc-575">
         <name>__TI_handler_table</name>
         <load_address>0x38b8</load_address>
         <run_address>0x38b8</run_address>
         <size>0xc</size>
      </object_component>
      <object_component id="oc-578">
         <name>.cinit..bss.load</name>
         <load_address>0x38c8</load_address>
         <run_address>0x38c8</run_address>
         <size>0x8</size>
      </object_component>
      <object_component id="oc-576">
         <name>__TI_cinit_table</name>
         <load_address>0x38d0</load_address>
         <run_address>0x38d0</run_address>
         <size>0x10</size>
      </object_component>
      <object_component id="oc-2bf">
         <name>.data</name>
         <load_address>0x20004120</load_address>
         <run_address>0x20004120</run_address>
         <size>0x4</size>
         <input_file_ref idref="fl-e"/>
      </object_component>
      <object_component id="oc-178">
         <name>.data</name>
         <load_address>0x2000411d</load_address>
         <run_address>0x2000411d</run_address>
         <size>0x1</size>
         <input_file_ref idref="fl-11"/>
      </object_component>
      <object_component id="oc-141">
         <name>.data:ExtiIsrHandleTable</name>
         <load_address>0x20004000</load_address>
         <run_address>0x20004000</run_address>
         <size>0xc0</size>
         <input_file_ref idref="fl-12"/>
      </object_component>
      <object_component id="oc-165">
         <name>.data:QeiIsrHandleTable</name>
         <load_address>0x20004110</load_address>
         <run_address>0x20004110</run_address>
         <size>0x8</size>
         <input_file_ref idref="fl-13"/>
      </object_component>
      <object_component id="oc-188">
         <name>.data:TimerIsrHandleTable</name>
         <load_address>0x200040c0</load_address>
         <run_address>0x200040c0</run_address>
         <size>0x30</size>
         <input_file_ref idref="fl-14"/>
      </object_component>
      <object_component id="oc-15a">
         <name>.data:UartIsrHandleTable</name>
         <load_address>0x200040f0</load_address>
         <run_address>0x200040f0</run_address>
         <size>0x20</size>
         <input_file_ref idref="fl-15"/>
      </object_component>
      <object_component id="oc-36b">
         <name>.data</name>
         <load_address>0x20004118</load_address>
         <run_address>0x20004118</run_address>
         <size>0x5</size>
         <input_file_ref idref="fl-3c"/>
      </object_component>
      <object_component id="oc-4f1">
         <name>.data</name>
         <load_address>0x20004124</load_address>
         <run_address>0x20004124</run_address>
         <size>0x4</size>
         <input_file_ref idref="fl-11c"/>
      </object_component>
      <object_component id="oc-41e">
         <name>.bss</name>
         <uninitialized>true</uninitialized>
         <run_address>0x20004148</run_address>
         <size>0x2</size>
         <input_file_ref idref="fl-10"/>
      </object_component>
      <object_component id="oc-175">
         <name>.common:AdcSequenceSamplingValueBuffer</name>
         <uninitialized>true</uninitialized>
         <run_address>0x20004128</run_address>
         <size>0x20</size>
      </object_component>
      <object_component id="oc-21">
         <name>.sysmem</name>
         <uninitialized>true</uninitialized>
         <run_address>0x20002000</run_address>
         <size>0x10</size>
         <input_file_ref idref="fl-101"/>
      </object_component>
      <object_component id="oc-57a">
         <name>.sysmem</name>
         <uninitialized>true</uninitialized>
         <run_address>0x20002000</run_address>
         <size>0x0</size>
      </object_component>
      <object_component id="oc-24">
         <name>.stack</name>
         <uninitialized>true</uninitialized>
         <run_address>0x20000000</run_address>
         <size>0x4</size>
         <input_file_ref idref="fl-103"/>
      </object_component>
      <object_component id="oc-579">
         <name>.stack</name>
         <uninitialized>true</uninitialized>
         <run_address>0x20000000</run_address>
         <size>0x0</size>
      </object_component>
      <object_component id="oc-213">
         <name>.debug_info</name>
         <load_address>0x0</load_address>
         <run_address>0x0</run_address>
         <size>0x4a9</size>
         <input_file_ref idref="fl-2"/>
      </object_component>
      <object_component id="oc-1c9">
         <name>.debug_info</name>
         <load_address>0x4a9</load_address>
         <run_address>0x4a9</run_address>
         <size>0x1b2</size>
         <input_file_ref idref="fl-2"/>
      </object_component>
      <object_component id="oc-1a1">
         <name>.debug_info</name>
         <load_address>0x65b</load_address>
         <run_address>0x65b</run_address>
         <size>0x26b</size>
         <input_file_ref idref="fl-2"/>
      </object_component>
      <object_component id="oc-2a3">
         <name>.debug_info</name>
         <load_address>0x8c6</load_address>
         <run_address>0x8c6</run_address>
         <size>0xbf</size>
         <input_file_ref idref="fl-2"/>
      </object_component>
      <object_component id="oc-1e6">
         <name>.debug_info</name>
         <load_address>0x985</load_address>
         <run_address>0x985</run_address>
         <size>0x8b</size>
         <input_file_ref idref="fl-2"/>
      </object_component>
      <object_component id="oc-1f6">
         <name>.debug_info</name>
         <load_address>0xa10</load_address>
         <run_address>0xa10</run_address>
         <size>0x2a4</size>
         <input_file_ref idref="fl-2"/>
      </object_component>
      <object_component id="oc-3df">
         <name>.debug_info</name>
         <load_address>0xcb4</load_address>
         <run_address>0xcb4</run_address>
         <size>0xef</size>
         <input_file_ref idref="fl-2"/>
      </object_component>
      <object_component id="oc-145">
         <name>.debug_info</name>
         <load_address>0xda3</load_address>
         <run_address>0xda3</run_address>
         <size>0xbb</size>
         <input_file_ref idref="fl-2"/>
      </object_component>
      <object_component id="oc-2ad">
         <name>.debug_info</name>
         <load_address>0xe5e</load_address>
         <run_address>0xe5e</run_address>
         <size>0xcc</size>
         <input_file_ref idref="fl-2"/>
      </object_component>
      <object_component id="oc-2f8">
         <name>.debug_info</name>
         <load_address>0xf2a</load_address>
         <run_address>0xf2a</run_address>
         <size>0x2c</size>
         <input_file_ref idref="fl-2"/>
      </object_component>
      <object_component id="oc-2a8">
         <name>.debug_info</name>
         <load_address>0xf56</load_address>
         <run_address>0xf56</run_address>
         <size>0x35</size>
         <input_file_ref idref="fl-2"/>
      </object_component>
      <object_component id="oc-ef">
         <name>.debug_info</name>
         <load_address>0xf8b</load_address>
         <run_address>0xf8b</run_address>
         <size>0x766</size>
         <input_file_ref idref="fl-3"/>
      </object_component>
      <object_component id="oc-10">
         <name>.debug_info</name>
         <load_address>0x16f1</load_address>
         <run_address>0x16f1</run_address>
         <size>0xf1</size>
         <input_file_ref idref="fl-3"/>
      </object_component>
      <object_component id="oc-29">
         <name>.debug_info</name>
         <load_address>0x17e2</load_address>
         <run_address>0x17e2</run_address>
         <size>0x124</size>
         <input_file_ref idref="fl-3"/>
      </object_component>
      <object_component id="oc-31">
         <name>.debug_info</name>
         <load_address>0x1906</load_address>
         <run_address>0x1906</run_address>
         <size>0x112</size>
         <input_file_ref idref="fl-3"/>
      </object_component>
      <object_component id="oc-3a">
         <name>.debug_info</name>
         <load_address>0x1a18</load_address>
         <run_address>0x1a18</run_address>
         <size>0x12a</size>
         <input_file_ref idref="fl-3"/>
      </object_component>
      <object_component id="oc-35">
         <name>.debug_info</name>
         <load_address>0x1b42</load_address>
         <run_address>0x1b42</run_address>
         <size>0x118</size>
         <input_file_ref idref="fl-3"/>
      </object_component>
      <object_component id="oc-f6">
         <name>.debug_info</name>
         <load_address>0x1c5a</load_address>
         <run_address>0x1c5a</run_address>
         <size>0x84</size>
         <input_file_ref idref="fl-3"/>
      </object_component>
      <object_component id="oc-39a">
         <name>.debug_info</name>
         <load_address>0x1cde</load_address>
         <run_address>0x1cde</run_address>
         <size>0x110</size>
         <input_file_ref idref="fl-8"/>
      </object_component>
      <object_component id="oc-310">
         <name>.debug_info</name>
         <load_address>0x1dee</load_address>
         <run_address>0x1dee</run_address>
         <size>0xf3</size>
         <input_file_ref idref="fl-8"/>
      </object_component>
      <object_component id="oc-313">
         <name>.debug_info</name>
         <load_address>0x1ee1</load_address>
         <run_address>0x1ee1</run_address>
         <size>0x4c9</size>
         <input_file_ref idref="fl-9"/>
      </object_component>
      <object_component id="oc-38c">
         <name>.debug_info</name>
         <load_address>0x23aa</load_address>
         <run_address>0x23aa</run_address>
         <size>0x16f</size>
         <input_file_ref idref="fl-9"/>
      </object_component>
      <object_component id="oc-305">
         <name>.debug_info</name>
         <load_address>0x2519</load_address>
         <run_address>0x2519</run_address>
         <size>0x1b3</size>
         <input_file_ref idref="fl-9"/>
      </object_component>
      <object_component id="oc-30b">
         <name>.debug_info</name>
         <load_address>0x26cc</load_address>
         <run_address>0x26cc</run_address>
         <size>0x1c2</size>
         <input_file_ref idref="fl-9"/>
      </object_component>
      <object_component id="oc-23e">
         <name>.debug_info</name>
         <load_address>0x288e</load_address>
         <run_address>0x288e</run_address>
         <size>0x21a</size>
         <input_file_ref idref="fl-9"/>
      </object_component>
      <object_component id="oc-243">
         <name>.debug_info</name>
         <load_address>0x2aa8</load_address>
         <run_address>0x2aa8</run_address>
         <size>0x1c1</size>
         <input_file_ref idref="fl-9"/>
      </object_component>
      <object_component id="oc-39d">
         <name>.debug_info</name>
         <load_address>0x2c69</load_address>
         <run_address>0x2c69</run_address>
         <size>0x35</size>
         <input_file_ref idref="fl-9"/>
      </object_component>
      <object_component id="oc-2c3">
         <name>.debug_info</name>
         <load_address>0x2c9e</load_address>
         <run_address>0x2c9e</run_address>
         <size>0x3b0</size>
         <input_file_ref idref="fl-e"/>
      </object_component>
      <object_component id="oc-2c0">
         <name>.debug_info</name>
         <load_address>0x304e</load_address>
         <run_address>0x304e</run_address>
         <size>0xfc</size>
         <input_file_ref idref="fl-e"/>
      </object_component>
      <object_component id="oc-2c5">
         <name>.debug_info</name>
         <load_address>0x314a</load_address>
         <run_address>0x314a</run_address>
         <size>0x21d</size>
         <input_file_ref idref="fl-e"/>
      </object_component>
      <object_component id="oc-22d">
         <name>.debug_info</name>
         <load_address>0x3367</load_address>
         <run_address>0x3367</run_address>
         <size>0x1d4</size>
         <input_file_ref idref="fl-e"/>
      </object_component>
      <object_component id="oc-422">
         <name>.debug_info</name>
         <load_address>0x353b</load_address>
         <run_address>0x353b</run_address>
         <size>0x5c9</size>
         <input_file_ref idref="fl-10"/>
      </object_component>
      <object_component id="oc-41f">
         <name>.debug_info</name>
         <load_address>0x3b04</load_address>
         <run_address>0x3b04</run_address>
         <size>0xf9</size>
         <input_file_ref idref="fl-10"/>
      </object_component>
      <object_component id="oc-392">
         <name>.debug_info</name>
         <load_address>0x3bfd</load_address>
         <run_address>0x3bfd</run_address>
         <size>0x3c1</size>
         <input_file_ref idref="fl-10"/>
      </object_component>
      <object_component id="oc-400">
         <name>.debug_info</name>
         <load_address>0x3fbe</load_address>
         <run_address>0x3fbe</run_address>
         <size>0x304</size>
         <input_file_ref idref="fl-10"/>
      </object_component>
      <object_component id="oc-176">
         <name>.debug_info</name>
         <load_address>0x42c2</load_address>
         <run_address>0x42c2</run_address>
         <size>0x37d</size>
         <input_file_ref idref="fl-11"/>
      </object_component>
      <object_component id="oc-179">
         <name>.debug_info</name>
         <load_address>0x463f</load_address>
         <run_address>0x463f</run_address>
         <size>0x135</size>
         <input_file_ref idref="fl-11"/>
      </object_component>
      <object_component id="oc-72">
         <name>.debug_info</name>
         <load_address>0x4774</load_address>
         <run_address>0x4774</run_address>
         <size>0x1e0</size>
         <input_file_ref idref="fl-11"/>
      </object_component>
      <object_component id="oc-1f5">
         <name>.debug_info</name>
         <load_address>0x4954</load_address>
         <run_address>0x4954</run_address>
         <size>0x36f</size>
         <input_file_ref idref="fl-12"/>
      </object_component>
      <object_component id="oc-142">
         <name>.debug_info</name>
         <load_address>0x4cc3</load_address>
         <run_address>0x4cc3</run_address>
         <size>0x12a</size>
         <input_file_ref idref="fl-12"/>
      </object_component>
      <object_component id="oc-1ee">
         <name>.debug_info</name>
         <load_address>0x4ded</load_address>
         <run_address>0x4ded</run_address>
         <size>0x1a2</size>
         <input_file_ref idref="fl-12"/>
      </object_component>
      <object_component id="oc-40">
         <name>.debug_info</name>
         <load_address>0x4f8f</load_address>
         <run_address>0x4f8f</run_address>
         <size>0x22c</size>
         <input_file_ref idref="fl-12"/>
      </object_component>
      <object_component id="oc-46">
         <name>.debug_info</name>
         <load_address>0x51bb</load_address>
         <run_address>0x51bb</run_address>
         <size>0x22c</size>
         <input_file_ref idref="fl-12"/>
      </object_component>
      <object_component id="oc-4c">
         <name>.debug_info</name>
         <load_address>0x53e7</load_address>
         <run_address>0x53e7</run_address>
         <size>0x22c</size>
         <input_file_ref idref="fl-12"/>
      </object_component>
      <object_component id="oc-52">
         <name>.debug_info</name>
         <load_address>0x5613</load_address>
         <run_address>0x5613</run_address>
         <size>0x22c</size>
         <input_file_ref idref="fl-12"/>
      </object_component>
      <object_component id="oc-58">
         <name>.debug_info</name>
         <load_address>0x583f</load_address>
         <run_address>0x583f</run_address>
         <size>0x22c</size>
         <input_file_ref idref="fl-12"/>
      </object_component>
      <object_component id="oc-9b">
         <name>.debug_info</name>
         <load_address>0x5a6b</load_address>
         <run_address>0x5a6b</run_address>
         <size>0x22c</size>
         <input_file_ref idref="fl-12"/>
      </object_component>
      <object_component id="oc-205">
         <name>.debug_info</name>
         <load_address>0x5c97</load_address>
         <run_address>0x5c97</run_address>
         <size>0x304</size>
         <input_file_ref idref="fl-13"/>
      </object_component>
      <object_component id="oc-166">
         <name>.debug_info</name>
         <load_address>0x5f9b</load_address>
         <run_address>0x5f9b</run_address>
         <size>0x127</size>
         <input_file_ref idref="fl-13"/>
      </object_component>
      <object_component id="oc-b2">
         <name>.debug_info</name>
         <load_address>0x60c2</load_address>
         <run_address>0x60c2</run_address>
         <size>0x1cc</size>
         <input_file_ref idref="fl-13"/>
      </object_component>
      <object_component id="oc-6b">
         <name>.debug_info</name>
         <load_address>0x628e</load_address>
         <run_address>0x628e</run_address>
         <size>0x1cc</size>
         <input_file_ref idref="fl-13"/>
      </object_component>
      <object_component id="oc-212">
         <name>.debug_info</name>
         <load_address>0x645a</load_address>
         <run_address>0x645a</run_address>
         <size>0x390</size>
         <input_file_ref idref="fl-14"/>
      </object_component>
      <object_component id="oc-189">
         <name>.debug_info</name>
         <load_address>0x67ea</load_address>
         <run_address>0x67ea</run_address>
         <size>0x12d</size>
         <input_file_ref idref="fl-14"/>
      </object_component>
      <object_component id="oc-77">
         <name>.debug_info</name>
         <load_address>0x6917</load_address>
         <run_address>0x6917</run_address>
         <size>0x204</size>
         <input_file_ref idref="fl-14"/>
      </object_component>
      <object_component id="oc-7d">
         <name>.debug_info</name>
         <load_address>0x6b1b</load_address>
         <run_address>0x6b1b</run_address>
         <size>0x204</size>
         <input_file_ref idref="fl-14"/>
      </object_component>
      <object_component id="oc-83">
         <name>.debug_info</name>
         <load_address>0x6d1f</load_address>
         <run_address>0x6d1f</run_address>
         <size>0x204</size>
         <input_file_ref idref="fl-14"/>
      </object_component>
      <object_component id="oc-89">
         <name>.debug_info</name>
         <load_address>0x6f23</load_address>
         <run_address>0x6f23</run_address>
         <size>0x204</size>
         <input_file_ref idref="fl-14"/>
      </object_component>
      <object_component id="oc-8f">
         <name>.debug_info</name>
         <load_address>0x7127</load_address>
         <run_address>0x7127</run_address>
         <size>0x204</size>
         <input_file_ref idref="fl-14"/>
      </object_component>
      <object_component id="oc-95">
         <name>.debug_info</name>
         <load_address>0x732b</load_address>
         <run_address>0x732b</run_address>
         <size>0x204</size>
         <input_file_ref idref="fl-14"/>
      </object_component>
      <object_component id="oc-a7">
         <name>.debug_info</name>
         <load_address>0x752f</load_address>
         <run_address>0x752f</run_address>
         <size>0x204</size>
         <input_file_ref idref="fl-14"/>
      </object_component>
      <object_component id="oc-ad">
         <name>.debug_info</name>
         <load_address>0x7733</load_address>
         <run_address>0x7733</run_address>
         <size>0x204</size>
         <input_file_ref idref="fl-14"/>
      </object_component>
      <object_component id="oc-d7">
         <name>.debug_info</name>
         <load_address>0x7937</load_address>
         <run_address>0x7937</run_address>
         <size>0x204</size>
         <input_file_ref idref="fl-14"/>
      </object_component>
      <object_component id="oc-e3">
         <name>.debug_info</name>
         <load_address>0x7b3b</load_address>
         <run_address>0x7b3b</run_address>
         <size>0x204</size>
         <input_file_ref idref="fl-14"/>
      </object_component>
      <object_component id="oc-e9">
         <name>.debug_info</name>
         <load_address>0x7d3f</load_address>
         <run_address>0x7d3f</run_address>
         <size>0x204</size>
         <input_file_ref idref="fl-14"/>
      </object_component>
      <object_component id="oc-dc">
         <name>.debug_info</name>
         <load_address>0x7f43</load_address>
         <run_address>0x7f43</run_address>
         <size>0x204</size>
         <input_file_ref idref="fl-14"/>
      </object_component>
      <object_component id="oc-200">
         <name>.debug_info</name>
         <load_address>0x8147</load_address>
         <run_address>0x8147</run_address>
         <size>0x371</size>
         <input_file_ref idref="fl-15"/>
      </object_component>
      <object_component id="oc-15b">
         <name>.debug_info</name>
         <load_address>0x84b8</load_address>
         <run_address>0x84b8</run_address>
         <size>0x12a</size>
         <input_file_ref idref="fl-15"/>
      </object_component>
      <object_component id="oc-60">
         <name>.debug_info</name>
         <load_address>0x85e2</load_address>
         <run_address>0x85e2</run_address>
         <size>0x1fb</size>
         <input_file_ref idref="fl-15"/>
      </object_component>
      <object_component id="oc-65">
         <name>.debug_info</name>
         <load_address>0x87dd</load_address>
         <run_address>0x87dd</run_address>
         <size>0x1fb</size>
         <input_file_ref idref="fl-15"/>
      </object_component>
      <object_component id="oc-a1">
         <name>.debug_info</name>
         <load_address>0x89d8</load_address>
         <run_address>0x89d8</run_address>
         <size>0x1fb</size>
         <input_file_ref idref="fl-15"/>
      </object_component>
      <object_component id="oc-b8">
         <name>.debug_info</name>
         <load_address>0x8bd3</load_address>
         <run_address>0x8bd3</run_address>
         <size>0x1fb</size>
         <input_file_ref idref="fl-15"/>
      </object_component>
      <object_component id="oc-be">
         <name>.debug_info</name>
         <load_address>0x8dce</load_address>
         <run_address>0x8dce</run_address>
         <size>0x1fb</size>
         <input_file_ref idref="fl-15"/>
      </object_component>
      <object_component id="oc-c6">
         <name>.debug_info</name>
         <load_address>0x8fc9</load_address>
         <run_address>0x8fc9</run_address>
         <size>0x1fb</size>
         <input_file_ref idref="fl-15"/>
      </object_component>
      <object_component id="oc-ca">
         <name>.debug_info</name>
         <load_address>0x91c4</load_address>
         <run_address>0x91c4</run_address>
         <size>0x1fb</size>
         <input_file_ref idref="fl-15"/>
      </object_component>
      <object_component id="oc-d0">
         <name>.debug_info</name>
         <load_address>0x93bf</load_address>
         <run_address>0x93bf</run_address>
         <size>0x1fb</size>
         <input_file_ref idref="fl-15"/>
      </object_component>
      <object_component id="oc-2ef">
         <name>.debug_info</name>
         <load_address>0x95ba</load_address>
         <run_address>0x95ba</run_address>
         <size>0x55c</size>
         <input_file_ref idref="fl-1a"/>
      </object_component>
      <object_component id="oc-233">
         <name>.debug_info</name>
         <load_address>0x9b16</load_address>
         <run_address>0x9b16</run_address>
         <size>0x350</size>
         <input_file_ref idref="fl-1a"/>
      </object_component>
      <object_component id="oc-207">
         <name>.debug_info</name>
         <load_address>0x9e66</load_address>
         <run_address>0x9e66</run_address>
         <size>0x359</size>
         <input_file_ref idref="fl-1b"/>
      </object_component>
      <object_component id="oc-170">
         <name>.debug_info</name>
         <load_address>0xa1bf</load_address>
         <run_address>0xa1bf</run_address>
         <size>0x21b</size>
         <input_file_ref idref="fl-1b"/>
      </object_component>
      <object_component id="oc-16a">
         <name>.debug_info</name>
         <load_address>0xa3da</load_address>
         <run_address>0xa3da</run_address>
         <size>0x1b0</size>
         <input_file_ref idref="fl-1b"/>
      </object_component>
      <object_component id="oc-2b3">
         <name>.debug_info</name>
         <load_address>0xa58a</load_address>
         <run_address>0xa58a</run_address>
         <size>0x12e</size>
         <input_file_ref idref="fl-1f"/>
      </object_component>
      <object_component id="oc-1eb">
         <name>.debug_info</name>
         <load_address>0xa6b8</load_address>
         <run_address>0xa6b8</run_address>
         <size>0x383</size>
         <input_file_ref idref="fl-28"/>
      </object_component>
      <object_component id="oc-354">
         <name>.debug_info</name>
         <load_address>0xaa3b</load_address>
         <run_address>0xaa3b</run_address>
         <size>0x103</size>
         <input_file_ref idref="fl-28"/>
      </object_component>
      <object_component id="oc-359">
         <name>.debug_info</name>
         <load_address>0xab3e</load_address>
         <run_address>0xab3e</run_address>
         <size>0x1cf</size>
         <input_file_ref idref="fl-28"/>
      </object_component>
      <object_component id="oc-35e">
         <name>.debug_info</name>
         <load_address>0xad0d</load_address>
         <run_address>0xad0d</run_address>
         <size>0x232</size>
         <input_file_ref idref="fl-28"/>
      </object_component>
      <object_component id="oc-2d1">
         <name>.debug_info</name>
         <load_address>0xaf3f</load_address>
         <run_address>0xaf3f</run_address>
[...]
         <value>0x1b09</value>
         <object_component_ref idref="oc-391"/>
      </symbol>
      <symbol id="sm-13d">
         <name>LIB_I2C_Put</name>
         <value>0x2091</value>
         <object_component_ref idref="oc-3ff"/>
      </symbol>
      <symbol id="sm-155">
         <name>AdcSequenceSamplingValueBuffer</name>
         <value>0x20004128</value>
      </symbol>
      <symbol id="sm-156">
         <name>ADC0S0IsrHandler</name>
         <value>0x2df1</value>
         <object_component_ref idref="oc-6f"/>
      </symbol>
      <symbol id="sm-157">
         <name>AdcSequenceSamplingFlage</name>
         <value>0x2000411d</value>
         <object_component_ref idref="oc-178"/>
      </symbol>
      <symbol id="sm-1db">
         <name>GPIOD_ISR_Handle</name>
         <value>0x2401</value>
         <object_component_ref idref="oc-51"/>
      </symbol>
      <symbol id="sm-1dc">
         <name>GPIOC_ISR_Handle</name>
         <value>0x2591</value>
         <object_component_ref idref="oc-4b"/>
      </symbol>
      <symbol id="sm-1dd">
         <name>GPIOF_ISR_Handle</name>
         <value>0x2611</value>
         <object_component_ref idref="oc-99"/>
      </symbol>
      <symbol id="sm-1de">
         <name>GPIOE_ISR_Handle</name>
         <value>0x2489</value>
         <object_component_ref idref="oc-57"/>
      </symbol>
      <symbol id="sm-1df">
         <name>__nop</name>
         <value>0x3451</value>
         <object_component_ref idref="oc-1ed"/>
      </symbol>
      <symbol id="sm-1e0">
         <name>GPIOB_ISR_Handle</name>
         <value>0x2379</value>
         <object_component_ref idref="oc-45"/>
      </symbol>
      <symbol id="sm-1e1">
         <name>ExtiIsrHandleTable</name>
         <value>0x20004000</value>
         <object_component_ref idref="oc-141"/>
      </symbol>
      <symbol id="sm-1e2">
         <name>GPIOA_ISR_Handle</name>
         <value>0x2511</value>
         <object_component_ref idref="oc-3f"/>
      </symbol>
      <symbol id="sm-203">
         <name>QEI1_ISR_Handle</name>
         <value>0x3229</value>
         <object_component_ref idref="oc-b1"/>
      </symbol>
      <symbol id="sm-204">
         <name>QeiIsrHandleTable</name>
         <value>0x20004110</value>
         <object_component_ref idref="oc-165"/>
      </symbol>
      <symbol id="sm-205">
         <name>QEI0_ISR_Handle</name>
         <value>0x3209</value>
         <object_component_ref idref="oc-69"/>
      </symbol>
      <symbol id="sm-294">
         <name>TIMER3A_ISR_Handle</name>
         <value>0x2f19</value>
         <object_component_ref idref="oc-a5"/>
      </symbol>
      <symbol id="sm-295">
         <name>TIMER0B_ISR_Handle</name>
         <value>0x2e51</value>
         <object_component_ref idref="oc-7b"/>
      </symbol>
      <symbol id="sm-296">
         <name>TIMER0A_ISR_Handle</name>
         <value>0x3171</value>
         <object_component_ref idref="oc-75"/>
      </symbol>
      <symbol id="sm-297">
         <name>TIMER2B_ISR_Handle</name>
         <value>0x2ef1</value>
         <object_component_ref idref="oc-93"/>
      </symbol>
      <symbol id="sm-298">
         <name>TimerIsrHandleTable</name>
         <value>0x200040c0</value>
         <object_component_ref idref="oc-188"/>
      </symbol>
      <symbol id="sm-299">
         <name>TIMER5B_ISR_Handle</name>
         <value>0x2fe1</value>
         <object_component_ref idref="oc-e7"/>
      </symbol>
      <symbol id="sm-29a">
         <name>TIMER2A_ISR_Handle</name>
         <value>0x2ec9</value>
         <object_component_ref idref="oc-8d"/>
      </symbol>
      <symbol id="sm-29b">
         <name>TIMER5A_ISR_Handle</name>
         <value>0x2fb9</value>
         <object_component_ref idref="oc-e1"/>
      </symbol>
      <symbol id="sm-29c">
         <name>TIMER1B_ISR_Handle</name>
         <value>0x2ea1</value>
         <object_component_ref idref="oc-87"/>
      </symbol>
      <symbol id="sm-29d">
         <name>TIMER4B_ISR_Handle</name>
         <value>0x2f91</value>
         <object_component_ref idref="oc-db"/>
      </symbol>
      <symbol id="sm-29e">
         <name>TIMER1A_ISR_Handle</name>
         <value>0x2e79</value>
         <object_component_ref idref="oc-81"/>
      </symbol>
      <symbol id="sm-29f">
         <name>TIMER4A_ISR_Handle</name>
         <value>0x2f69</value>
         <object_component_ref idref="oc-d5"/>
      </symbol>
      <symbol id="sm-2a0">
         <name>TIMER3B_ISR_Handle</name>
         <value>0x2f41</value>
         <object_component_ref idref="oc-ab"/>
      </symbol>
      <symbol id="sm-303">
         <name>UART5_ISR_Handle</name>
         <value>0x30a9</value>
         <object_component_ref idref="oc-c3"/>
      </symbol>
      <symbol id="sm-304">
         <name>UART2_ISR_Handle</name>
         <value>0x3031</value>
         <object_component_ref idref="oc-9f"/>
      </symbol>
      <symbol id="sm-305">
         <name>UART7_ISR_Handle</name>
         <value>0x30f9</value>
         <object_component_ref idref="oc-cf"/>
      </symbol>
      <symbol id="sm-306">
         <name>UART4_ISR_Handle</name>
         <value>0x3081</value>
         <object_component_ref idref="oc-bd"/>
      </symbol>
      <symbol id="sm-307">
         <name>UART1_ISR_Handle</name>
         <value>0x3009</value>
         <object_component_ref idref="oc-63"/>
      </symbol>
      <symbol id="sm-308">
         <name>UART6_ISR_Handle</name>
         <value>0x30d1</value>
         <object_component_ref idref="oc-c9"/>
      </symbol>
      <symbol id="sm-309">
         <name>UART3_ISR_Handle</name>
         <value>0x3059</value>
         <object_component_ref idref="oc-b7"/>
      </symbol>
      <symbol id="sm-30a">
         <name>UART0_ISR_Handle</name>
         <value>0x3199</value>
         <object_component_ref idref="oc-5d"/>
      </symbol>
      <symbol id="sm-30b">
         <name>UartIsrHandleTable</name>
         <value>0x200040f0</value>
         <object_component_ref idref="oc-15a"/>
      </symbol>
      <symbol id="sm-327">
         <name>LIB_UART_PrintfInit</name>
         <value>0x1f21</value>
         <object_component_ref idref="oc-230"/>
      </symbol>
      <symbol id="sm-33f">
         <name>ADCIntClear</name>
         <value>0x33a1</value>
         <object_component_ref idref="oc-169"/>
      </symbol>
      <symbol id="sm-340">
         <name>ADCSequenceDataGet</name>
         <value>0x3121</value>
         <object_component_ref idref="oc-16f"/>
      </symbol>
      <symbol id="sm-34d">
         <name>CPUcpsie</name>
         <value>0x3381</value>
         <object_component_ref idref="oc-2b2"/>
      </symbol>
      <symbol id="sm-39f">
         <name>GPIOPinConfigure</name>
         <value>0x2b39</value>
         <object_component_ref idref="oc-2ca"/>
      </symbol>
      <symbol id="sm-3a0">
         <name>GPIOIntClear</name>
         <value>0x33f9</value>
         <object_component_ref idref="oc-13b"/>
      </symbol>
      <symbol id="sm-3a1">
         <name>GPIOPinTypeUART</name>
         <value>0x32d1</value>
         <object_component_ref idref="oc-2d0"/>
      </symbol>
      <symbol id="sm-3a2">
         <name>GPIOIntStatus</name>
         <value>0x3361</value>
         <object_component_ref idref="oc-135"/>
      </symbol>
      <symbol id="sm-3a3">
         <name>GPIODirModeSet</name>
         <value>0x2e21</value>
         <object_component_ref idref="oc-357"/>
      </symbol>
      <symbol id="sm-3a4">
         <name>GPIOPadConfigSet</name>
         <value>0x14d9</value>
         <object_component_ref idref="oc-35d"/>
      </symbol>
      <symbol id="sm-3ca">
         <name>I2CMasterDataPut</name>
         <value>0x3419</value>
         <object_component_ref idref="oc-40c"/>
      </symbol>
      <symbol id="sm-3cb">
         <name>I2CMasterSlaveAddrSet</name>
         <value>0x33e1</value>
         <object_component_ref idref="oc-406"/>
      </symbol>
      <symbol id="sm-3cc">
         <name>I2CMasterControl</name>
         <value>0x3411</value>
         <object_component_ref idref="oc-412"/>
      </symbol>
      <symbol id="sm-3cd">
         <name>I2CMasterBusy</name>
         <value>0x33d9</value>
         <object_component_ref idref="oc-418"/>
      </symbol>
      <symbol id="sm-3f5">
         <name>IntEnable</name>
         <value>0x2711</value>
         <object_component_ref idref="oc-2e2"/>
      </symbol>
      <symbol id="sm-3f6">
         <name>IntMasterEnable</name>
         <value>0x3351</value>
         <object_component_ref idref="oc-224"/>
      </symbol>
      <symbol id="sm-407">
         <name>QEIIntClear</name>
         <value>0x3421</value>
         <object_component_ref idref="oc-15f"/>
      </symbol>
      <symbol id="sm-468">
         <name>SysCtlClockSet</name>
         <value>0x1d29</value>
         <object_component_ref idref="oc-2b9"/>
      </symbol>
      <symbol id="sm-469">
         <name>SysCtlDelay</name>
         <value>0x14d3</value>
         <object_component_ref idref="oc-24e"/>
      </symbol>
      <symbol id="sm-46a">
         <name>SysCtlPeripheralEnable</name>
         <value>0x2d59</value>
         <object_component_ref idref="oc-346"/>
      </symbol>
      <symbol id="sm-46b">
         <name>SysCtlClockGet</name>
         <value>0x18c1</value>
         <object_component_ref idref="oc-248"/>
      </symbol>
      <symbol id="sm-46c">
         <name>SysCtlPeripheralReady</name>
         <value>0x2d21</value>
         <object_component_ref idref="oc-34c"/>
      </symbol>
      <symbol id="sm-483">
         <name>TimerIntStatus</name>
         <value>0x33b1</value>
         <object_component_ref idref="oc-17c"/>
      </symbol>
      <symbol id="sm-484">
         <name>TimerIntClear</name>
         <value>0x3429</value>
         <object_component_ref idref="oc-182"/>
      </symbol>
      <symbol id="sm-4a9">
         <name>UARTIntEnable</name>
         <value>0x33e9</value>
         <object_component_ref idref="oc-2e8"/>
      </symbol>
      <symbol id="sm-4aa">
         <name>UARTClockSourceSet</name>
         <value>0x3409</value>
         <object_component_ref idref="oc-2d6"/>
      </symbol>
      <symbol id="sm-4ab">
         <name>UARTIntClear</name>
         <value>0x3431</value>
         <object_component_ref idref="oc-154"/>
      </symbol>
      <symbol id="sm-4ac">
         <name>UARTIntStatus</name>
         <value>0x33c1</value>
         <object_component_ref idref="oc-14e"/>
      </symbol>
      <symbol id="sm-51e">
         <name>UARTStdioConfig</name>
         <value>0x28c9</value>
         <object_component_ref idref="oc-2dc"/>
      </symbol>
      <symbol id="sm-51f">
         <name>UARTwrite</name>
         <value>0x29e1</value>
         <object_component_ref idref="oc-37a"/>
      </symbol>
      <symbol id="sm-520">
         <name>UARTprintf</name>
         <value>0x3281</value>
         <object_component_ref idref="oc-236"/>
      </symbol>
      <symbol id="sm-521">
         <name>UARTvprintf</name>
         <value>0xf31</value>
         <object_component_ref idref="oc-2f0"/>
      </symbol>
      <symbol id="sm-549">
         <name>sprintf</name>
         <value>0x2c9d</value>
         <object_component_ref idref="oc-314"/>
      </symbol>
      <symbol id="sm-558">
         <name>__aeabi_uidivmod</name>
         <value>0x2c5d</value>
         <object_component_ref idref="oc-380"/>
      </symbol>
      <symbol id="sm-559">
         <name>__aeabi_uidiv</name>
         <value>0x2c5d</value>
         <object_component_ref idref="oc-380"/>
      </symbol>
      <symbol id="sm-568">
         <name>__aeabi_memset</name>
         <value>0x2693</value>
         <object_component_ref idref="oc-1bb"/>
      </symbol>
      <symbol id="sm-569">
         <name>memset</name>
         <value>0x2699</value>
         <object_component_ref idref="oc-1bb"/>
      </symbol>
      <symbol id="sm-56a">
         <name>__aeabi_memset8</name>
         <value>0x2693</value>
         <object_component_ref idref="oc-1bb"/>
      </symbol>
      <symbol id="sm-56b">
         <name>__aeabi_memset4</name>
         <value>0x2693</value>
         <object_component_ref idref="oc-1bb"/>
      </symbol>
      <symbol id="sm-56c">
         <name>__aeabi_memclr8</name>
         <value>0x2691</value>
         <object_component_ref idref="oc-1bb"/>
      </symbol>
      <symbol id="sm-56d">
         <name>__aeabi_memclr4</name>
         <value>0x2691</value>
         <object_component_ref idref="oc-1bb"/>
      </symbol>
      <symbol id="sm-56e">
         <name>__aeabi_memclr</name>
         <value>0x2691</value>
         <object_component_ref idref="oc-1bb"/>
      </symbol>
      <symbol id="sm-58a">
         <name>memcpy</name>
         <value>0x2135</value>
         <object_component_ref idref="oc-fb"/>
      </symbol>
      <symbol id="sm-58b">
         <name>__aeabi_memcpy</name>
         <value>0x2135</value>
         <object_component_ref idref="oc-fb"/>
      </symbol>
      <symbol id="sm-58c">
         <name>__aeabi_memcpy8</name>
         <value>0x2135</value>
         <object_component_ref idref="oc-fb"/>
      </symbol>
      <symbol id="sm-58d">
         <name>__aeabi_memcpy4</name>
         <value>0x2135</value>
         <object_component_ref idref="oc-fb"/>
      </symbol>
      <symbol id="sm-5a6">
         <name>__TI_zero_init_nomemset</name>
         <value>0x3245</value>
         <object_component_ref idref="oc-107"/>
      </symbol>
      <symbol id="sm-5bd">
         <name>__TI_decompress_none</name>
         <value>0x336f</value>
         <object_component_ref idref="oc-18"/>
      </symbol>
      <symbol id="sm-5e0">
         <name>__TI_decompress_lzss</name>
         <value>0x27f7</value>
         <object_component_ref idref="oc-12"/>
      </symbol>
      <symbol id="sm-5f5">
         <name>_sys_memory</name>
         <value>0x20002000</value>
         <object_component_ref idref="oc-21"/>
      </symbol>
      <symbol id="sm-603">
         <name>strlen</name>
         <value>0x3315</value>
         <object_component_ref idref="oc-2fd"/>
      </symbol>
      <symbol id="sm-616">
         <name>__stack</name>
         <value>0x20000000</value>
         <object_component_ref idref="oc-24"/>
      </symbol>
      <symbol id="sm-617">
         <name>_c_int00_noargs</name>
         <value>0x2d8d</value>
         <object_component_ref idref="oc-119"/>
      </symbol>
      <symbol id="sm-77c">
         <name>__TI_printfi</name>
         <value>0x271</value>
         <object_component_ref idref="oc-3a2"/>
      </symbol>
      <symbol id="sm-79c">
         <name>frexpl</name>
         <value>0x2861</value>
         <object_component_ref idref="oc-4d5"/>
      </symbol>
      <symbol id="sm-79d">
         <name>frexp</name>
         <value>0x2861</value>
         <object_component_ref idref="oc-4d5"/>
      </symbol>
      <symbol id="sm-7ba">
         <name>scalbn</name>
         <value>0x1c19</value>
         <object_component_ref idref="oc-4db"/>
      </symbol>
      <symbol id="sm-7bb">
         <name>scalbnl</name>
         <value>0x1c19</value>
         <object_component_ref idref="oc-4db"/>
      </symbol>
      <symbol id="sm-7bc">
         <name>ldexpl</name>
         <value>0x1c19</value>
         <object_component_ref idref="oc-4db"/>
      </symbol>
      <symbol id="sm-7bd">
         <name>ldexp</name>
         <value>0x1c19</value>
         <object_component_ref idref="oc-4db"/>
      </symbol>
      <symbol id="sm-7d6">
         <name>wcslen</name>
         <value>0x333b</value>
         <object_component_ref idref="oc-454"/>
      </symbol>
      <symbol id="sm-7e0">
         <name>copysign</name>
         <value>0x329b</value>
         <object_component_ref idref="oc-522"/>
      </symbol>
      <symbol id="sm-7e1">
         <name>copysignl</name>
         <value>0x329b</value>
         <object_component_ref idref="oc-522"/>
      </symbol>
      <symbol id="sm-7eb">
         <name>__aeabi_idiv0</name>
         <value>0xcbf</value>
         <object_component_ref idref="oc-3f7"/>
      </symbol>
      <symbol id="sm-7ec">
         <name>__aeabi_ldiv0</name>
         <value>0xcbf</value>
         <object_component_ref idref="oc-3f7"/>
      </symbol>
      <symbol id="sm-7f9">
         <name>__aeabi_uldivmod</name>
         <value>0x21d1</value>
         <object_component_ref idref="oc-48f"/>
      </symbol>
      <symbol id="sm-810">
         <name>__aeabi_dsub</name>
         <value>0x131d</value>
         <object_component_ref idref="oc-4b5"/>
      </symbol>
      <symbol id="sm-811">
         <name>__aeabi_dadd</name>
         <value>0x1327</value>
         <object_component_ref idref="oc-4b5"/>
      </symbol>
      <symbol id="sm-833">
         <name>__aeabi_cdcmpeq</name>
         <value>0x2267</value>
         <object_component_ref idref="oc-431"/>
      </symbol>
      <symbol id="sm-834">
         <name>__aeabi_cdcmple</name>
         <value>0x2267</value>
         <object_component_ref idref="oc-431"/>
      </symbol>
      <symbol id="sm-835">
         <name>__aeabi_cdrcmple</name>
         <value>0x22ed</value>
         <object_component_ref idref="oc-4a0"/>
      </symbol>
      <symbol id="sm-849">
         <name>__aeabi_ddiv</name>
         <value>0x1785</value>
         <object_component_ref idref="oc-49b"/>
      </symbol>
      <symbol id="sm-854">
         <name>__aeabi_dmul</name>
         <value>0x1e25</value>
         <object_component_ref idref="oc-496"/>
      </symbol>
      <symbol id="sm-85e">
         <name>__aeabi_d2iz</name>
         <value>0x2bd1</value>
         <object_component_ref idref="oc-4a5"/>
      </symbol>
      <symbol id="sm-868">
         <name>__aeabi_i2d</name>
         <value>0x2dc1</value>
         <object_component_ref idref="oc-4b0"/>
      </symbol>
      <symbol id="sm-890">
         <name>__TI_auto_init_nobinit_nopinit</name>
         <value>0x2c19</value>
         <object_component_ref idref="oc-25c"/>
      </symbol>
      <symbol id="sm-89a">
         <name>_system_pre_init</name>
         <value>0x18bb</value>
         <object_component_ref idref="oc-1c1"/>
      </symbol>
      <symbol id="sm-8a6">
         <name>C$$EXIT</name>
         <value>0x208b</value>
         <object_component_ref idref="oc-250"/>
      </symbol>
      <symbol id="sm-8a7">
         <name>abort</name>
         <value>0x208b</value>
         <object_component_ref idref="oc-250"/>
      </symbol>
      <symbol id="sm-8bf">
         <name>atoi</name>
         <value>0x2b85</value>
         <object_component_ref idref="oc-425"/>
      </symbol>
      <symbol id="sm-8ca">
         <name>_ctypes_</name>
         <value>0x367c</value>
         <object_component_ref idref="oc-48a"/>
      </symbol>
      <symbol id="sm-8d9">
         <name>ltoa</name>
         <value>0x2a8f</value>
         <object_component_ref idref="oc-4aa"/>
      </symbol>
      <symbol id="sm-8e9">
         <name>memccpy</name>
         <value>0x3261</value>
         <object_component_ref idref="oc-44e"/>
      </symbol>
      <symbol id="sm-8f9">
         <name>strchr</name>
         <value>0x32e7</value>
         <object_component_ref idref="oc-4e1"/>
      </symbol>
      <symbol id="sm-90f">
         <name>__aeabi_errno_addr</name>
         <value>0x33f1</value>
         <object_component_ref idref="oc-45a"/>
      </symbol>
      <symbol id="sm-910">
         <name>errno</name>
         <value>0x20004124</value>
         <object_component_ref idref="oc-4f1"/>
      </symbol>
      <symbol id="sm-911">
         <name>__TI_static_base__</name>
         <value>0x0</value>
      </symbol>
      <symbol id="sm-914">
         <name>__mpu_init</name>
         <value>0x0</value>
      </symbol>
      <symbol id="sm-915">
         <name>_system_post_cinit</name>
         <value>0x0</value>
      </symbol>
   </symbol_table>
   <title>Link successful</title>
</link_info>
