<?xml version="1.0" encoding="ISO-8859-1" ?>
<link_info>
   <banner>TI ARM Linker PC v18.12.8.LTS</banner>
   <copyright>Copyright (c) 1996-2018 Texas Instruments Incorporated</copyright>
   <link_time>0x64d4e2e5</link_time>
   <link_errors>0x0</link_errors>
   <output_file>EK-TM4C123GXL_LIB_TEST.out</output_file>
   <entry_point>
      <name>_c_int00_noargs</name>
      <address>0xfad</address>
   </entry_point>
   <input_file_list>
      <input_file id="fl-2">
         <path>.\</path>
         <kind>object</kind>
         <file>main.obj</file>
         <name>main.obj</name>
      </input_file>
      <input_file id="fl-3">
         <path>.\</path>
         <kind>object</kind>
         <file>startup_ccs.obj</file>
         <name>startup_ccs.obj</name>
      </input_file>
      <input_file id="fl-4">
         <path>.\EK-TM4C123GXL_LIB\adc\</path>
         <kind>object</kind>
         <file>lib_adc.obj</file>
         <name>lib_adc.obj</name>
      </input_file>
      <input_file id="fl-5">
         <path>.\EK-TM4C123GXL_LIB\clock\</path>
         <kind>object</kind>
         <file>lib_clock.obj</file>
         <name>lib_clock.obj</name>
      </input_file>
      <input_file id="fl-6">
         <path>.\EK-TM4C123GXL_LIB\gpio\</path>
         <kind>object</kind>
         <file>lib_gpio.obj</file>
         <name>lib_gpio.obj</name>
      </input_file>
      <input_file id="fl-7">
         <path>.\EK-TM4C123GXL_LIB\i2c\</path>
         <kind>object</kind>
         <file>lib_i2c.obj</file>
         <name>lib_i2c.obj</name>
      </input_file>
      <input_file id="fl-8">
         <path>.\EK-TM4C123GXL_LIB\isr_anagement\</path>
         <kind>object</kind>
         <file>lib_ADCisrmanagement.obj</file>
         <name>lib_ADCisrmanagement.obj</name>
      </input_file>
      <input_file id="fl-9">
         <path>.\EK-TM4C123GXL_LIB\isr_anagement\</path>
         <kind>object</kind>
         <file>lib_EXTIisrmanagement.obj</file>
         <name>lib_EXTIisrmanagement.obj</name>
      </input_file>
      <input_file id="fl-a">
         <path>.\EK-TM4C123GXL_LIB\isr_anagement\</path>
         <kind>object</kind>
         <file>lib_QEIisrmanagement.obj</file>
         <name>lib_QEIisrmanagement.obj</name>
      </input_file>
      <input_file id="fl-b">
         <path>.\EK-TM4C123GXL_LIB\isr_anagement\</path>
         <kind>object</kind>
         <file>lib_TIMERisrmanagement.obj</file>
         <name>lib_TIMERisrmanagement.obj</name>
      </input_file>
      <input_file id="fl-c">
         <path>.\EK-TM4C123GXL_LIB\isr_anagement\</path>
         <kind>object</kind>
         <file>lib_UARTisrmanagement.obj</file>
         <name>lib_UARTisrmanagement.obj</name>
      </input_file>
      <input_file id="fl-d">
         <path>.\EK-TM4C123GXL_LIB\pwm\</path>
         <kind>object</kind>
         <file>lib_pwm.obj</file>
         <name>lib_pwm.obj</name>
      </input_file>
      <input_file id="fl-e">
         <path>.\EK-TM4C123GXL_LIB\qei\</path>
         <kind>object</kind>
         <file>lib_qei.obj</file>
         <name>lib_qei.obj</name>
      </input_file>
      <input_file id="fl-f">
         <path>.\EK-TM4C123GXL_LIB\time\</path>
         <kind>object</kind>
         <file>lib_time.obj</file>
         <name>lib_time.obj</name>
      </input_file>
      <input_file id="fl-10">
         <path>.\EK-TM4C123GXL_LIB\timer\</path>
         <kind>object</kind>
         <file>lib_timer.obj</file>
         <name>lib_timer.obj</name>
      </input_file>
      <input_file id="fl-11">
         <path>.\EK-TM4C123GXL_LIB\uart\</path>
         <kind>object</kind>
         <file>lib_uart.obj</file>
         <name>lib_uart.obj</name>
      </input_file>
      <input_file id="fl-12">
         <path>.\Peripheral_LIB\CX20106A\</path>
         <kind>object</kind>
         <file>cx20106a.obj</file>
         <name>cx20106a.obj</name>
      </input_file>
      <input_file id="fl-13">
         <path>.\Peripheral_LIB\GANWEI-8Bit-photocell\</path>
         <kind>object</kind>
         <file>photocell.obj</file>
         <name>photocell.obj</name>
      </input_file>
      <input_file id="fl-14">
         <path>.\Peripheral_LIB\GY62\</path>
         <kind>object</kind>
         <file>gy62.obj</file>
         <name>gy62.obj</name>
      </input_file>
      <input_file id="fl-15">
         <path>.\Peripheral_LIB\HC-SR04\</path>
         <kind>object</kind>
         <file>hc-sr04.obj</file>
         <name>hc-sr04.obj</name>
      </input_file>
      <input_file id="fl-16">
         <path>.\Peripheral_LIB\OLED\</path>
         <kind>object</kind>
         <file>front.obj</file>
         <name>front.obj</name>
      </input_file>
      <input_file id="fl-17">
         <path>.\Peripheral_LIB\OLED\</path>
         <kind>object</kind>
         <file>oled.obj</file>
         <name>oled.obj</name>
      </input_file>
      <input_file id="fl-18">
         <path>.\Peripheral_LIB\TSL1401\</path>
         <kind>object</kind>
         <file>tsl1401.obj</file>
         <name>tsl1401.obj</name>
      </input_file>
      <input_file id="fl-19">
         <path>.\Peripheral_LIB\VL53L0x\</path>
         <kind>object</kind>
         <file>vl53l0x.obj</file>
         <name>vl53l0x.obj</name>
      </input_file>
      <input_file id="fl-1a">
         <path>.\Structures_LIB\</path>
         <kind>object</kind>
         <file>linkedlist.obj</file>
         <name>linkedlist.obj</name>
      </input_file>
      <input_file id="fl-1b">
         <path>.\control\</path>
         <kind>object</kind>
         <file>motor.obj</file>
         <name>motor.obj</name>
      </input_file>
      <input_file id="fl-1c">
         <path>.\driverlib\</path>
         <kind>object</kind>
         <file>adc.obj</file>
         <name>adc.obj</name>
      </input_file>
      <input_file id="fl-1d">
         <path>.\driverlib\</path>
         <kind>object</kind>
         <file>aes.obj</file>
         <name>aes.obj</name>
      </input_file>
      <input_file id="fl-1e">
         <path>.\driverlib\</path>
         <kind>object</kind>
         <file>can.obj</file>
         <name>can.obj</name>
      </input_file>
      <input_file id="fl-1f">
         <path>.\driverlib\</path>
         <kind>object</kind>
         <file>comp.obj</file>
         <name>comp.obj</name>
      </input_file>
      <input_file id="fl-20">
         <path>.\driverlib\</path>
         <kind>object</kind>
         <file>cpu.obj</file>
         <name>cpu.obj</name>
      </input_file>
      <input_file id="fl-21">
         <path>.\driverlib\</path>
         <kind>object</kind>
         <file>crc.obj</file>
         <name>crc.obj</name>
      </input_file>
      <input_file id="fl-22">
         <path>.\driverlib\</path>
         <kind>object</kind>
         <file>des.obj</file>
         <name>des.obj</name>
      </input_file>
      <input_file id="fl-23">
         <path>.\driverlib\</path>
         <kind>object</kind>
         <file>eeprom.obj</file>
         <name>eeprom.obj</name>
      </input_file>
      <input_file id="fl-24">
         <path>.\driverlib\</path>
         <kind>object</kind>
         <file>emac.obj</file>
         <name>emac.obj</name>
      </input_file>
      <input_file id="fl-25">
         <path>.\driverlib\</path>
         <kind>object</kind>
         <file>epi.obj</file>
         <name>epi.obj</name>
      </input_file>
      <input_file id="fl-26">
         <path>.\driverlib\</path>
         <kind>object</kind>
         <file>epi_workaround_ccs.obj</file>
         <name>epi_workaround_ccs.obj</name>
      </input_file>
      <input_file id="fl-27">
         <path>.\driverlib\</path>
         <kind>object</kind>
         <file>flash.obj</file>
         <name>flash.obj</name>
      </input_file>
      <input_file id="fl-28">
         <path>.\driverlib\</path>
         <kind>object</kind>
         <file>fpu.obj</file>
         <name>fpu.obj</name>
      </input_file>
      <input_file id="fl-29">
         <path>.\driverlib\</path>
         <kind>object</kind>
         <file>gpio.obj</file>
         <name>gpio.obj</name>
      </input_file>
      <input_file id="fl-2a">
         <path>.\driverlib\</path>
         <kind>object</kind>
         <file>hibernate.obj</file>
         <name>hibernate.obj</name>
      </input_file>
      <input_file id="fl-2b">
         <path>.\driverlib\</path>
         <kind>object</kind>
         <file>i2c.obj</file>
         <name>i2c.obj</name>
      </input_file>
      <input_file id="fl-2c">
         <path>.\driverlib\</path>
         <kind>object</kind>
         <file>interrupt.obj</file>
         <name>interrupt.obj</name>
      </input_file>
      <input_file id="fl-2d">
         <path>.\driverlib\</path>
         <kind>object</kind>
         <file>lcd.obj</file>
         <name>lcd.obj</name>
      </input_file>
      <input_file id="fl-2e">
         <path>.\driverlib\</path>
         <kind>object</kind>
         <file>mpu.obj</file>
         <name>mpu.obj</name>
      </input_file>
      <input_file id="fl-2f">
         <path>.\driverlib\</path>
         <kind>object</kind>
         <file>onewire.obj</file>
         <name>onewire.obj</name>
      </input_file>
      <input_file id="fl-30">
         <path>.\driverlib\</path>
         <kind>object</kind>
         <file>pwm.obj</file>
         <name>pwm.obj</name>
      </input_file>
      <input_file id="fl-31">
         <path>.\driverlib\</path>
         <kind>object</kind>
         <file>qei.obj</file>
         <name>qei.obj</name>
      </input_file>
      <input_file id="fl-32">
         <path>.\driverlib\</path>
         <kind>object</kind>
         <file>shamd5.obj</file>
         <name>shamd5.obj</name>
      </input_file>
      <input_file id="fl-33">
         <path>.\driverlib\</path>
         <kind>object</kind>
         <file>ssi.obj</file>
         <name>ssi.obj</name>
      </input_file>
      <input_file id="fl-34">
         <path>.\driverlib\</path>
         <kind>object</kind>
         <file>sw_crc.obj</file>
         <name>sw_crc.obj</name>
      </input_file>
      <input_file id="fl-35">
         <path>.\driverlib\</path>
         <kind>object</kind>
         <file>sysctl.obj</file>
         <name>sysctl.obj</name>
      </input_file>
      <input_file id="fl-36">
         <path>.\driverlib\</path>
         <kind>object</kind>
         <file>sysexc.obj</file>
         <name>sysexc.obj</name>
      </input_file>
      <input_file id="fl-37">
         <path>.\driverlib\</path>
         <kind>object</kind>
         <file>systick.obj</file>
         <name>systick.obj</name>
      </input_file>
      <input_file id="fl-38">
         <path>.\driverlib\</path>
         <kind>object</kind>
         <file>timer.obj</file>
         <name>timer.obj</name>
      </input_file>
      <input_file id="fl-39">
         <path>.\driverlib\</path>
         <kind>object</kind>
         <file>uart.obj</file>
         <name>uart.obj</name>
      </input_file>
      <input_file id="fl-3a">
         <path>.\driverlib\</path>
         <kind>object</kind>
         <file>udma.obj</file>
         <name>udma.obj</name>
      </input_file>
      <input_file id="fl-3b">
         <path>.\driverlib\</path>
         <kind>object</kind>
         <file>usb.obj</file>
         <name>usb.obj</name>
      </input_file>
      <input_file id="fl-3c">
         <path>.\driverlib\</path>
         <kind>object</kind>
         <file>watchdog.obj</file>
         <name>watchdog.obj</name>
      </input_file>
      <input_file id="fl-3d">
         <path>.\utils\</path>
         <kind>object</kind>
         <file>uartstdio.obj</file>
         <name>uartstdio.obj</name>
      </input_file>
      <input_file id="fl-3e">
         <path>.\utils\</path>
         <kind>object</kind>
         <file>ustdlib.obj</file>
         <name>ustdlib.obj</name>
      </input_file>
      <input_file id="fl-48">
         <kind>object</kind>
         <file>&lt;internal&gt;</file>
         <name>&lt;internal&gt;</name>
      </input_file>
      <input_file id="fl-fe">
         <path>C:\ti\ccs1220\ccs\tools\compiler\ti-cgt-arm_18.12.8.LTS\lib\</path>
         <kind>archive</kind>
         <file>rtsv7M4_T_le_v4SPD16_eabi.lib</file>
         <name>sprintf.c.obj</name>
      </input_file>
      <input_file id="fl-ff">
         <path>C:\ti\ccs1220\ccs\tools\compiler\ti-cgt-arm_18.12.8.LTS\lib\</path>
         <kind>archive</kind>
         <file>rtsv7M4_T_le_v4SPD16_eabi.lib</file>
         <name>u_divt2.asm.obj</name>
      </input_file>
      <input_file id="fl-100">
         <path>C:\ti\ccs1220\ccs\tools\compiler\ti-cgt-arm_18.12.8.LTS\lib\</path>
         <kind>archive</kind>
         <file>rtsv7M4_T_le_v4SPD16_eabi.lib</file>
         <name>memset_t2.asm.obj</name>
      </input_file>
      <input_file id="fl-101">
         <path>C:\ti\ccs1220\ccs\tools\compiler\ti-cgt-arm_18.12.8.LTS\lib\</path>
         <kind>archive</kind>
         <file>rtsv7M4_T_le_v4SPD16_eabi.lib</file>
         <name>fs_tod_t2.asm.obj</name>
      </input_file>
      <input_file id="fl-102">
         <path>C:\ti\ccs1220\ccs\tools\compiler\ti-cgt-arm_18.12.8.LTS\lib\</path>
         <kind>archive</kind>
         <file>rtsv7M4_T_le_v4SPD16_eabi.lib</file>
         <name>memcpy_t2.asm.obj</name>
      </input_file>
      <input_file id="fl-103">
         <path>C:\ti\ccs1220\ccs\tools\compiler\ti-cgt-arm_18.12.8.LTS\lib\</path>
         <kind>archive</kind>
         <file>rtsv7M4_T_le_v4SPD16_eabi.lib</file>
         <name>copy_zero_init.c.obj</name>
      </input_file>
      <input_file id="fl-104">
         <path>C:\ti\ccs1220\ccs\tools\compiler\ti-cgt-arm_18.12.8.LTS\lib\</path>
         <kind>archive</kind>
         <file>rtsv7M4_T_le_v4SPD16_eabi.lib</file>
         <name>copy_decompress_none.c.obj</name>
      </input_file>
      <input_file id="fl-105">
         <path>C:\ti\ccs1220\ccs\tools\compiler\ti-cgt-arm_18.12.8.LTS\lib\</path>
         <kind>archive</kind>
         <file>rtsv7M4_T_le_v4SPD16_eabi.lib</file>
         <name>copy_decompress_lzss.c.obj</name>
      </input_file>
      <input_file id="fl-106">
         <path>C:\ti\ccs1220\ccs\tools\compiler\ti-cgt-arm_18.12.8.LTS\lib\</path>
         <kind>archive</kind>
         <file>rtsv7M4_T_le_v4SPD16_eabi.lib</file>
         <name>memory.c.obj</name>
      </input_file>
      <input_file id="fl-107">
         <path>C:\ti\ccs1220\ccs\tools\compiler\ti-cgt-arm_18.12.8.LTS\lib\</path>
         <kind>archive</kind>
         <file>rtsv7M4_T_le_v4SPD16_eabi.lib</file>
         <name>strlen.c.obj</name>
      </input_file>
      <input_file id="fl-108">
         <path>C:\ti\ccs1220\ccs\tools\compiler\ti-cgt-arm_18.12.8.LTS\lib\</path>
         <kind>archive</kind>
         <file>rtsv7M4_T_le_v4SPD16_eabi.lib</file>
         <name>boot_cortex_m.c.obj</name>
      </input_file>
      <input_file id="fl-109">
         <path>C:\ti\ccs1220\ccs\tools\compiler\ti-cgt-arm_18.12.8.LTS\lib\</path>
         <kind>archive</kind>
         <file>rtsv7M4_T_le_v4SPD16_eabi.lib</file>
         <name>_printfi.c.obj</name>
      </input_file>
      <input_file id="fl-10a">
         <path>C:\ti\ccs1220\ccs\tools\compiler\ti-cgt-arm_18.12.8.LTS\lib\</path>
         <kind>archive</kind>
         <file>rtsv7M4_T_le_v4SPD16_eabi.lib</file>
         <name>s_frexp.c.obj</name>
      </input_file>
      <input_file id="fl-10b">
         <path>C:\ti\ccs1220\ccs\tools\compiler\ti-cgt-arm_18.12.8.LTS\lib\</path>
         <kind>archive</kind>
         <file>rtsv7M4_T_le_v4SPD16_eabi.lib</file>
         <name>s_scalbn.c.obj</name>
      </input_file>
      <input_file id="fl-10c">
         <path>C:\ti\ccs1220\ccs\tools\compiler\ti-cgt-arm_18.12.8.LTS\lib\</path>
         <kind>archive</kind>
         <file>rtsv7M4_T_le_v4SPD16_eabi.lib</file>
         <name>wcslen.c.obj</name>
      </input_file>
      <input_file id="fl-10d">
         <path>C:\ti\ccs1220\ccs\tools\compiler\ti-cgt-arm_18.12.8.LTS\lib\</path>
         <kind>archive</kind>
         <file>rtsv7M4_T_le_v4SPD16_eabi.lib</file>
         <name>s_copysign.c.obj</name>
      </input_file>
      <input_file id="fl-10e">
         <path>C:\ti\ccs1220\ccs\tools\compiler\ti-cgt-arm_18.12.8.LTS\lib\</path>
         <kind>archive</kind>
         <file>rtsv7M4_T_le_v4SPD16_eabi.lib</file>
         <name>div0.asm.obj</name>
      </input_file>
      <input_file id="fl-10f">
         <path>C:\ti\ccs1220\ccs\tools\compiler\ti-cgt-arm_18.12.8.LTS\lib\</path>
         <kind>archive</kind>
         <file>rtsv7M4_T_le_v4SPD16_eabi.lib</file>
         <name>ull_div_t2.asm.obj</name>
      </input_file>
      <input_file id="fl-110">
         <path>C:\ti\ccs1220\ccs\tools\compiler\ti-cgt-arm_18.12.8.LTS\lib\</path>
         <kind>archive</kind>
         <file>rtsv7M4_T_le_v4SPD16_eabi.lib</file>
         <name>fd_add_t2.asm.obj</name>
      </input_file>
      <input_file id="fl-111">
         <path>C:\ti\ccs1220\ccs\tools\compiler\ti-cgt-arm_18.12.8.LTS\lib\</path>
         <kind>archive</kind>
         <file>rtsv7M4_T_le_v4SPD16_eabi.lib</file>
         <name>fd_cmp_t2.asm.obj</name>
      </input_file>
      <input_file id="fl-112">
         <path>C:\ti\ccs1220\ccs\tools\compiler\ti-cgt-arm_18.12.8.LTS\lib\</path>
         <kind>archive</kind>
         <file>rtsv7M4_T_le_v4SPD16_eabi.lib</file>
         <name>fd_div_t2.asm.obj</name>
      </input_file>
      <input_file id="fl-113">
         <path>C:\ti\ccs1220\ccs\tools\compiler\ti-cgt-arm_18.12.8.LTS\lib\</path>
         <kind>archive</kind>
         <file>rtsv7M4_T_le_v4SPD16_eabi.lib</file>
         <name>fd_mul_t2.asm.obj</name>
      </input_file>
      <input_file id="fl-114">
         <path>C:\ti\ccs1220\ccs\tools\compiler\ti-cgt-arm_18.12.8.LTS\lib\</path>
         <kind>archive</kind>
         <file>rtsv7M4_T_le_v4SPD16_eabi.lib</file>
         <name>fd_toi_t2.asm.obj</name>
      </input_file>
      <input_file id="fl-115">
         <path>C:\ti\ccs1220\ccs\tools\compiler\ti-cgt-arm_18.12.8.LTS\lib\</path>
         <kind>archive</kind>
         <file>rtsv7M4_T_le_v4SPD16_eabi.lib</file>
         <name>i_tofd_t2.asm.obj</name>
      </input_file>
      <input_file id="fl-116">
         <path>C:\ti\ccs1220\ccs\tools\compiler\ti-cgt-arm_18.12.8.LTS\lib\</path>
         <kind>archive</kind>
         <file>rtsv7M4_T_le_v4SPD16_eabi.lib</file>
         <name>autoinit.c.obj</name>
      </input_file>
      <input_file id="fl-117">
         <path>C:\ti\ccs1220\ccs\tools\compiler\ti-cgt-arm_18.12.8.LTS\lib\</path>
         <kind>archive</kind>
         <file>rtsv7M4_T_le_v4SPD16_eabi.lib</file>
         <name>pre_init.c.obj</name>
      </input_file>
      <input_file id="fl-118">
         <path>C:\ti\ccs1220\ccs\tools\compiler\ti-cgt-arm_18.12.8.LTS\lib\</path>
         <kind>archive</kind>
         <file>rtsv7M4_T_le_v4SPD16_eabi.lib</file>
         <name>cpy_tbl.c.obj</name>
      </input_file>
      <input_file id="fl-119">
         <path>C:\ti\ccs1220\ccs\tools\compiler\ti-cgt-arm_18.12.8.LTS\lib\</path>
         <kind>archive</kind>
         <file>rtsv7M4_T_le_v4SPD16_eabi.lib</file>
         <name>exit.c.obj</name>
      </input_file>
      <input_file id="fl-11a">
         <path>C:\ti\ccs1220\ccs\tools\compiler\ti-cgt-arm_18.12.8.LTS\lib\</path>
         <kind>archive</kind>
         <file>rtsv7M4_T_le_v4SPD16_eabi.lib</file>
         <name>_lock.c.obj</name>
      </input_file>
      <input_file id="fl-11b">
         <path>C:\ti\ccs1220\ccs\tools\compiler\ti-cgt-arm_18.12.8.LTS\lib\</path>
         <kind>archive</kind>
         <file>rtsv7M4_T_le_v4SPD16_eabi.lib</file>
         <name>args_main.c.obj</name>
      </input_file>
      <input_file id="fl-11c">
         <path>C:\ti\ccs1220\ccs\tools\compiler\ti-cgt-arm_18.12.8.LTS\lib\</path>
         <kind>archive</kind>
         <file>rtsv7M4_T_le_v4SPD16_eabi.lib</file>
         <name>atoi.c.obj</name>
      </input_file>
      <input_file id="fl-11d">
         <path>C:\ti\ccs1220\ccs\tools\compiler\ti-cgt-arm_18.12.8.LTS\lib\</path>
         <kind>archive</kind>
         <file>rtsv7M4_T_le_v4SPD16_eabi.lib</file>
         <name>ctype.c.obj</name>
      </input_file>
      <input_file id="fl-11e">
         <path>C:\ti\ccs1220\ccs\tools\compiler\ti-cgt-arm_18.12.8.LTS\lib\</path>
         <kind>archive</kind>
         <file>rtsv7M4_T_le_v4SPD16_eabi.lib</file>
         <name>ltoa.c.obj</name>
      </input_file>
      <input_file id="fl-11f">
         <path>C:\ti\ccs1220\ccs\tools\compiler\ti-cgt-arm_18.12.8.LTS\lib\</path>
         <kind>archive</kind>
         <file>rtsv7M4_T_le_v4SPD16_eabi.lib</file>
         <name>memccpy.c.obj</name>
      </input_file>
      <input_file id="fl-120">
         <path>C:\ti\ccs1220\ccs\tools\compiler\ti-cgt-arm_18.12.8.LTS\lib\</path>
         <kind>archive</kind>
         <file>rtsv7M4_T_le_v4SPD16_eabi.lib</file>
         <name>strchr.c.obj</name>
      </input_file>
      <input_file id="fl-121">
         <path>C:\ti\ccs1220\ccs\tools\compiler\ti-cgt-arm_18.12.8.LTS\lib\</path>
         <kind>archive</kind>
         <file>rtsv7M4_T_le_v4SPD16_eabi.lib</file>
         <name>errno.c.obj</name>
      </input_file>
   </input_file_list>
   <object_component_list>
      <object_component id="oc-10">
         <name>.intvecs</name>
         <load_address>0x0</load_address>
         <run_address>0x0</run_address>
         <size>0x26c</size>
         <input_file_ref idref="fl-3"/>
      </object_component>
      <object_component id="oc-2e0">
         <name>.text:UARTvprintf</name>
         <load_address>0x270</load_address>
         <run_address>0x270</run_address>
         <size>0x21a</size>
         <input_file_ref idref="fl-3d"/>
      </object_component>
      <object_component id="oc-243">
         <name>.text:SysCtlDelay</name>
         <load_address>0x48a</load_address>
         <run_address>0x48a</run_address>
         <size>0x6</size>
         <input_file_ref idref="fl-35"/>
      </object_component>
      <object_component id="oc-32f">
         <name>.text:GPIOPadConfigSet</name>
         <load_address>0x490</load_address>
         <run_address>0x490</run_address>
         <size>0x170</size>
         <input_file_ref idref="fl-29"/>
      </object_component>
      <object_component id="oc-23d">
         <name>.text:SysCtlClockGet</name>
         <load_address>0x600</load_address>
         <run_address>0x600</run_address>
         <size>0x124</size>
         <input_file_ref idref="fl-35"/>
      </object_component>
      <object_component id="oc-1c2">
         <name>.text:_system_pre_init</name>
         <load_address>0x724</load_address>
         <run_address>0x724</run_address>
         <size>0x4</size>
         <input_file_ref idref="fl-117"/>
      </object_component>
      <object_component id="oc-2a9">
         <name>.text:SysCtlClockSet</name>
         <load_address>0x728</load_address>
         <run_address>0x728</run_address>
         <size>0xfc</size>
         <input_file_ref idref="fl-35"/>
      </object_component>
      <object_component id="oc-245">
         <name>.text:abort:abort</name>
         <load_address>0x824</load_address>
         <run_address>0x824</run_address>
         <size>0x4</size>
         <input_file_ref idref="fl-119"/>
      </object_component>
      <object_component id="oc-231">
         <name>.text:LIB_UART_PrintfInit</name>
         <load_address>0x828</load_address>
         <run_address>0x828</run_address>
         <size>0xb8</size>
         <input_file_ref idref="fl-11"/>
      </object_component>
      <object_component id="oc-fc">
         <name>.text</name>
         <load_address>0x8e0</load_address>
         <run_address>0x8e0</run_address>
         <size>0x9c</size>
         <input_file_ref idref="fl-102"/>
      </object_component>
      <object_component id="oc-39b">
         <name>.text</name>
         <load_address>0x97c</load_address>
         <run_address>0x97c</run_address>
         <size>0x2</size>
         <input_file_ref idref="fl-10e"/>
      </object_component>
      <object_component id="oc-46">
         <name>.text:GPIOB_ISR_Handle</name>
         <load_address>0x980</load_address>
         <run_address>0x980</run_address>
         <size>0x84</size>
         <input_file_ref idref="fl-9"/>
      </object_component>
      <object_component id="oc-52">
         <name>.text:GPIOD_ISR_Handle</name>
         <load_address>0xa08</load_address>
         <run_address>0xa08</run_address>
         <size>0x84</size>
         <input_file_ref idref="fl-9"/>
      </object_component>
      <object_component id="oc-58">
         <name>.text:GPIOE_ISR_Handle</name>
         <load_address>0xa90</load_address>
         <run_address>0xa90</run_address>
         <size>0x84</size>
         <input_file_ref idref="fl-9"/>
      </object_component>
      <object_component id="oc-40">
         <name>.text:GPIOA_ISR_Handle</name>
         <load_address>0xb18</load_address>
         <run_address>0xb18</run_address>
         <size>0x80</size>
         <input_file_ref idref="fl-9"/>
      </object_component>
      <object_component id="oc-4c">
         <name>.text:GPIOC_ISR_Handle</name>
         <load_address>0xb98</load_address>
         <run_address>0xb98</run_address>
         <size>0x80</size>
         <input_file_ref idref="fl-9"/>
      </object_component>
      <object_component id="oc-9a">
         <name>.text:GPIOF_ISR_Handle</name>
         <load_address>0xc18</load_address>
         <run_address>0xc18</run_address>
         <size>0x80</size>
         <input_file_ref idref="fl-9"/>
      </object_component>
      <object_component id="oc-2d2">
         <name>.text:IntEnable</name>
         <load_address>0xc98</load_address>
         <run_address>0xc98</run_address>
         <size>0x78</size>
         <input_file_ref idref="fl-2c"/>
      </object_component>
      <object_component id="oc-13">
         <name>.text:decompress:lzss:__TI_decompress_lzss</name>
         <load_address>0xd10</load_address>
         <run_address>0xd10</run_address>
         <size>0x68</size>
         <input_file_ref idref="fl-105"/>
      </object_component>
      <object_component id="oc-2cc">
         <name>.text:UARTStdioConfig</name>
         <load_address>0xd78</load_address>
         <run_address>0xd78</run_address>
         <size>0x60</size>
         <input_file_ref idref="fl-3d"/>
      </object_component>
      <object_component id="oc-34c">
         <name>.text:UARTwrite</name>
         <load_address>0xdd8</load_address>
         <run_address>0xdd8</run_address>
         <size>0x58</size>
         <input_file_ref idref="fl-3d"/>
      </object_component>
      <object_component id="oc-2ba">
         <name>.text:GPIOPinConfigure</name>
         <load_address>0xe30</load_address>
         <run_address>0xe30</run_address>
         <size>0x4c</size>
         <input_file_ref idref="fl-29"/>
      </object_component>
      <object_component id="oc-251">
         <name>.text:__TI_auto_init_nobinit_nopinit:__TI_auto_init_nobinit_nopinit</name>
         <load_address>0xe7c</load_address>
         <run_address>0xe7c</run_address>
         <size>0x44</size>
         <input_file_ref idref="fl-116"/>
      </object_component>
      <object_component id="oc-352">
         <name>.text</name>
         <load_address>0xec0</load_address>
         <run_address>0xec0</run_address>
         <size>0x40</size>
         <input_file_ref idref="fl-ff"/>
      </object_component>
      <object_component id="oc-1c8">
         <name>.text:main</name>
         <load_address>0xf00</load_address>
         <run_address>0xf00</run_address>
         <size>0x3a</size>
         <input_file_ref idref="fl-2"/>
      </object_component>
      <object_component id="oc-31e">
         <name>.text:SysCtlPeripheralReady</name>
         <load_address>0xf40</load_address>
         <run_address>0xf40</run_address>
         <size>0x38</size>
         <input_file_ref idref="fl-35"/>
      </object_component>
      <object_component id="oc-318">
         <name>.text:SysCtlPeripheralEnable</name>
         <load_address>0xf78</load_address>
         <run_address>0xf78</run_address>
         <size>0x34</size>
         <input_file_ref idref="fl-35"/>
      </object_component>
      <object_component id="oc-11a">
         <name>.text:_c_int00_noargs:_c_int00_noargs</name>
         <load_address>0xfac</load_address>
         <run_address>0xfac</run_address>
         <size>0x34</size>
         <input_file_ref idref="fl-108"/>
      </object_component>
      <object_component id="oc-70">
         <name>.text:ADC0S0IsrHandler</name>
         <load_address>0xfe0</load_address>
         <run_address>0xfe0</run_address>
         <size>0x2c</size>
         <input_file_ref idref="fl-8"/>
      </object_component>
      <object_component id="oc-329">
         <name>.text:GPIODirModeSet</name>
         <load_address>0x1010</load_address>
         <run_address>0x1010</run_address>
         <size>0x2c</size>
         <input_file_ref idref="fl-29"/>
      </object_component>
      <object_component id="oc-7c">
         <name>.text:TIMER0B_ISR_Handle</name>
         <load_address>0x1040</load_address>
         <run_address>0x1040</run_address>
         <size>0x28</size>
         <input_file_ref idref="fl-b"/>
      </object_component>
      <object_component id="oc-82">
         <name>.text:TIMER1A_ISR_Handle</name>
         <load_address>0x1068</load_address>
         <run_address>0x1068</run_address>
         <size>0x28</size>
         <input_file_ref idref="fl-b"/>
      </object_component>
      <object_component id="oc-88">
         <name>.text:TIMER1B_ISR_Handle</name>
         <load_address>0x1090</load_address>
         <run_address>0x1090</run_address>
         <size>0x28</size>
         <input_file_ref idref="fl-b"/>
      </object_component>
      <object_component id="oc-8e">
         <name>.text:TIMER2A_ISR_Handle</name>
         <load_address>0x10b8</load_address>
         <run_address>0x10b8</run_address>
         <size>0x28</size>
         <input_file_ref idref="fl-b"/>
      </object_component>
      <object_component id="oc-94">
         <name>.text:TIMER2B_ISR_Handle</name>
         <load_address>0x10e0</load_address>
         <run_address>0x10e0</run_address>
         <size>0x28</size>
         <input_file_ref idref="fl-b"/>
      </object_component>
      <object_component id="oc-a6">
         <name>.text:TIMER3A_ISR_Handle</name>
         <load_address>0x1108</load_address>
         <run_address>0x1108</run_address>
         <size>0x28</size>
         <input_file_ref idref="fl-b"/>
      </object_component>
      <object_component id="oc-ac">
         <name>.text:TIMER3B_ISR_Handle</name>
         <load_address>0x1130</load_address>
         <run_address>0x1130</run_address>
         <size>0x28</size>
         <input_file_ref idref="fl-b"/>
      </object_component>
      <object_component id="oc-d6">
         <name>.text:TIMER4A_ISR_Handle</name>
         <load_address>0x1158</load_address>
         <run_address>0x1158</run_address>
         <size>0x28</size>
         <input_file_ref idref="fl-b"/>
      </object_component>
      <object_component id="oc-dc">
         <name>.text:TIMER4B_ISR_Handle</name>
         <load_address>0x1180</load_address>
         <run_address>0x1180</run_address>
         <size>0x28</size>
         <input_file_ref idref="fl-b"/>
      </object_component>
      <object_component id="oc-e2">
         <name>.text:TIMER5A_ISR_Handle</name>
         <load_address>0x11a8</load_address>
         <run_address>0x11a8</run_address>
         <size>0x28</size>
         <input_file_ref idref="fl-b"/>
      </object_component>
      <object_component id="oc-e8">
         <name>.text:TIMER5B_ISR_Handle</name>
         <load_address>0x11d0</load_address>
         <run_address>0x11d0</run_address>
         <size>0x28</size>
         <input_file_ref idref="fl-b"/>
      </object_component>
      <object_component id="oc-64">
         <name>.text:UART1_ISR_Handle</name>
         <load_address>0x11f8</load_address>
         <run_address>0x11f8</run_address>
         <size>0x28</size>
         <input_file_ref idref="fl-c"/>
      </object_component>
      <object_component id="oc-a0">
         <name>.text:UART2_ISR_Handle</name>
         <load_address>0x1220</load_address>
         <run_address>0x1220</run_address>
         <size>0x28</size>
         <input_file_ref idref="fl-c"/>
      </object_component>
      <object_component id="oc-b8">
         <name>.text:UART3_ISR_Handle</name>
         <load_address>0x1248</load_address>
         <run_address>0x1248</run_address>
         <size>0x28</size>
         <input_file_ref idref="fl-c"/>
      </object_component>
      <object_component id="oc-be">
         <name>.text:UART4_ISR_Handle</name>
         <load_address>0x1270</load_address>
         <run_address>0x1270</run_address>
         <size>0x28</size>
         <input_file_ref idref="fl-c"/>
      </object_component>
      <object_component id="oc-c4">
         <name>.text:UART5_ISR_Handle</name>
         <load_address>0x1298</load_address>
         <run_address>0x1298</run_address>
         <size>0x28</size>
         <input_file_ref idref="fl-c"/>
      </object_component>
      <object_component id="oc-ca">
         <name>.text:UART6_ISR_Handle</name>
         <load_address>0x12c0</load_address>
         <run_address>0x12c0</run_address>
         <size>0x28</size>
         <input_file_ref idref="fl-c"/>
      </object_component>
      <object_component id="oc-d0">
         <name>.text:UART7_ISR_Handle</name>
         <load_address>0x12e8</load_address>
         <run_address>0x12e8</run_address>
         <size>0x28</size>
         <input_file_ref idref="fl-c"/>
      </object_component>
      <object_component id="oc-170">
         <name>.text:ADCSequenceDataGet</name>
         <load_address>0x1310</load_address>
         <run_address>0x1310</run_address>
         <size>0x24</size>
         <input_file_ref idref="fl-1c"/>
      </object_component>
      <object_component id="oc-76">
         <name>.text:TIMER0A_ISR_Handle</name>
         <load_address>0x1338</load_address>
         <run_address>0x1338</run_address>
         <size>0x24</size>
         <input_file_ref idref="fl-b"/>
      </object_component>
      <object_component id="oc-5e">
         <name>.text:UART0_ISR_Handle</name>
         <load_address>0x1360</load_address>
         <run_address>0x1360</run_address>
         <size>0x24</size>
         <input_file_ref idref="fl-c"/>
      </object_component>
      <object_component id="oc-22b">
         <name>.text:LIB_CLOCK_MainClockSet</name>
         <load_address>0x1388</load_address>
         <run_address>0x1388</run_address>
         <size>0x1c</size>
         <input_file_ref idref="fl-5"/>
      </object_component>
      <object_component id="oc-6a">
         <name>.text:QEI0_ISR_Handle</name>
         <load_address>0x13a8</load_address>
         <run_address>0x13a8</run_address>
         <size>0x1c</size>
         <input_file_ref idref="fl-a"/>
      </object_component>
      <object_component id="oc-b2">
         <name>.text:QEI1_ISR_Handle</name>
         <load_address>0x13c8</load_address>
         <run_address>0x13c8</run_address>
         <size>0x1c</size>
         <input_file_ref idref="fl-a"/>
      </object_component>
      <object_component id="oc-108">
         <name>.text:decompress:ZI:__TI_zero_init_nomemset:__TI_zero_init_nomemset</name>
         <load_address>0x13e4</load_address>
         <run_address>0x13e4</run_address>
         <size>0x1c</size>
         <input_file_ref idref="fl-103"/>
      </object_component>
      <object_component id="oc-237">
         <name>.text:UARTprintf</name>
         <load_address>0x1400</load_address>
         <run_address>0x1400</run_address>
         <size>0x1a</size>
         <input_file_ref idref="fl-3d"/>
      </object_component>
      <object_component id="oc-2c0">
         <name>.text:GPIOPinTypeUART</name>
         <load_address>0x1420</load_address>
         <run_address>0x1420</run_address>
         <size>0x16</size>
         <input_file_ref idref="fl-29"/>
      </object_component>
      <object_component id="oc-2b4">
         <name>.text:LIB_CLOCK_PeripheralClockEnable</name>
         <load_address>0x1438</load_address>
         <run_address>0x1438</run_address>
         <size>0x14</size>
         <input_file_ref idref="fl-5"/>
      </object_component>
      <object_component id="oc-225">
         <name>.text:IntMasterEnable</name>
         <load_address>0x1450</load_address>
         <run_address>0x1450</run_address>
         <size>0x10</size>
         <input_file_ref idref="fl-2c"/>
      </object_component>
      <object_component id="oc-136">
         <name>.text:GPIOIntStatus</name>
         <load_address>0x1460</load_address>
         <run_address>0x1460</run_address>
         <size>0xe</size>
         <input_file_ref idref="fl-29"/>
      </object_component>
      <object_component id="oc-19">
         <name>.text:decompress:none:__TI_decompress_none</name>
         <load_address>0x146e</load_address>
         <run_address>0x146e</run_address>
         <size>0xe</size>
         <input_file_ref idref="fl-104"/>
      </object_component>
      <object_component id="oc-2a2">
         <name>.text:CPUcpsie</name>
         <load_address>0x1480</load_address>
         <run_address>0x1480</run_address>
         <size>0xc</size>
         <input_file_ref idref="fl-20"/>
      </object_component>
      <object_component id="oc-16a">
         <name>.text:ADCIntClear</name>
         <load_address>0x1490</load_address>
         <run_address>0x1490</run_address>
         <size>0xa</size>
         <input_file_ref idref="fl-1c"/>
      </object_component>
      <object_component id="oc-17d">
         <name>.text:TimerIntStatus</name>
         <load_address>0x14a0</load_address>
         <run_address>0x14a0</run_address>
         <size>0xa</size>
         <input_file_ref idref="fl-38"/>
      </object_component>
      <object_component id="oc-14f">
         <name>.text:UARTIntStatus</name>
         <load_address>0x14b0</load_address>
         <run_address>0x14b0</run_address>
         <size>0xa</size>
         <input_file_ref idref="fl-39"/>
      </object_component>
      <object_component id="oc-2d8">
         <name>.text:UARTIntEnable</name>
         <load_address>0x14c0</load_address>
         <run_address>0x14c0</run_address>
         <size>0x8</size>
         <input_file_ref idref="fl-39"/>
      </object_component>
      <object_component id="oc-13c">
         <name>.text:GPIOIntClear</name>
         <load_address>0x14c8</load_address>
         <run_address>0x14c8</run_address>
         <size>0x6</size>
         <input_file_ref idref="fl-29"/>
      </object_component>
      <object_component id="oc-28">
         <name>.text:ResetISR</name>
         <load_address>0x14d0</load_address>
         <run_address>0x14d0</run_address>
         <size>0x6</size>
         <input_file_ref idref="fl-3"/>
      </object_component>
      <object_component id="oc-2c6">
         <name>.text:UARTClockSourceSet</name>
         <load_address>0x14d8</load_address>
         <run_address>0x14d8</run_address>
         <size>0x6</size>
         <input_file_ref idref="fl-39"/>
      </object_component>
      <object_component id="oc-160">
         <name>.text:QEIIntClear</name>
         <load_address>0x14e0</load_address>
         <run_address>0x14e0</run_address>
         <size>0x4</size>
         <input_file_ref idref="fl-31"/>
      </object_component>
      <object_component id="oc-183">
         <name>.text:TimerIntClear</name>
         <load_address>0x14e8</load_address>
         <run_address>0x14e8</run_address>
         <size>0x4</size>
         <input_file_ref idref="fl-38"/>
      </object_component>
      <object_component id="oc-155">
         <name>.text:UARTIntClear</name>
         <load_address>0x14f0</load_address>
         <run_address>0x14f0</run_address>
         <size>0x4</size>
         <input_file_ref idref="fl-39"/>
      </object_component>
      <object_component id="oc-34">
         <name>.text:FaultISR</name>
         <load_address>0x14f8</load_address>
         <run_address>0x14f8</run_address>
         <size>0x2</size>
         <input_file_ref idref="fl-3"/>
      </object_component>
      <object_component id="oc-3a">
         <name>.text:IntDefaultHandler</name>
         <load_address>0x1500</load_address>
         <run_address>0x1500</run_address>
         <size>0x2</size>
         <input_file_ref idref="fl-3"/>
      </object_component>
      <object_component id="oc-2e">
         <name>.text:NmiSR</name>
         <load_address>0x1508</load_address>
         <run_address>0x1508</run_address>
         <size>0x2</size>
         <input_file_ref idref="fl-3"/>
      </object_component>
      <object_component id="oc-1ee">
         <name>.text:__nop</name>
         <load_address>0x1510</load_address>
         <run_address>0x1510</run_address>
         <size>0x2</size>
         <input_file_ref idref="fl-9"/>
      </object_component>
      <object_component id="oc-325">
         <name>.const:g_pui32GPIOBaseAddrs</name>
         <load_address>0x1514</load_address>
         <run_address>0x1514</run_address>
         <size>0x90</size>
         <input_file_ref idref="fl-29"/>
      </object_component>
      <object_component id="oc-2ed">
         <name>.const:g_pui32Xtals</name>
         <load_address>0x15a4</load_address>
         <run_address>0x15a4</run_address>
         <size>0x6c</size>
         <input_file_ref idref="fl-35"/>
      </object_component>
      <object_component id="oc-344">
         <name>.const:g_pui32EnRegs</name>
         <load_address>0x1610</load_address>
         <run_address>0x1610</run_address>
         <size>0x14</size>
         <input_file_ref idref="fl-2c"/>
      </object_component>
      <object_component id="oc-33a">
         <name>.const:g_ui32UARTBase</name>
         <load_address>0x1624</load_address>
         <run_address>0x1624</run_address>
         <size>0xc</size>
         <input_file_ref idref="fl-3d"/>
      </object_component>
      <object_component id="oc-337">
         <name>.const:g_ui32UARTPeriph</name>
         <load_address>0x1630</load_address>
         <run_address>0x1630</run_address>
         <size>0xc</size>
         <input_file_ref idref="fl-3d"/>
      </object_component>
      <object_component id="oc-3de">
         <name>.cinit..data.load</name>
         <load_address>0x1640</load_address>
         <run_address>0x1640</run_address>
         <size>0xe</size>
      </object_component>
      <object_component id="oc-3dc">
         <name>__TI_handler_table</name>
         <load_address>0x1650</load_address>
         <run_address>0x1650</run_address>
         <size>0xc</size>
      </object_component>
      <object_component id="oc-3df">
         <name>.cinit..bss.load</name>
         <load_address>0x1660</load_address>
         <run_address>0x1660</run_address>
         <size>0x8</size>
      </object_component>
      <object_component id="oc-3dd">
         <name>__TI_cinit_table</name>
         <load_address>0x1668</load_address>
         <run_address>0x1668</run_address>
         <size>0x10</size>
      </object_component>
      <object_component id="oc-2af">
         <name>.data</name>
         <load_address>0x20004120</load_address>
         <run_address>0x20004120</run_address>
         <size>0x4</size>
         <input_file_ref idref="fl-5"/>
      </object_component>
      <object_component id="oc-179">
         <name>.data</name>
         <load_address>0x2000411d</load_address>
         <run_address>0x2000411d</run_address>
         <size>0x1</size>
         <input_file_ref idref="fl-8"/>
      </object_component>
      <object_component id="oc-142">
         <name>.data:ExtiIsrHandleTable</name>
         <load_address>0x20004000</load_address>
         <run_address>0x20004000</run_address>
         <size>0xc0</size>
         <input_file_ref idref="fl-9"/>
      </object_component>
      <object_component id="oc-166">
         <name>.data:QeiIsrHandleTable</name>
         <load_address>0x20004110</load_address>
         <run_address>0x20004110</run_address>
         <size>0x8</size>
         <input_file_ref idref="fl-a"/>
      </object_component>
      <object_component id="oc-189">
         <name>.data:TimerIsrHandleTable</name>
         <load_address>0x200040c0</load_address>
         <run_address>0x200040c0</run_address>
         <size>0x30</size>
         <input_file_ref idref="fl-b"/>
      </object_component>
      <object_component id="oc-15b">
         <name>.data:UartIsrHandleTable</name>
         <load_address>0x200040f0</load_address>
         <run_address>0x200040f0</run_address>
         <size>0x20</size>
         <input_file_ref idref="fl-c"/>
      </object_component>
      <object_component id="oc-33d">
         <name>.data</name>
         <load_address>0x20004118</load_address>
         <run_address>0x20004118</run_address>
         <size>0x5</size>
         <input_file_ref idref="fl-3d"/>
      </object_component>
      <object_component id="oc-176">
         <name>.common:AdcSequenceSamplingValueBuffer</name>
         <uninitialized>true</uninitialized>
         <run_address>0x20004124</run_address>
         <size>0x20</size>
      </object_component>
      <object_component id="oc-22">
         <name>.sysmem</name>
         <uninitialized>true</uninitialized>
         <run_address>0x20002000</run_address>
         <size>0x10</size>
         <input_file_ref idref="fl-106"/>
      </object_component>
      <object_component id="oc-3e1">
         <name>.sysmem</name>
         <uninitialized>true</uninitialized>
         <run_address>0x20002000</run_address>
         <size>0x0</size>
      </object_component>
      <object_component id="oc-25">
         <name>.stack</name>
         <uninitialized>true</uninitialized>
         <run_address>0x20000000</run_address>
         <size>0x4</size>
         <input_file_ref idref="fl-108"/>
      </object_component>
      <object_component id="oc-3e0">
         <name>.stack</name>
         <uninitialized>true</uninitialized>
         <run_address>0x20000000</run_address>
         <size>0x0</size>
      </object_component>
      <object_component id="oc-214">
         <name>.debug_info</name>
         <load_address>0x0</load_address>
         <run_address>0x0</run_address>
         <size>0x413</size>
         <input_file_ref idref="fl-2"/>
      </object_component>
      <object_component id="oc-1c9">
         <name>.debug_info</name>
         <load_address>0x413</load_address>
         <run_address>0x413</run_address>
         <size>0x18a</size>
         <input_file_ref idref="fl-2"/>
      </object_component>
      <object_component id="oc-1a2">
         <name>.debug_info</name>
         <load_address>0x59d</load_address>
         <run_address>0x59d</run_address>
         <size>0x26b</size>
         <input_file_ref idref="fl-2"/>
      </object_component>
      <object_component id="oc-298">
         <name>.debug_info</name>
         <load_address>0x808</load_address>
         <run_address>0x808</run_address>
         <size>0xbf</size>
         <input_file_ref idref="fl-2"/>
      </object_component>
      <object_component id="oc-1e7">
         <name>.debug_info</name>
         <load_address>0x8c7</load_address>
         <run_address>0x8c7</run_address>
         <size>0x8b</size>
         <input_file_ref idref="fl-2"/>
      </object_component>
      <object_component id="oc-1f7">
         <name>.debug_info</name>
         <load_address>0x952</load_address>
         <run_address>0x952</run_address>
         <size>0x2a4</size>
         <input_file_ref idref="fl-2"/>
      </object_component>
      <object_component id="oc-383">
         <name>.debug_info</name>
         <load_address>0xbf6</load_address>
         <run_address>0xbf6</run_address>
         <size>0xef</size>
         <input_file_ref idref="fl-2"/>
      </object_component>
      <object_component id="oc-146">
         <name>.debug_info</name>
         <load_address>0xce5</load_address>
         <run_address>0xce5</run_address>
         <size>0xbb</size>
         <input_file_ref idref="fl-2"/>
      </object_component>
      <object_component id="oc-2e8">
         <name>.debug_info</name>
         <load_address>0xda0</load_address>
         <run_address>0xda0</run_address>
         <size>0x2c</size>
         <input_file_ref idref="fl-2"/>
      </object_component>
      <object_component id="oc-29d">
         <name>.debug_info</name>
         <load_address>0xdcc</load_address>
         <run_address>0xdcc</run_address>
         <size>0x35</size>
         <input_file_ref idref="fl-2"/>
      </object_component>
      <object_component id="oc-f0">
         <name>.debug_info</name>
         <load_address>0xe01</load_address>
         <run_address>0xe01</run_address>
         <size>0x769</size>
         <input_file_ref idref="fl-3"/>
      </object_component>
      <object_component id="oc-11">
         <name>.debug_info</name>
         <load_address>0x156a</load_address>
         <run_address>0x156a</run_address>
         <size>0xf4</size>
         <input_file_ref idref="fl-3"/>
      </object_component>
      <object_component id="oc-29">
         <name>.debug_info</name>
         <load_address>0x165e</load_address>
         <run_address>0x165e</run_address>
         <size>0x127</size>
         <input_file_ref idref="fl-3"/>
      </object_component>
      <object_component id="oc-30">
         <name>.debug_info</name>
         <load_address>0x1785</load_address>
         <run_address>0x1785</run_address>
         <size>0x115</size>
         <input_file_ref idref="fl-3"/>
      </object_component>
      <object_component id="oc-3b">
         <name>.debug_info</name>
         <load_address>0x189a</load_address>
         <run_address>0x189a</run_address>
         <size>0x12d</size>
         <input_file_ref idref="fl-3"/>
      </object_component>
      <object_component id="oc-36">
         <name>.debug_info</name>
         <load_address>0x19c7</load_address>
         <run_address>0x19c7</run_address>
         <size>0x11b</size>
         <input_file_ref idref="fl-3"/>
      </object_component>
      <object_component id="oc-f7">
         <name>.debug_info</name>
         <load_address>0x1ae2</load_address>
         <run_address>0x1ae2</run_address>
         <size>0x84</size>
         <input_file_ref idref="fl-3"/>
      </object_component>
      <object_component id="oc-2b3">
         <name>.debug_info</name>
         <load_address>0x1b66</load_address>
         <run_address>0x1b66</run_address>
         <size>0x3b0</size>
         <input_file_ref idref="fl-5"/>
      </object_component>
      <object_component id="oc-2b0">
         <name>.debug_info</name>
         <load_address>0x1f16</load_address>
         <run_address>0x1f16</run_address>
         <size>0xfc</size>
         <input_file_ref idref="fl-5"/>
      </object_component>
      <object_component id="oc-2b8">
         <name>.debug_info</name>
         <load_address>0x2012</load_address>
         <run_address>0x2012</run_address>
         <size>0x217</size>
         <input_file_ref idref="fl-5"/>
      </object_component>
      <object_component id="oc-22f">
         <name>.debug_info</name>
         <load_address>0x2229</load_address>
         <run_address>0x2229</run_address>
         <size>0x1ce</size>
         <input_file_ref idref="fl-5"/>
      </object_component>
      <object_component id="oc-177">
         <name>.debug_info</name>
         <load_address>0x23f7</load_address>
         <run_address>0x23f7</run_address>
         <size>0x37d</size>
         <input_file_ref idref="fl-8"/>
      </object_component>
      <object_component id="oc-17a">
         <name>.debug_info</name>
         <load_address>0x2774</load_address>
         <run_address>0x2774</run_address>
         <size>0x135</size>
         <input_file_ref idref="fl-8"/>
      </object_component>
      <object_component id="oc-72">
         <name>.debug_info</name>
         <load_address>0x28a9</load_address>
         <run_address>0x28a9</run_address>
         <size>0x1da</size>
         <input_file_ref idref="fl-8"/>
      </object_component>
      <object_component id="oc-1f6">
         <name>.debug_info</name>
         <load_address>0x2a83</load_address>
         <run_address>0x2a83</run_address>
         <size>0x36f</size>
         <input_file_ref idref="fl-9"/>
      </object_component>
      <object_component id="oc-143">
         <name>.debug_info</name>
         <load_address>0x2df2</load_address>
         <run_address>0x2df2</run_address>
         <size>0x12a</size>
         <input_file_ref idref="fl-9"/>
      </object_component>
      <object_component id="oc-1ef">
         <name>.debug_info</name>
         <load_address>0x2f1c</load_address>
         <run_address>0x2f1c</run_address>
         <size>0x19c</size>
         <input_file_ref idref="fl-9"/>
      </object_component>
      <object_component id="oc-43">
         <name>.debug_info</name>
         <load_address>0x30b8</load_address>
         <run_address>0x30b8</run_address>
         <size>0x226</size>
         <input_file_ref idref="fl-9"/>
      </object_component>
      <object_component id="oc-48">
         <name>.debug_info</name>
         <load_address>0x32de</load_address>
         <run_address>0x32de</run_address>
         <size>0x226</size>
         <input_file_ref idref="fl-9"/>
      </object_component>
      <object_component id="oc-4e">
         <name>.debug_info</name>
         <load_address>0x3504</load_address>
         <run_address>0x3504</run_address>
         <size>0x226</size>
         <input_file_ref idref="fl-9"/>
      </object_component>
      <object_component id="oc-53">
         <name>.debug_info</name>
         <load_address>0x372a</load_address>
         <run_address>0x372a</run_address>
         <size>0x226</size>
         <input_file_ref idref="fl-9"/>
      </object_component>
      <object_component id="oc-59">
         <name>.debug_info</name>
         <load_address>0x3950</load_address>
         <run_address>0x3950</run_address>
         <size>0x226</size>
         <input_file_ref idref="fl-9"/>
      </object_component>
      <object_component id="oc-9c">
         <name>.debug_info</name>
         <load_address>0x3b76</load_address>
         <run_address>0x3b76</run_address>
         <size>0x226</size>
         <input_file_ref idref="fl-9"/>
      </object_component>
      <object_component id="oc-206">
         <name>.debug_info</name>
         <load_address>0x3d9c</load_address>
         <run_address>0x3d9c</run_address>
         <size>0x304</size>
         <input_file_ref idref="fl-a"/>
      </object_component>
      <object_component id="oc-167">
         <name>.debug_info</name>
         <load_address>0x40a0</load_address>
         <run_address>0x40a0</run_address>
         <size>0x127</size>
         <input_file_ref idref="fl-a"/>
      </object_component>
      <object_component id="oc-b3">
         <name>.debug_info</name>
         <load_address>0x41c7</load_address>
         <run_address>0x41c7</run_address>
         <size>0x1c6</size>
         <input_file_ref idref="fl-a"/>
      </object_component>
      <object_component id="oc-6b">
         <name>.debug_info</name>
         <load_address>0x438d</load_address>
         <run_address>0x438d</run_address>
         <size>0x1c6</size>
         <input_file_ref idref="fl-a"/>
      </object_component>
      <object_component id="oc-213">
         <name>.debug_info</name>
         <load_address>0x4553</load_address>
         <run_address>0x4553</run_address>
         <size>0x390</size>
         <input_file_ref idref="fl-b"/>
      </object_component>
      <object_component id="oc-18a">
         <name>.debug_info</name>
         <load_address>0x48e3</load_address>
         <run_address>0x48e3</run_address>
         <size>0x12d</size>
         <input_file_ref idref="fl-b"/>
      </object_component>
      <object_component id="oc-77">
         <name>.debug_info</name>
         <load_address>0x4a10</load_address>
         <run_address>0x4a10</run_address>
         <size>0x1fe</size>
         <input_file_ref idref="fl-b"/>
      </object_component>
      <object_component id="oc-7d">
         <name>.debug_info</name>
         <load_address>0x4c0e</load_address>
         <run_address>0x4c0e</run_address>
         <size>0x1fe</size>
         <input_file_ref idref="fl-b"/>
      </object_component>
      <object_component id="oc-83">
         <name>.debug_info</name>
         <load_address>0x4e0c</load_address>
         <run_address>0x4e0c</run_address>
         <size>0x1fe</size>
         <input_file_ref idref="fl-b"/>
      </object_component>
      <object_component id="oc-89">
         <name>.debug_info</name>
         <load_address>0x500a</load_address>
         <run_address>0x500a</run_address>
         <size>0x1fe</size>
         <input_file_ref idref="fl-b"/>
      </object_component>
      <object_component id="oc-8f">
         <name>.debug_info</name>
         <load_address>0x5208</load_address>
         <run_address>0x5208</run_address>
         <size>0x1fe</size>
         <input_file_ref idref="fl-b"/>
      </object_component>
      <object_component id="oc-95">
         <name>.debug_info</name>
         <load_address>0x5406</load_address>
         <run_address>0x5406</run_address>
         <size>0x1fe</size>
         <input_file_ref idref="fl-b"/>
      </object_component>
      <object_component id="oc-a7">
         <name>.debug_info</name>
         <load_address>0x5604</load_address>
         <run_address>0x5604</run_address>
         <size>0x1fe</size>
         <input_file_ref idref="fl-b"/>
      </object_component>
      <object_component id="oc-ad">
         <name>.debug_info</name>
         <load_address>0x5802</load_address>
         <run_address>0x5802</run_address>
         <size>0x1fe</size>
         <input_file_ref idref="fl-b"/>
      </object_component>
      <object_component id="oc-d7">
         <name>.debug_info</name>
         <load_address>0x5a00</load_address>
         <run_address>0x5a00</run_address>
         <size>0x1fe</size>
         <input_file_ref idref="fl-b"/>
      </object_component>
      <object_component id="oc-e3">
         <name>.debug_info</name>
         <load_address>0x5bfe</load_address>
         <run_address>0x5bfe</run_address>
         <size>0x1fe</size>
         <input_file_ref idref="fl-b"/>
      </object_component>
      <object_component id="oc-e9">
         <name>.debug_info</name>
         <load_address>0x5dfc</load_address>
         <run_address>0x5dfc</run_address>
         <size>0x1fe</size>
         <input_file_ref idref="fl-b"/>
      </object_component>
      <object_component id="oc-dd">
         <name>.debug_info</name>
         <load_address>0x5ffa</load_address>
         <run_address>0x5ffa</run_address>
         <size>0x1fe</size>
         <input_file_ref idref="fl-b"/>
      </object_component>
      <object_component id="oc-201">
         <name>.debug_info</name>
         <load_address>0x61f8</load_address>
         <run_address>0x61f8</run_address>
         <size>0x371</size>
         <input_file_ref idref="fl-c"/>
      </object_component>
      <object_component id="oc-15c">
         <name>.debug_info</name>
         <load_address>0x6569</load_address>
         <run_address>0x6569</run_address>
         <size>0x12a</size>
         <input_file_ref idref="fl-c"/>
      </object_component>
      <object_component id="oc-60">
         <name>.debug_info</name>
         <load_address>0x6693</load_address>
         <run_address>0x6693</run_address>
         <size>0x1f5</size>
         <input_file_ref idref="fl-c"/>
      </object_component>
      <object_component id="oc-66">
         <name>.debug_info</name>
         <load_address>0x6888</load_address>
         <run_address>0x6888</run_address>
         <size>0x1f5</size>
         <input_file_ref idref="fl-c"/>
      </object_component>
      <object_component id="oc-a1">
         <name>.debug_info</name>
         <load_address>0x6a7d</load_address>
         <run_address>0x6a7d</run_address>
         <size>0x1f5</size>
         <input_file_ref idref="fl-c"/>
      </object_component>
      <object_component id="oc-ba">
         <name>.debug_info</name>
         <load_address>0x6c72</load_address>
         <run_address>0x6c72</run_address>
         <size>0x1f5</size>
         <input_file_ref idref="fl-c"/>
      </object_component>
      <object_component id="oc-bf">
         <name>.debug_info</name>
         <load_address>0x6e67</load_address>
         <run_address>0x6e67</run_address>
         <size>0x1f5</size>
         <input_file_ref idref="fl-c"/>
      </object_component>
      <object_component id="oc-c5">
         <name>.debug_info</name>
         <load_address>0x705c</load_address>
         <run_address>0x705c</run_address>
         <size>0x1f5</size>
         <input_file_ref idref="fl-c"/>
      </object_component>
      <object_component id="oc-cb">
         <name>.debug_info</name>
         <load_address>0x7251</load_address>
         <run_address>0x7251</run_address>
         <size>0x1f5</size>
         <input_file_ref idref="fl-c"/>
      </object_component>
      <object_component id="oc-d1">
         <name>.debug_info</name>
         <load_address>0x7446</load_address>
         <run_address>0x7446</run_address>
         <size>0x1f5</size>
         <input_file_ref idref="fl-c"/>
      </object_component>
      <object_component id="oc-2df">
         <name>.debug_info</name>
         <load_address>0x763b</load_address>
         <run_address>0x763b</run_address>
         <size>0x55c</size>
         <input_file_ref idref="fl-11"/>
      </object_component>
      <object_component id="oc-233">
         <name>.debug_info</name>
         <load_address>0x7b97</load_address>
         <run_address>0x7b97</run_address>
         <size>0x34a</size>
         <input_file_ref idref="fl-11"/>
      </object_component>
      <object_component id="oc-208">
         <name>.debug_info</name>
         <load_address>0x7ee1</load_address>
         <run_address>0x7ee1</run_address>
         <size>0x35c</size>
         <input_file_ref idref="fl-1c"/>
      </object_component>
      <object_component id="oc-171">
         <name>.debug_info</name>
         <load_address>0x823d</load_address>
         <run_address>0x823d</run_address>
         <size>0x21e</size>
         <input_file_ref idref="fl-1c"/>
      </object_component>
      <object_component id="oc-16c">
         <name>.debug_info</name>
         <load_address>0x845b</load_address>
         <run_address>0x845b</run_address>
         <size>0x1b3</size>
         <input_file_ref idref="fl-1c"/>
      </object_component>
      <object_component id="oc-2a3">
         <name>.debug_info</name>
         <load_address>0x860e</load_address>
         <run_address>0x860e</run_address>
         <size>0x131</size>
         <input_file_ref idref="fl-20"/>
      </object_component>
      <object_component id="oc-1ec">
         <name>.debug_info</name>
         <load_address>0x873f</load_address>
         <run_address>0x873f</run_address>
         <size>0x386</size>
         <input_file_ref idref="fl-29"/>
      </object_component>
      <object_component id="oc-326">
         <name>.debug_info</name>
         <load_address>0x8ac5</load_address>
         <run_address>0x8ac5</run_address>
         <size>0x106</size>
         <input_file_ref idref="fl-29"/>
      </object_component>
      <object_component id="oc-32c">
         <name>.debug_info</name>
         <load_address>0x8bcb</load_address>
         <run_address>0x8bcb</run_address>
         <size>0x1d2</size>
         <input_file_ref idref="fl-29"/>
      </object_component>
      <object_component id="oc-332">
         <name>.debug_info</name>
         <load_address>0x8d9d</load_address>
         <run_address>0x8d9d</run_address>
         <size>0x235</size>
         <input_file_ref idref="fl-29"/>
      </object_component>
      <object_component id="oc-2c3">
         <name>.debug_info</name>
         <load_address>0x8fd2</load_address>
         <run_address>0x8fd2</run_address>
         <size>0x1b1</size>
         <input_file_ref idref="fl-29"/>
      </object_component>
      <object_component id="oc-2bc">
         <name>.debug_info</name>
         <load_address>0x9183</load_address>
         <run_address>0x9183</run_address>
         <size>0x19f</size>
         <input_file_ref idref="fl-29"/>
      </object_component>
      <object_component id="oc-138">
         <name>.debug_info</name>
         <load_address>0x9322</load_address>
         <run_address>0x9322</run_address>
         <size>0x19e</size>
         <input_file_ref idref="fl-29"/>
      </object_component>
      <object_component id="oc-13e">
         <name>.debug_info</name>
         <load_address>0x94c0</load_address>
         <run_address>0x94c0</run_address>
         <size>0x1ac</size>
         <input_file_ref idref="fl-29"/>
      </object_component>
      <object_component id="oc-348">
         <name>.debug_info</name>
         <load_address>0x966c</load_address>
         <run_address>0x966c</run_address>
         <size>0x359</size>
         <input_file_ref idref="fl-2c"/>
      </object_component>
      <object_component id="oc-345">
         <name>.debug_info</name>
         <load_address>0x99c5</load_address>
         <run_address>0x99c5</run_address>
         <size>0xfd</size>
         <input_file_ref idref="fl-2c"/>
      </object_component>
      <object_component id="oc-226">
         <name>.debug_info</name>
         <load_address>0x9ac2</load_address>
         <run_address>0x9ac2</run_address>
         <size>0x15d</size>
         <input_file_ref idref="fl-2c"/>
      </object_component>
      <object_component id="oc-2d3">
         <name>.debug_info</name>
         <load_address>0x9c1f</load_address>
         <run_address>0x9c1f</run_address>
         <size>0x187</size>
         <input_file_ref idref="fl-2c"/>
      </object_component>
      <object_component id="oc-203">
         <name>.debug_info</name>
         <load_address>0x9da6</load_address>
         <run_address>0x9da6</run_address>
         <size>0x333</size>
         <input_file_ref idref="fl-31"/>
      </object_component>
      <object_component id="oc-161">
         <name>.debug_info</name>
         <load_address>0xa0d9</load_address>
         <run_address>0xa0d9</run_address>
         <size>0x1a7</size>
         <input_file_ref idref="fl-31"/>
      </object_component>
      <object_component id="oc-313">
         <name>.debug_info</name>
         <load_address>0xa280</load_address>
         <run_address>0xa280</run_address>
         <size>0x3e3</size>
         <input_file_ref idref="fl-35"/>
      </object_component>
      <object_component id="oc-2ee">
         <name>.debug_info</name>
         <load_address>0xa663</load_address>
         <run_address>0xa663</run_address>
         <size>0xf8</size>
         <input_file_ref idref="fl-35"/>
      </object_component>
      <object_component id="oc-320">
         <name>.debug_info</name>
         <load_address>0xa75b</load_address>
         <run_address>0xa75b</run_address>
         <size>0x19e</size>
         <input_file_ref idref="fl-35"/>
      </object_component>
      <object_component id="oc-31a">
         <name>.debug_info</name>
         <load_address>0xa8f9</load_address>
         <run_address>0xa8f9</run_address>
         <size>0x19c</size>
         <input_file_ref idref="fl-35"/>
      </object_component>
      <object_component id="oc-2ab">
         <name>.debug_info</name>
         <load_address>0xaa95</load_address>
         <run_address>0xaa95</run_address>
         <size>0x1fa</size>
         <input_file_ref idref="fl-35"/>
      </object_component>
      <object_component id="oc-23f">
         <name>.debug_info</name>
         <load_address>0xac8f</load_address>
         <run_address>0xac8f</run_address>
         <size>0x1d4</size>
         <input_file_ref idref="fl-35"/>
      </object_component>
      <object_component id="oc-37f">
         <name>.debug_info</name>
         <load_address>0xae63</load_address>
         <run_address>0xae63</run_address>
         <size>0x51</size>
         <input_file_ref idref="fl-35"/>
      </object_component>
      <object_component id="oc-20f">
         <name>.debug_info</name>
         <load_address>0xaeb4</load_address>
         <run_address>0xaeb4</run_address>
         <size>0x369</size>
         <input_file_ref idref="fl-38"/>
      </object_component>
      <object_component id="oc-17e">
         <name>.debug_info</name>
         <load_address>0xb21d</load_address>
         <run_address>0xb21d</run_address>
         <size>0x1a3</size>
         <input_file_ref idref="fl-38"/>
      </object_component>
      <object_component id="oc-184">
         <name>.debug_info</name>
         <load_address>0xb3c0</load_address>
         <run_address>0xb3c0</run_address>
         <size>0x1b1</size>
         <input_file_ref idref="fl-38"/>
      </object_component>
      <object_component id="oc-1fd">
         <name>.debug_info</name>
         <load_address>0xb571</load_address>
         <run_address>0xb571</run_address>
         <size>0x36d</size>
         <input_file_ref idref="fl-39"/>
      </object_component>
      <object_component id="oc-150">
         <name>.debug_info</name>
         <load_address>0xb8de</load_address>
         <run_address>0xb8de</run_address>
         <size>0x19e</size>
         <input_file_ref idref="fl-39"/>
      </object_component>
      <object_component id="oc-2d9">
         <name>.debug_info</name>
         <load_address>0xba7c</load_address>
         <run_address>0xba7c</run_address>
         <size>0x1ae</size>
         <input_file_ref idref="fl-39"/>
      </object_component>
      <object_component id="oc-156">
         <name>.debug_info</name>
         <load_address>0xbc2a</load_address>
         <run_address>0xbc2a</run_address>
         <size>0x1ac</size>
         <input_file_ref idref="fl-39"/>
      </object_component>
      <object_component id="oc-2c7">
         <name>.debug_info</name>
         <load_address>0xbdd6</load_address>
         <run_address>0xbdd6</run_address>
         <size>0x1b0</size>
         <input_file_ref idref="fl-39"/>
      </object_component>
      <object_component id="oc-2e7">
         <name>.debug_info</name>
         <load_address>0xbf86</load_address>
         <run_address>0xbf86</run_address>
         <size>0x2b2</size>
         <input_file_ref idref="fl-3d"/>
      </object_component>
      <object_component id="oc-33e">
         <name>.debug_info</name>
         <load_address>0xc238</load_address>
         <run_address>0xc238</run_address>
         <size>0xf3</size>
         <input_file_ref idref="fl-3d"/>
      </object_component>
      <object_component id="oc-33b">
         <name>.debug_info</name>
         <load_address>0xc32b</load_address>
         <run_address>0xc32b</run_address>
         <size>0xfb</size>
         <input_file_ref idref="fl-3d"/>
      </object_component>
      <object_component id="oc-338">
         <name>.debug_info</name>
         <load_address>0xc426</load_address>
         <run_address>0xc426</run_address>
         <size>0xff</size>
         <input_file_ref idref="fl-3d"/>
      </object_component>
      <object_component id="oc-34d">
         <name>.debug_info</name>
         <load_address>0xc525</load_address>
         <run_address>0xc525</run_address>
         <size>0x1ac</size>
         <input_file_ref idref="fl-3d"/>
      </object_component>
      <object_component id="oc-2e2">
         <name>.debug_info</name>
         <load_address>0xc6d1</load_address>
         <run_address>0xc6d1</run_address>
         <size>0x2de</size>
         <input_file_ref idref="fl-3d"/>
      </object_component>
      <object_component id="oc-238">
         <name>.debug_info</name>
         <load_address>0xc9af</load_address>
         <run_address>0xc9af</run_address>
         <size>0x179</size>
         <input_file_ref idref="fl-3d"/>
      </object_component>
      <object_component id="oc-340">
         <name>.debug_info</name>
         <load_address>0xcb28</load_address>
         <run_address>0xcb28</run_address>
         <size>0x1f7</size>
         <input_file_ref idref="fl-3d"/>
      </object_component>
      <object_component id="oc-2ce">
         <name>.debug_info</name>
         <load_address>0xcd1f</load_address>
         <run_address>0xcd1f</run_address>
         <size>0x20f</size>
         <input_file_ref idref="fl-3d"/>
      </object_component>
      <object_component id="oc-353">
         <name>.debug_info</name>
         <load_address>0xcf2e</load_address>
         <run_address>0xcf2e</run_address>
         <size>0x143</size>
         <input_file_ref idref="fl-ff"/>
      </object_component>
      <object_component id="oc-ff">
         <name>.debug_info</name>
         <load_address>0xd071</load_address>
         <run_address>0xd071</run_address>
         <size>0x11a</size>
         <input_file_ref idref="fl-102"/>
      </object_component>
      <object_component id="oc-1bb">
         <name>.debug_info</name>
         <load_address>0xd18b</load_address>
         <run_address>0xd18b</run_address>
         <size>0x2d5</size>
         <input_file_ref idref="fl-103"/>
      </object_component>
      <object_component id="oc-10b">
         <name>.debug_info</name>
         <load_address>0xd460</load_address>
         <run_address>0xd460</run_address>
         <size>0x1d3</size>
         <input_file_ref idref="fl-103"/>
      </object_component>
      <object_component id="oc-1b6">
         <name>.debug_info</name>
         <load_address>0xd633</load_address>
         <run_address>0xd633</run_address>
         <size>0x46</size>
         <input_file_ref idref="fl-103"/>
      </object_component>
      <object_component id="oc-21c">
         <name>.debug_info</name>
         <load_address>0xd679</load_address>
         <run_address>0xd679</run_address>
         <size>0x2c</size>
         <input_file_ref idref="fl-103"/>
      </object_component>
      <object_component id="oc-107">
         <name>.debug_info</name>
         <load_address>0xd6a5</load_address>
         <run_address>0xd6a5</run_address>
         <size>0x2a9</size>
         <input_file_ref idref="fl-104"/>
      </object_component>
      <object_component id="oc-1a">
         <name>.debug_info</name>
         <load_address>0xd94e</load_address>
         <run_address>0xd94e</run_address>
         <size>0x1eb</size>
         <input_file_ref idref="fl-104"/>
      </object_component>
      <object_component id="oc-102">
         <name>.debug_info</name>
         <load_address>0xdb39</load_address>
         <run_address>0xdb39</run_address>
         <size>0x46</size>
         <input_file_ref idref="fl-104"/>
      </object_component>
      <object_component id="oc-1ae">
         <name>.debug_info</name>
         <load_address>0xdb7f</load_address>
         <run_address>0xdb7f</run_address>
         <size>0x2c</size>
         <input_file_ref idref="fl-104"/>
      </object_component>
      <object_component id="oc-1ac">
         <name>.debug_info</name>
         <load_address>0xdbab</load_address>
         <run_address>0xdbab</run_address>
         <size>0x29f</size>
         <input_file_ref idref="fl-105"/>
      </object_component>
      <object_component id="oc-17">
         <name>.debug_info</name>
         <load_address>0xde4a</load_address>
         <run_address>0xde4a</run_address>
         <size>0x251</size>
         <input_file_ref idref="fl-105"/>
      </object_component>
      <object_component id="oc-f2">
         <name>.debug_info</name>
         <load_address>0xe09b</load_address>
         <run_address>0xe09b</run_address>
         <size>0x60</size>
         <input_file_ref idref="fl-105"/>
      </object_component>
      <object_component id="oc-215">
         <name>.debug_info</name>
         <load_address>0xe0fb</load_address>
         <run_address>0xe0fb</run_address>
         <size>0x46</size>
         <input_file_ref idref="fl-105"/>
      </object_component>
      <object_component id="oc-1a7">
         <name>.debug_info</name>
         <load_address>0xe141</load_address>
         <run_address>0xe141</run_address>
         <size>0x39</size>
         <input_file_ref idref="fl-105"/>
      </object_component>
      <object_component id="oc-12e">
         <name>.debug_info</name>
         <load_address>0xe17a</load_address>
         <run_address>0xe17a</run_address>
         <size>0x3b3</size>
         <input_file_ref idref="fl-106"/>
      </object_component>
      <object_component id="oc-23">
         <name>.debug_info</name>
         <load_address>0xe52d</load_address>
         <run_address>0xe52d</run_address>
         <size>0x10d</size>
         <input_file_ref idref="fl-106"/>
      </object_component>
      <object_component id="oc-1e1">
         <name>.debug_info</name>
         <load_address>0xe63a</load_address>
         <run_address>0xe63a</run_address>
         <size>0xb2</size>
         <input_file_ref idref="fl-106"/>
      </object_component>
      <object_component id="oc-1dc">
         <name>.debug_info</name>
         <load_address>0xe6ec</load_address>
         <run_address>0xe6ec</run_address>
         <size>0x2c</size>
         <input_file_ref idref="fl-106"/>
      </object_component>
      <object_component id="oc-26">
         <name>.debug_info</name>
         <load_address>0xe718</load_address>
         <run_address>0xe718</run_address>
         <size>0x10c</size>
         <input_file_ref idref="fl-108"/>
      </object_component>
      <object_component id="oc-11b">
         <name>.debug_info</name>
         <load_address>0xe824</load_address>
         <run_address>0xe824</run_address>
         <size>0x1aa</size>
         <input_file_ref idref="fl-108"/>
      </object_component>
      <object_component id="oc-39e">
         <name>.debug_info</name>
         <load_address>0xe9ce</load_address>
         <run_address>0xe9ce</run_address>
         <size>0x116</size>
         <input_file_ref idref="fl-10e"/>
      </object_component>
      <object_component id="oc-2fc">
         <name>.debug_info</name>
         <load_address>0xeae4</load_address>
         <run_address>0xeae4</run_address>
         <size>0x4b4</size>
         <input_file_ref idref="fl-116"/>
      </object_component>
      <object_component id="oc-253">
         <name>.debug_info</name>
         <load_address>0xef98</load_address>
         <run_address>0xef98</run_address>
         <size>0x1a7</size>
         <input_file_ref idref="fl-116"/>
      </object_component>
      <object_component id="oc-36c">
         <name>.debug_info</name>
         <load_address>0xf13f</load_address>
         <run_address>0xf13f</run_address>
         <size>0x39</size>
         <input_file_ref idref="fl-116"/>
      </object_component>
      <object_component id="oc-3a4">
         <name>.debug_info</name>
         <load_address>0xf178</load_address>
         <run_address>0xf178</run_address>
         <size>0x39</size>
         <input_file_ref idref="fl-116"/>
      </object_component>
      <object_component id="oc-371">
         <name>.debug_info</name>
         <load_address>0xf1b1</load_address>
         <run_address>0xf1b1</run_address>
         <size>0x39</size>
         <input_file_ref idref="fl-116"/>
      </object_component>
      <object_component id="oc-376">
         <name>.debug_info</name>
         <load_address>0xf1ea</load_address>
         <run_address>0xf1ea</run_address>
         <size>0xcd</size>
         <input_file_ref idref="fl-116"/>
      </object_component>
[...]
               <size>0x0</size>
               <logical_group_ref idref="lg-3d2"/>
            </allocated_space>
            <allocated_space>
               <start_address>0x0</start_address>
               <size>0x26c</size>
               <logical_group_ref idref="lg-3"/>
            </allocated_space>
            <available_space>
               <start_address>0x26c</start_address>
               <size>0x4</size>
            </available_space>
            <allocated_space>
               <start_address>0x270</start_address>
               <size>0x12a2</size>
               <logical_group_ref idref="lg-4"/>
            </allocated_space>
            <available_space>
               <start_address>0x1512</start_address>
               <size>0x2</size>
            </available_space>
            <allocated_space>
               <start_address>0x1514</start_address>
               <size>0x128</size>
               <logical_group_ref idref="lg-5"/>
            </allocated_space>
            <available_space>
               <start_address>0x163c</start_address>
               <size>0x4</size>
            </available_space>
            <allocated_space>
               <start_address>0x1640</start_address>
               <size>0x38</size>
               <logical_group_ref idref="lg-6"/>
            </allocated_space>
            <available_space>
               <start_address>0x1678</start_address>
               <size>0x3e988</size>
            </available_space>
         </usage_details>
      </memory_area>
      <memory_area display="yes" color="green">
         <name>SRAM</name>
         <page_id>0x0</page_id>
         <origin>0x20000000</origin>
         <length>0x8000</length>
         <used_space>0x4144</used_space>
         <unused_space>0x3ebc</unused_space>
         <attributes>RWX</attributes>
         <usage_details>
            <allocated_space>
               <start_address>0x20000000</start_address>
               <size>0x2000</size>
               <logical_group_ref idref="lg-d"/>
            </allocated_space>
            <allocated_space>
               <start_address>0x20002000</start_address>
               <size>0x2000</size>
               <logical_group_ref idref="lg-c"/>
            </allocated_space>
            <allocated_space>
               <start_address>0x20004000</start_address>
               <size>0x124</size>
               <logical_group_ref idref="lg-a"/>
            </allocated_space>
            <allocated_space>
               <start_address>0x20004124</start_address>
               <size>0x20</size>
               <logical_group_ref idref="lg-b"/>
            </allocated_space>
            <available_space>
               <start_address>0x20004144</start_address>
               <size>0x3ebc</size>
            </available_space>
         </usage_details>
      </memory_area>
   </placement_map>
   <cptbl_list>
      <cptbl>
         <name>__TI_cinit_table</name>
         <cprec>
            <name>.data</name>
            <load_address>0x1640</load_address>
            <load_size>0xe</load_size>
            <run_address>0x20004000</run_address>
            <run_size>0x124</run_size>
            <compression>lzss</compression>
         </cprec>
         <cprec>
            <name>.bss</name>
            <load_address>0x1660</load_address>
            <load_size>0x8</load_size>
            <run_address>0x20004124</run_address>
            <run_size>0x20</run_size>
            <compression>zero_init</compression>
         </cprec>
      </cptbl>
   </cptbl_list>
   <handler_table>
      <handler_table_name>__TI_handler_table</handler_table_name>
      <handler>
         <index>0x0</index>
         <name>__TI_decompress_lzss</name>
      </handler>
      <handler>
         <index>0x1</index>
         <name>__TI_decompress_none</name>
      </handler>
      <handler>
         <index>0x2</index>
         <name>__TI_zero_init</name>
      </handler>
   </handler_table>
   <symbol_table>
      <symbol id="sm-1">
         <name>__STACK_TOP</name>
         <value>0x20000200</value>
      </symbol>
      <symbol id="sm-2">
         <name>__TI_CINIT_Base</name>
         <value>0x1668</value>
      </symbol>
      <symbol id="sm-3">
         <name>__TI_CINIT_Limit</name>
         <value>0x1678</value>
      </symbol>
      <symbol id="sm-4">
         <name>__TI_Handler_Table_Base</name>
         <value>0x1650</value>
      </symbol>
      <symbol id="sm-5">
         <name>__TI_Handler_Table_Limit</name>
         <value>0x165c</value>
      </symbol>
      <symbol id="sm-6">
         <name>binit</name>
         <value>0xffffffff</value>
      </symbol>
      <symbol id="sm-7">
         <name>__binit__</name>
         <value>0xffffffff</value>
      </symbol>
      <symbol id="sm-8">
         <name>__STACK_SIZE</name>
         <value>0x2000</value>
      </symbol>
      <symbol id="sm-9">
         <name>__STACK_END</name>
         <value>0x20002000</value>
      </symbol>
      <symbol id="sm-a">
         <name>__SYSMEM_SIZE</name>
         <value>0x2000</value>
      </symbol>
      <symbol id="sm-b">
         <name>__c_args__</name>
         <value>0xffffffff</value>
      </symbol>
      <symbol id="sm-c">
         <name>__TI_pprof_out_hndl</name>
         <value>0xffffffff</value>
      </symbol>
      <symbol id="sm-d">
         <name>__TI_prof_data_start</name>
         <value>0xffffffff</value>
      </symbol>
      <symbol id="sm-e">
         <name>__TI_prof_data_size</name>
         <value>0xffffffff</value>
      </symbol>
      <symbol id="sm-5d">
         <name>main</name>
         <value>0xf01</value>
         <object_component_ref idref="oc-1c8"/>
      </symbol>
      <symbol id="sm-93">
         <name>ResetISR</name>
         <value>0x14d1</value>
         <object_component_ref idref="oc-28"/>
      </symbol>
      <symbol id="sm-94">
         <name>g_pfnVectors</name>
         <value>0x0</value>
         <object_component_ref idref="oc-10"/>
      </symbol>
      <symbol id="sm-b3">
         <name>LIB_CLOCK_MainClockSet</name>
         <value>0x1389</value>
         <object_component_ref idref="oc-22b"/>
      </symbol>
      <symbol id="sm-b4">
         <name>CPU_F</name>
         <value>0x20004120</value>
         <object_component_ref idref="oc-2af"/>
      </symbol>
      <symbol id="sm-b5">
         <name>LIB_CLOCK_PeripheralClockEnable</name>
         <value>0x1439</value>
         <object_component_ref idref="oc-2b4"/>
      </symbol>
      <symbol id="sm-cf">
         <name>AdcSequenceSamplingValueBuffer</name>
         <value>0x20004124</value>
      </symbol>
      <symbol id="sm-d0">
         <name>ADC0S0IsrHandler</name>
         <value>0xfe1</value>
         <object_component_ref idref="oc-70"/>
      </symbol>
      <symbol id="sm-d1">
         <name>AdcSequenceSamplingFlage</name>
         <value>0x2000411d</value>
         <object_component_ref idref="oc-179"/>
      </symbol>
      <symbol id="sm-155">
         <name>GPIOD_ISR_Handle</name>
         <value>0xa09</value>
         <object_component_ref idref="oc-52"/>
      </symbol>
      <symbol id="sm-156">
         <name>GPIOC_ISR_Handle</name>
         <value>0xb99</value>
         <object_component_ref idref="oc-4c"/>
      </symbol>
      <symbol id="sm-157">
         <name>GPIOF_ISR_Handle</name>
         <value>0xc19</value>
         <object_component_ref idref="oc-9a"/>
      </symbol>
      <symbol id="sm-158">
         <name>GPIOE_ISR_Handle</name>
         <value>0xa91</value>
         <object_component_ref idref="oc-58"/>
      </symbol>
      <symbol id="sm-159">
         <name>__nop</name>
         <value>0x1511</value>
         <object_component_ref idref="oc-1ee"/>
      </symbol>
      <symbol id="sm-15a">
         <name>GPIOB_ISR_Handle</name>
         <value>0x981</value>
         <object_component_ref idref="oc-46"/>
      </symbol>
      <symbol id="sm-15b">
         <name>ExtiIsrHandleTable</name>
         <value>0x20004000</value>
         <object_component_ref idref="oc-142"/>
      </symbol>
      <symbol id="sm-15c">
         <name>GPIOA_ISR_Handle</name>
         <value>0xb19</value>
         <object_component_ref idref="oc-40"/>
      </symbol>
      <symbol id="sm-17d">
         <name>QEI1_ISR_Handle</name>
         <value>0x13c9</value>
         <object_component_ref idref="oc-b2"/>
      </symbol>
      <symbol id="sm-17e">
         <name>QeiIsrHandleTable</name>
         <value>0x20004110</value>
         <object_component_ref idref="oc-166"/>
      </symbol>
      <symbol id="sm-17f">
         <name>QEI0_ISR_Handle</name>
         <value>0x13a9</value>
         <object_component_ref idref="oc-6a"/>
      </symbol>
      <symbol id="sm-20e">
         <name>TIMER3A_ISR_Handle</name>
         <value>0x1109</value>
         <object_component_ref idref="oc-a6"/>
      </symbol>
      <symbol id="sm-20f">
         <name>TIMER0B_ISR_Handle</name>
         <value>0x1041</value>
         <object_component_ref idref="oc-7c"/>
      </symbol>
      <symbol id="sm-210">
         <name>TIMER0A_ISR_Handle</name>
         <value>0x1339</value>
         <object_component_ref idref="oc-76"/>
      </symbol>
      <symbol id="sm-211">
         <name>TIMER2B_ISR_Handle</name>
         <value>0x10e1</value>
         <object_component_ref idref="oc-94"/>
      </symbol>
      <symbol id="sm-212">
         <name>TimerIsrHandleTable</name>
         <value>0x200040c0</value>
         <object_component_ref idref="oc-189"/>
      </symbol>
      <symbol id="sm-213">
         <name>TIMER5B_ISR_Handle</name>
         <value>0x11d1</value>
         <object_component_ref idref="oc-e8"/>
      </symbol>
      <symbol id="sm-214">
         <name>TIMER2A_ISR_Handle</name>
         <value>0x10b9</value>
         <object_component_ref idref="oc-8e"/>
      </symbol>
      <symbol id="sm-215">
         <name>TIMER5A_ISR_Handle</name>
         <value>0x11a9</value>
         <object_component_ref idref="oc-e2"/>
      </symbol>
      <symbol id="sm-216">
         <name>TIMER1B_ISR_Handle</name>
         <value>0x1091</value>
         <object_component_ref idref="oc-88"/>
      </symbol>
      <symbol id="sm-217">
         <name>TIMER4B_ISR_Handle</name>
         <value>0x1181</value>
         <object_component_ref idref="oc-dc"/>
      </symbol>
      <symbol id="sm-218">
         <name>TIMER1A_ISR_Handle</name>
         <value>0x1069</value>
         <object_component_ref idref="oc-82"/>
      </symbol>
      <symbol id="sm-219">
         <name>TIMER4A_ISR_Handle</name>
         <value>0x1159</value>
         <object_component_ref idref="oc-d6"/>
      </symbol>
      <symbol id="sm-21a">
         <name>TIMER3B_ISR_Handle</name>
         <value>0x1131</value>
         <object_component_ref idref="oc-ac"/>
      </symbol>
      <symbol id="sm-27d">
         <name>UART5_ISR_Handle</name>
         <value>0x1299</value>
         <object_component_ref idref="oc-c4"/>
      </symbol>
      <symbol id="sm-27e">
         <name>UART2_ISR_Handle</name>
         <value>0x1221</value>
         <object_component_ref idref="oc-a0"/>
      </symbol>
      <symbol id="sm-27f">
         <name>UART7_ISR_Handle</name>
         <value>0x12e9</value>
         <object_component_ref idref="oc-d0"/>
      </symbol>
      <symbol id="sm-280">
         <name>UART4_ISR_Handle</name>
         <value>0x1271</value>
         <object_component_ref idref="oc-be"/>
      </symbol>
      <symbol id="sm-281">
         <name>UART1_ISR_Handle</name>
         <value>0x11f9</value>
         <object_component_ref idref="oc-64"/>
      </symbol>
      <symbol id="sm-282">
         <name>UART6_ISR_Handle</name>
         <value>0x12c1</value>
         <object_component_ref idref="oc-ca"/>
      </symbol>
      <symbol id="sm-283">
         <name>UART3_ISR_Handle</name>
         <value>0x1249</value>
         <object_component_ref idref="oc-b8"/>
      </symbol>
      <symbol id="sm-284">
         <name>UART0_ISR_Handle</name>
         <value>0x1361</value>
         <object_component_ref idref="oc-5e"/>
      </symbol>
      <symbol id="sm-285">
         <name>UartIsrHandleTable</name>
         <value>0x200040f0</value>
         <object_component_ref idref="oc-15b"/>
      </symbol>
      <symbol id="sm-2a1">
         <name>LIB_UART_PrintfInit</name>
         <value>0x829</value>
         <object_component_ref idref="oc-231"/>
      </symbol>
      <symbol id="sm-2c3">
         <name>ADCIntClear</name>
         <value>0x1491</value>
         <object_component_ref idref="oc-16a"/>
      </symbol>
      <symbol id="sm-2c4">
         <name>ADCSequenceDataGet</name>
         <value>0x1311</value>
         <object_component_ref idref="oc-170"/>
      </symbol>
      <symbol id="sm-2d1">
         <name>CPUcpsie</name>
         <value>0x1481</value>
         <object_component_ref idref="oc-2a2"/>
      </symbol>
      <symbol id="sm-323">
         <name>GPIOPinConfigure</name>
         <value>0xe31</value>
         <object_component_ref idref="oc-2ba"/>
      </symbol>
      <symbol id="sm-324">
         <name>GPIOIntClear</name>
         <value>0x14c9</value>
         <object_component_ref idref="oc-13c"/>
      </symbol>
      <symbol id="sm-325">
         <name>GPIOPinTypeUART</name>
         <value>0x1421</value>
         <object_component_ref idref="oc-2c0"/>
      </symbol>
      <symbol id="sm-326">
         <name>GPIOIntStatus</name>
         <value>0x1461</value>
         <object_component_ref idref="oc-136"/>
      </symbol>
      <symbol id="sm-327">
         <name>GPIODirModeSet</name>
         <value>0x1011</value>
         <object_component_ref idref="oc-329"/>
      </symbol>
      <symbol id="sm-328">
         <name>GPIOPadConfigSet</name>
         <value>0x491</value>
         <object_component_ref idref="oc-32f"/>
      </symbol>
      <symbol id="sm-352">
         <name>IntEnable</name>
         <value>0xc99</value>
         <object_component_ref idref="oc-2d2"/>
      </symbol>
      <symbol id="sm-353">
         <name>IntMasterEnable</name>
         <value>0x1451</value>
         <object_component_ref idref="oc-225"/>
      </symbol>
      <symbol id="sm-364">
         <name>QEIIntClear</name>
         <value>0x14e1</value>
         <object_component_ref idref="oc-160"/>
      </symbol>
      <symbol id="sm-3c5">
         <name>SysCtlClockSet</name>
         <value>0x729</value>
         <object_component_ref idref="oc-2a9"/>
      </symbol>
      <symbol id="sm-3c6">
         <name>SysCtlDelay</name>
         <value>0x48b</value>
         <object_component_ref idref="oc-243"/>
      </symbol>
      <symbol id="sm-3c7">
         <name>SysCtlPeripheralEnable</name>
         <value>0xf79</value>
         <object_component_ref idref="oc-318"/>
      </symbol>
      <symbol id="sm-3c8">
         <name>SysCtlClockGet</name>
         <value>0x601</value>
         <object_component_ref idref="oc-23d"/>
      </symbol>
      <symbol id="sm-3c9">
         <name>SysCtlPeripheralReady</name>
         <value>0xf41</value>
         <object_component_ref idref="oc-31e"/>
      </symbol>
      <symbol id="sm-3e0">
         <name>TimerIntStatus</name>
         <value>0x14a1</value>
         <object_component_ref idref="oc-17d"/>
      </symbol>
      <symbol id="sm-3e1">
         <name>TimerIntClear</name>
         <value>0x14e9</value>
         <object_component_ref idref="oc-183"/>
      </symbol>
      <symbol id="sm-406">
         <name>UARTIntEnable</name>
         <value>0x14c1</value>
         <object_component_ref idref="oc-2d8"/>
      </symbol>
      <symbol id="sm-407">
         <name>UARTClockSourceSet</name>
         <value>0x14d9</value>
         <object_component_ref idref="oc-2c6"/>
      </symbol>
      <symbol id="sm-408">
         <name>UARTIntClear</name>
         <value>0x14f1</value>
         <object_component_ref idref="oc-155"/>
      </symbol>
      <symbol id="sm-409">
         <name>UARTIntStatus</name>
         <value>0x14b1</value>
         <object_component_ref idref="oc-14f"/>
      </symbol>
      <symbol id="sm-47b">
         <name>UARTStdioConfig</name>
         <value>0xd79</value>
         <object_component_ref idref="oc-2cc"/>
      </symbol>
      <symbol id="sm-47c">
         <name>UARTwrite</name>
         <value>0xdd9</value>
         <object_component_ref idref="oc-34c"/>
      </symbol>
      <symbol id="sm-47d">
         <name>UARTprintf</name>
         <value>0x1401</value>
         <object_component_ref idref="oc-237"/>
      </symbol>
      <symbol id="sm-47e">
         <name>UARTvprintf</name>
         <value>0x271</value>
         <object_component_ref idref="oc-2e0"/>
      </symbol>
      <symbol id="sm-48f">
         <name>__aeabi_uidivmod</name>
         <value>0xec1</value>
         <object_component_ref idref="oc-352"/>
      </symbol>
      <symbol id="sm-490">
         <name>__aeabi_uidiv</name>
         <value>0xec1</value>
         <object_component_ref idref="oc-352"/>
      </symbol>
      <symbol id="sm-4ad">
         <name>memcpy</name>
         <value>0x8e1</value>
         <object_component_ref idref="oc-fc"/>
      </symbol>
      <symbol id="sm-4ae">
         <name>__aeabi_memcpy</name>
         <value>0x8e1</value>
         <object_component_ref idref="oc-fc"/>
      </symbol>
      <symbol id="sm-4af">
         <name>__aeabi_memcpy8</name>
         <value>0x8e1</value>
         <object_component_ref idref="oc-fc"/>
      </symbol>
      <symbol id="sm-4b0">
         <name>__aeabi_memcpy4</name>
         <value>0x8e1</value>
         <object_component_ref idref="oc-fc"/>
      </symbol>
      <symbol id="sm-4c9">
         <name>__TI_zero_init_nomemset</name>
         <value>0x13e5</value>
         <object_component_ref idref="oc-108"/>
      </symbol>
      <symbol id="sm-4e0">
         <name>__TI_decompress_none</name>
         <value>0x146f</value>
         <object_component_ref idref="oc-19"/>
      </symbol>
      <symbol id="sm-503">
         <name>__TI_decompress_lzss</name>
         <value>0xd11</value>
         <object_component_ref idref="oc-13"/>
      </symbol>
      <symbol id="sm-518">
         <name>_sys_memory</name>
         <value>0x20002000</value>
         <object_component_ref idref="oc-22"/>
      </symbol>
      <symbol id="sm-52c">
         <name>__stack</name>
         <value>0x20000000</value>
         <object_component_ref idref="oc-25"/>
      </symbol>
      <symbol id="sm-52d">
         <name>_c_int00_noargs</name>
         <value>0xfad</value>
         <object_component_ref idref="oc-11a"/>
      </symbol>
      <symbol id="sm-53c">
         <name>__aeabi_idiv0</name>
         <value>0x97d</value>
         <object_component_ref idref="oc-39b"/>
      </symbol>
      <symbol id="sm-53d">
         <name>__aeabi_ldiv0</name>
         <value>0x97d</value>
         <object_component_ref idref="oc-39b"/>
      </symbol>
      <symbol id="sm-56c">
         <name>__TI_auto_init_nobinit_nopinit</name>
         <value>0xe7d</value>
         <object_component_ref idref="oc-251"/>
      </symbol>
      <symbol id="sm-576">
         <name>_system_pre_init</name>
         <value>0x725</value>
         <object_component_ref idref="oc-1c2"/>
      </symbol>
      <symbol id="sm-582">
         <name>C$$EXIT</name>
         <value>0x825</value>
         <object_component_ref idref="oc-245"/>
      </symbol>
      <symbol id="sm-583">
         <name>abort</name>
         <value>0x825</value>
         <object_component_ref idref="oc-245"/>
      </symbol>
      <symbol id="sm-58c">
         <name>__TI_static_base__</name>
         <value>0x0</value>
      </symbol>
      <symbol id="sm-58f">
         <name>__mpu_init</name>
         <value>0x0</value>
      </symbol>
      <symbol id="sm-590">
         <name>_system_post_cinit</name>
         <value>0x0</value>
      </symbol>
   </symbol_table>
   <title>Link successful</title>
</link_info>
