******************************************************************************
                  TI ARM Linker PC v18.12.8                    
******************************************************************************
>> Linked Thu Aug 10 21:15:17 2023

OUTPUT FILE NAME:   <EK-TM4C123GXL_LIB_TEST.out>
ENTRY POINT SYMBOL: "_c_int00_noargs"  address: 00000fad


MEMORY CONFIGURATION

         name            origin    length      used     unused   attr    fill
----------------------  --------  ---------  --------  --------  ----  --------
  FLASH                 00000000   00040000  0000166e  0003e992  R  X
  SRAM                  20000000   00008000  00004144  00003ebc  RW X


SEGMENT ALLOCATION MAP

run origin  load origin   length   init length attrs members
----------  ----------- ---------- ----------- ----- -------
00000000    00000000    00001678   00001678    r-x
  00000000    00000000    0000026c   0000026c    r-- .intvecs
  00000270    00000270    000012a2   000012a2    r-x .text
  00001514    00001514    00000128   00000128    r-- .const
  00001640    00001640    00000038   00000038    r-- .cinit
20000000    20000000    00004144   00000000    rw-
  20000000    20000000    00002000   00000000    rw- .stack
  20002000    20002000    00002000   00000000    rw- .sysmem
  20004000    20004000    00000124   00000000    rw- .data
  20004124    20004124    00000020   00000000    rw- .bss


SECTION ALLOCATION MAP

 output                                  attributes/
section   page    origin      length       input sections
--------  ----  ----------  ----------   ----------------
.intvecs   0    00000000    0000026c     
                  00000000    0000026c     startup_ccs.obj (.intvecs)

.text      0    00000270    000012a2     
                  00000270    0000021a     uartstdio.obj (.text:UARTvprintf)
                  0000048a    00000006     sysctl.obj (.text:SysCtlDelay)
                  00000490    00000170     gpio.obj (.text:GPIOPadConfigSet)
                  00000600    00000124     sysctl.obj (.text:SysCtlClockGet)
                  00000724    00000004     rtsv7M4_T_le_v4SPD16_eabi.lib : pre_init.c.obj (.text:_system_pre_init)
                  00000728    000000fc     sysctl.obj (.text:SysCtlClockSet)
                  00000824    00000004     rtsv7M4_T_le_v4SPD16_eabi.lib : exit.c.obj (.text:abort:abort)
                  00000828    000000b8     lib_uart.obj (.text:LIB_UART_PrintfInit)
                  000008e0    0000009c     rtsv7M4_T_le_v4SPD16_eabi.lib : memcpy_t2.asm.obj (.text)
                  0000097c    00000002                                   : div0.asm.obj (.text)
                  0000097e    00000002     --HOLE-- [fill = 0]
                  00000980    00000084     lib_EXTIisrmanagement.obj (.text:GPIOB_ISR_Handle)
                  00000a04    00000004     --HOLE-- [fill = 0]
                  00000a08    00000084     lib_EXTIisrmanagement.obj (.text:GPIOD_ISR_Handle)
                  00000a8c    00000004     --HOLE-- [fill = 0]
                  00000a90    00000084     lib_EXTIisrmanagement.obj (.text:GPIOE_ISR_Handle)
                  00000b14    00000004     --HOLE-- [fill = 0]
                  00000b18    00000080     lib_EXTIisrmanagement.obj (.text:GPIOA_ISR_Handle)
                  00000b98    00000080     lib_EXTIisrmanagement.obj (.text:GPIOC_ISR_Handle)
                  00000c18    00000080     lib_EXTIisrmanagement.obj (.text:GPIOF_ISR_Handle)
                  00000c98    00000078     interrupt.obj (.text:IntEnable)
                  00000d10    00000068     rtsv7M4_T_le_v4SPD16_eabi.lib : copy_decompress_lzss.c.obj (.text:decompress:lzss:__TI_decompress_lzss)
                  00000d78    00000060     uartstdio.obj (.text:UARTStdioConfig)
                  00000dd8    00000058     uartstdio.obj (.text:UARTwrite)
                  00000e30    0000004c     gpio.obj (.text:GPIOPinConfigure)
                  00000e7c    00000044     rtsv7M4_T_le_v4SPD16_eabi.lib : autoinit.c.obj (.text:__TI_auto_init_nobinit_nopinit:__TI_auto_init_nobinit_nopinit)
                  00000ec0    00000040                                   : u_divt2.asm.obj (.text)
                  00000f00    0000003a     main.obj (.text:main)
                  00000f3a    00000006     --HOLE-- [fill = 0]
                  00000f40    00000038     sysctl.obj (.text:SysCtlPeripheralReady)
                  00000f78    00000034     sysctl.obj (.text:SysCtlPeripheralEnable)
                  00000fac    00000034     rtsv7M4_T_le_v4SPD16_eabi.lib : boot_cortex_m.c.obj (.text:_c_int00_noargs:_c_int00_noargs)
                  00000fe0    0000002c     lib_ADCisrmanagement.obj (.text:ADC0S0IsrHandler)
                  0000100c    00000004     --HOLE-- [fill = 0]
                  00001010    0000002c     gpio.obj (.text:GPIODirModeSet)
                  0000103c    00000004     --HOLE-- [fill = 0]
                  00001040    00000028     lib_TIMERisrmanagement.obj (.text:TIMER0B_ISR_Handle)
                  00001068    00000028     lib_TIMERisrmanagement.obj (.text:TIMER1A_ISR_Handle)
                  00001090    00000028     lib_TIMERisrmanagement.obj (.text:TIMER1B_ISR_Handle)
                  000010b8    00000028     lib_TIMERisrmanagement.obj (.text:TIMER2A_ISR_Handle)
                  000010e0    00000028     lib_TIMERisrmanagement.obj (.text:TIMER2B_ISR_Handle)
                  00001108    00000028     lib_TIMERisrmanagement.obj (.text:TIMER3A_ISR_Handle)
                  00001130    00000028     lib_TIMERisrmanagement.obj (.text:TIMER3B_ISR_Handle)
                  00001158    00000028     lib_TIMERisrmanagement.obj (.text:TIMER4A_ISR_Handle)
                  00001180    00000028     lib_TIMERisrmanagement.obj (.text:TIMER4B_ISR_Handle)
                  000011a8    00000028     lib_TIMERisrmanagement.obj (.text:TIMER5A_ISR_Handle)
                  000011d0    00000028     lib_TIMERisrmanagement.obj (.text:TIMER5B_ISR_Handle)
                  000011f8    00000028     lib_UARTisrmanagement.obj (.text:UART1_ISR_Handle)
                  00001220    00000028     lib_UARTisrmanagement.obj (.text:UART2_ISR_Handle)
                  00001248    00000028     lib_UARTisrmanagement.obj (.text:UART3_ISR_Handle)
                  00001270    00000028     lib_UARTisrmanagement.obj (.text:UART4_ISR_Handle)
                  00001298    00000028     lib_UARTisrmanagement.obj (.text:UART5_ISR_Handle)
                  000012c0    00000028     lib_UARTisrmanagement.obj (.text:UART6_ISR_Handle)
                  000012e8    00000028     lib_UARTisrmanagement.obj (.text:UART7_ISR_Handle)
                  00001310    00000024     adc.obj (.text:ADCSequenceDataGet)
                  00001334    00000004     --HOLE-- [fill = 0]
                  00001338    00000024     lib_TIMERisrmanagement.obj (.text:TIMER0A_ISR_Handle)
                  0000135c    00000004     --HOLE-- [fill = 0]
                  00001360    00000024     lib_UARTisrmanagement.obj (.text:UART0_ISR_Handle)
                  00001384    00000004     --HOLE-- [fill = 0]
                  00001388    0000001c     lib_clock.obj (.text:LIB_CLOCK_MainClockSet)
                  000013a4    00000004     --HOLE-- [fill = 0]
                  000013a8    0000001c     lib_QEIisrmanagement.obj (.text:QEI0_ISR_Handle)
                  000013c4    00000004     --HOLE-- [fill = 0]
                  000013c8    0000001c     lib_QEIisrmanagement.obj (.text:QEI1_ISR_Handle)
                  000013e4    0000001c     rtsv7M4_T_le_v4SPD16_eabi.lib : copy_zero_init.c.obj (.text:decompress:ZI:__TI_zero_init_nomemset:__TI_zero_init_nomemset)
                  00001400    0000001a     uartstdio.obj (.text:UARTprintf)
                  0000141a    00000006     --HOLE-- [fill = 0]
                  00001420    00000016     gpio.obj (.text:GPIOPinTypeUART)
                  00001436    00000002     --HOLE-- [fill = 0]
                  00001438    00000014     lib_clock.obj (.text:LIB_CLOCK_PeripheralClockEnable)
                  0000144c    00000004     --HOLE-- [fill = 0]
                  00001450    00000010     interrupt.obj (.text:IntMasterEnable)
                  00001460    0000000e     gpio.obj (.text:GPIOIntStatus)
                  0000146e    0000000e     rtsv7M4_T_le_v4SPD16_eabi.lib : copy_decompress_none.c.obj (.text:decompress:none:__TI_decompress_none)
                  0000147c    00000004     --HOLE-- [fill = 0]
                  00001480    0000000c     cpu.obj (.text:CPUcpsie)
                  0000148c    00000004     --HOLE-- [fill = 0]
                  00001490    0000000a     adc.obj (.text:ADCIntClear)
                  0000149a    00000006     --HOLE-- [fill = 0]
                  000014a0    0000000a     timer.obj (.text:TimerIntStatus)
                  000014aa    00000006     --HOLE-- [fill = 0]
                  000014b0    0000000a     uart.obj (.text:UARTIntStatus)
                  000014ba    00000006     --HOLE-- [fill = 0]
                  000014c0    00000008     uart.obj (.text:UARTIntEnable)
                  000014c8    00000006     gpio.obj (.text:GPIOIntClear)
                  000014ce    00000002     --HOLE-- [fill = 0]
                  000014d0    00000006     startup_ccs.obj (.text:ResetISR)
                  000014d6    00000002     --HOLE-- [fill = 0]
                  000014d8    00000006     uart.obj (.text:UARTClockSourceSet)
                  000014de    00000002     --HOLE-- [fill = 0]
                  000014e0    00000004     qei.obj (.text:QEIIntClear)
                  000014e4    00000004     --HOLE-- [fill = 0]
                  000014e8    00000004     timer.obj (.text:TimerIntClear)
                  000014ec    00000004     --HOLE-- [fill = 0]
                  000014f0    00000004     uart.obj (.text:UARTIntClear)
                  000014f4    00000004     --HOLE-- [fill = 0]
                  000014f8    00000002     startup_ccs.obj (.text:FaultISR)
                  000014fa    00000006     --HOLE-- [fill = 0]
                  00001500    00000002     startup_ccs.obj (.text:IntDefaultHandler)
                  00001502    00000006     --HOLE-- [fill = 0]
                  00001508    00000002     startup_ccs.obj (.text:NmiSR)
                  0000150a    00000006     --HOLE-- [fill = 0]
                  00001510    00000002     lib_EXTIisrmanagement.obj (.text:__nop)

.const     0    00001514    00000128     
                  00001514    00000090     gpio.obj (.const:g_pui32GPIOBaseAddrs)
                  000015a4    0000006c     sysctl.obj (.const:g_pui32Xtals)
                  00001610    00000014     interrupt.obj (.const:g_pui32EnRegs)
                  00001624    0000000c     uartstdio.obj (.const:g_ui32UARTBase)
                  00001630    0000000c     uartstdio.obj (.const:g_ui32UARTPeriph)

.cinit     0    00001640    00000038     
                  00001640    0000000e     (.cinit..data.load) [load image, compression = lzss]
                  0000164e    00000002     --HOLE-- [fill = 0]
                  00001650    0000000c     (__TI_handler_table)
                  0000165c    00000004     --HOLE-- [fill = 0]
                  00001660    00000008     (.cinit..bss.load) [load image, compression = zero_init]
                  00001668    00000010     (__TI_cinit_table)

.init_array 
*          0    00000000    00000000     UNINITIALIZED

.stack     0    20000000    00002000     UNINITIALIZED
                  20000000    00000004     rtsv7M4_T_le_v4SPD16_eabi.lib : boot_cortex_m.c.obj (.stack)
                  20000004    00001ffc     --HOLE--

.sysmem    0    20002000    00002000     UNINITIALIZED
                  20002000    00000010     rtsv7M4_T_le_v4SPD16_eabi.lib : memory.c.obj (.sysmem)
                  20002010    00001ff0     --HOLE--

.data      0    20004000    00000124     UNINITIALIZED
                  20004000    000000c0     lib_EXTIisrmanagement.obj (.data:ExtiIsrHandleTable)
                  200040c0    00000030     lib_TIMERisrmanagement.obj (.data:TimerIsrHandleTable)
                  200040f0    00000020     lib_UARTisrmanagement.obj (.data:UartIsrHandleTable)
                  20004110    00000008     lib_QEIisrmanagement.obj (.data:QeiIsrHandleTable)
                  20004118    00000005     uartstdio.obj (.data)
                  2000411d    00000001     lib_ADCisrmanagement.obj (.data)
                  2000411e    00000002     --HOLE--
                  20004120    00000004     lib_clock.obj (.data)

.bss       0    20004124    00000020     UNINITIALIZED
                  20004124    00000020     (.common:AdcSequenceSamplingValueBuffer)

.binit     0    00000000    00000000     

MODULE SUMMARY

       Module                       code   ro data   rw data
       ------                       ----   -------   -------
    .\
       startup_ccs.obj              12     620       0      
       main.obj                     58     0         0      
    +--+----------------------------+------+---------+---------+
       Total:                       70     620       0      
                                                            
    .\EK-TM4C123GXL_LIB\clock\
       lib_clock.obj                48     0         4      
    +--+----------------------------+------+---------+---------+
       Total:                       48     0         4      
                                                            
    .\EK-TM4C123GXL_LIB\isr_anagement\
       lib_EXTIisrmanagement.obj    782    0         192    
       lib_TIMERisrmanagement.obj   476    0         48     
       lib_UARTisrmanagement.obj    316    0         32     
       lib_ADCisrmanagement.obj     44     0         33     
       lib_QEIisrmanagement.obj     56     0         8      
    +--+----------------------------+------+---------+---------+
       Total:                       1674   0         313    
                                                            
    .\EK-TM4C123GXL_LIB\uart\
       lib_uart.obj                 184    0         0      
    +--+----------------------------+------+---------+---------+
       Total:                       184    0         0      
                                                            
    .\driverlib\
       sysctl.obj                   658    108       0      
       gpio.obj                     530    144       0      
       interrupt.obj                136    20        0      
       adc.obj                      46     0         0      
       uart.obj                     28     0         0      
       timer.obj                    14     0         0      
       cpu.obj                      12     0         0      
       qei.obj                      4      0         0      
    +--+----------------------------+------+---------+---------+
       Total:                       1428   272       0      
                                                            
    .\utils\
       uartstdio.obj                748    24        5      
    +--+----------------------------+------+---------+---------+
       Total:                       748    24        5      
                                                            
    C:\ti\ccs1220\ccs\tools\compiler\ti-cgt-arm_18.12.8.LTS\lib\rtsv7M4_T_le_v4SPD16_eabi.lib
       memcpy_t2.asm.obj            156    0         0      
       copy_decompress_lzss.c.obj   104    0         0      
       autoinit.c.obj               68     0         0      
       u_divt2.asm.obj              64     0         0      
       boot_cortex_m.c.obj          52     0         0      
       copy_zero_init.c.obj         28     0         0      
       copy_decompress_none.c.obj   14     0         0      
       exit.c.obj                   4      0         0      
       pre_init.c.obj               4      0         0      
       div0.asm.obj                 2      0         0      
    +--+----------------------------+------+---------+---------+
       Total:                       496    0         0      
                                                            
       Heap:                        0      0         8192   
       Stack:                       0      0         8192   
       Linker Generated:            0      50        0      
    +--+----------------------------+------+---------+---------+
       Grand Total:                 4648   966       16706  


LINKER GENERATED COPY TABLES

__TI_cinit_table @ 00001668 records: 2, size/record: 8, table size: 16
	.data: load addr=00001640, load size=0000000e bytes, run addr=20004000, run size=00000124 bytes, compression=lzss
	.bss: load addr=00001660, load size=00000008 bytes, run addr=20004124, run size=00000020 bytes, compression=zero_init


LINKER GENERATED HANDLER TABLE

__TI_handler_table @ 00001650 records: 3, size/record: 4, table size: 12
	index: 0, handler: __TI_decompress_lzss
	index: 1, handler: __TI_decompress_none
	index: 2, handler: __TI_zero_init


GLOBAL SYMBOLS: SORTED ALPHABETICALLY BY Name 

address   name                           
-------   ----                           
00000fe1  ADC0S0IsrHandler               
00001491  ADCIntClear                    
00001311  ADCSequenceDataGet             
2000411d  AdcSequenceSamplingFlage       
20004124  AdcSequenceSamplingValueBuffer 
00000825  C$$EXIT                        
20004120  CPU_F                          
00001481  CPUcpsie                       
20004000  ExtiIsrHandleTable             
00000b19  GPIOA_ISR_Handle               
00000981  GPIOB_ISR_Handle               
00000b99  GPIOC_ISR_Handle               
00000a09  GPIOD_ISR_Handle               
00001011  GPIODirModeSet                 
00000a91  GPIOE_ISR_Handle               
00000c19  GPIOF_ISR_Handle               
000014c9  GPIOIntClear                   
00001461  GPIOIntStatus                  
00000491  GPIOPadConfigSet               
00000e31  GPIOPinConfigure               
00001421  GPIOPinTypeUART                
00000c99  IntEnable                      
00001451  IntMasterEnable                
00001389  LIB_CLOCK_MainClockSet         
00001439  LIB_CLOCK_PeripheralClockEnable
00000829  LIB_UART_PrintfInit            
000013a9  QEI0_ISR_Handle                
000013c9  QEI1_ISR_Handle                
000014e1  QEIIntClear                    
20004110  QeiIsrHandleTable              
000014d1  ResetISR                       
00000601  SysCtlClockGet                 
00000729  SysCtlClockSet                 
0000048b  SysCtlDelay                    
00000f79  SysCtlPeripheralEnable         
00000f41  SysCtlPeripheralReady          
00001339  TIMER0A_ISR_Handle             
00001041  TIMER0B_ISR_Handle             
00001069  TIMER1A_ISR_Handle             
00001091  TIMER1B_ISR_Handle             
000010b9  TIMER2A_ISR_Handle             
000010e1  TIMER2B_ISR_Handle             
00001109  TIMER3A_ISR_Handle             
00001131  TIMER3B_ISR_Handle             
00001159  TIMER4A_ISR_Handle             
00001181  TIMER4B_ISR_Handle             
000011a9  TIMER5A_ISR_Handle             
000011d1  TIMER5B_ISR_Handle             
000014e9  TimerIntClear                  
000014a1  TimerIntStatus                 
200040c0  TimerIsrHandleTable            
00001361  UART0_ISR_Handle               
000011f9  UART1_ISR_Handle               
00001221  UART2_ISR_Handle               
00001249  UART3_ISR_Handle               
00001271  UART4_ISR_Handle               
00001299  UART5_ISR_Handle               
000012c1  UART6_ISR_Handle               
000012e9  UART7_ISR_Handle               
000014d9  UARTClockSourceSet             
000014f1  UARTIntClear                   
000014c1  UARTIntEnable                  
000014b1  UARTIntStatus                  
00000d79  UARTStdioConfig                
00001401  UARTprintf                     
00000271  UARTvprintf                    
00000dd9  UARTwrite                      
200040f0  UartIsrHandleTable             
20002000  __STACK_END                    
00002000  __STACK_SIZE                   
20000200  __STACK_TOP                    
00002000  __SYSMEM_SIZE                  
00001668  __TI_CINIT_Base                
00001678  __TI_CINIT_Limit               
00001650  __TI_Handler_Table_Base        
0000165c  __TI_Handler_Table_Limit       
00000e7d  __TI_auto_init_nobinit_nopinit 
00000d11  __TI_decompress_lzss           
0000146f  __TI_decompress_none           
ffffffff  __TI_pprof_out_hndl            
ffffffff  __TI_prof_data_size            
ffffffff  __TI_prof_data_start           
00000000  __TI_static_base__             
000013e5  __TI_zero_init_nomemset        
0000097d  __aeabi_idiv0                  
0000097d  __aeabi_ldiv0                  
000008e1  __aeabi_memcpy                 
000008e1  __aeabi_memcpy4                
000008e1  __aeabi_memcpy8                
00000ec1  __aeabi_uidiv                  
00000ec1  __aeabi_uidivmod               
ffffffff  __binit__                      
ffffffff  __c_args__                     
UNDEFED   __mpu_init                     
00001511  __nop                          
20000000  __stack                        
00000fad  _c_int00_noargs                
20002000  _sys_memory                    
UNDEFED   _system_post_cinit             
00000725  _system_pre_init               
00000825  abort                          
ffffffff  binit                          
00000000  g_pfnVectors                   
00000f01  main                           
000008e1  memcpy                         


GLOBAL SYMBOLS: SORTED BY Symbol Address 

address   name                           
-------   ----                           
00000000  __TI_static_base__             
00000000  g_pfnVectors                   
00000271  UARTvprintf                    
0000048b  SysCtlDelay                    
00000491  GPIOPadConfigSet               
00000601  SysCtlClockGet                 
00000725  _system_pre_init               
00000729  SysCtlClockSet                 
00000825  C$$EXIT                        
00000825  abort                          
00000829  LIB_UART_PrintfInit            
000008e1  __aeabi_memcpy                 
000008e1  __aeabi_memcpy4                
000008e1  __aeabi_memcpy8                
000008e1  memcpy                         
0000097d  __aeabi_idiv0                  
0000097d  __aeabi_ldiv0                  
00000981  GPIOB_ISR_Handle               
00000a09  GPIOD_ISR_Handle               
00000a91  GPIOE_ISR_Handle               
00000b19  GPIOA_ISR_Handle               
00000b99  GPIOC_ISR_Handle               
00000c19  GPIOF_ISR_Handle               
00000c99  IntEnable                      
00000d11  __TI_decompress_lzss           
00000d79  UARTStdioConfig                
00000dd9  UARTwrite                      
00000e31  GPIOPinConfigure               
00000e7d  __TI_auto_init_nobinit_nopinit 
00000ec1  __aeabi_uidiv                  
00000ec1  __aeabi_uidivmod               
00000f01  main                           
00000f41  SysCtlPeripheralReady          
00000f79  SysCtlPeripheralEnable         
00000fad  _c_int00_noargs                
00000fe1  ADC0S0IsrHandler               
00001011  GPIODirModeSet                 
00001041  TIMER0B_ISR_Handle             
00001069  TIMER1A_ISR_Handle             
00001091  TIMER1B_ISR_Handle             
000010b9  TIMER2A_ISR_Handle             
000010e1  TIMER2B_ISR_Handle             
00001109  TIMER3A_ISR_Handle             
00001131  TIMER3B_ISR_Handle             
00001159  TIMER4A_ISR_Handle             
00001181  TIMER4B_ISR_Handle             
000011a9  TIMER5A_ISR_Handle             
000011d1  TIMER5B_ISR_Handle             
000011f9  UART1_ISR_Handle               
00001221  UART2_ISR_Handle               
00001249  UART3_ISR_Handle               
00001271  UART4_ISR_Handle               
00001299  UART5_ISR_Handle               
000012c1  UART6_ISR_Handle               
000012e9  UART7_ISR_Handle               
00001311  ADCSequenceDataGet             
00001339  TIMER0A_ISR_Handle             
00001361  UART0_ISR_Handle               
00001389  LIB_CLOCK_MainClockSet         
000013a9  QEI0_ISR_Handle                
000013c9  QEI1_ISR_Handle                
000013e5  __TI_zero_init_nomemset        
00001401  UARTprintf                     
00001421  GPIOPinTypeUART                
00001439  LIB_CLOCK_PeripheralClockEnable
00001451  IntMasterEnable                
00001461  GPIOIntStatus                  
0000146f  __TI_decompress_none           
00001481  CPUcpsie                       
00001491  ADCIntClear                    
000014a1  TimerIntStatus                 
000014b1  UARTIntStatus                  
000014c1  UARTIntEnable                  
000014c9  GPIOIntClear                   
000014d1  ResetISR                       
000014d9  UARTClockSourceSet             
000014e1  QEIIntClear                    
000014e9  TimerIntClear                  
000014f1  UARTIntClear                   
00001511  __nop                          
00001650  __TI_Handler_Table_Base        
0000165c  __TI_Handler_Table_Limit       
00001668  __TI_CINIT_Base                
00001678  __TI_CINIT_Limit               
00002000  __STACK_SIZE                   
00002000  __SYSMEM_SIZE                  
20000000  __stack                        
20000200  __STACK_TOP                    
20002000  __STACK_END                    
20002000  _sys_memory                    
20004000  ExtiIsrHandleTable             
200040c0  TimerIsrHandleTable            
200040f0  UartIsrHandleTable             
20004110  QeiIsrHandleTable              
2000411d  AdcSequenceSamplingFlage       
20004120  CPU_F                          
20004124  AdcSequenceSamplingValueBuffer 
ffffffff  __TI_pprof_out_hndl            
ffffffff  __TI_prof_data_size            
ffffffff  __TI_prof_data_start           
ffffffff  __binit__                      
ffffffff  __c_args__                     
ffffffff  binit                          
UNDEFED   __mpu_init                     
UNDEFED   _system_post_cinit             

[105 symbols]
