<?xml version="1.0" encoding="ISO-8859-1" ?>
<link_info>
   <banner>TI ARM Linker PC v18.12.8.LTS</banner>
   <copyright>Copyright (c) 1996-2018 Texas Instruments Incorporated</copyright>
   <link_time>0x64e593ad</link_time>
   <link_errors>0x0</link_errors>
   <output_file>TM4C123GH6PM_FreeRTOS.out</output_file>
   <entry_point>
      <name>_c_int00_noargs</name>
      <address>0x2a55</address>
   </entry_point>
   <input_file_list>
      <input_file id="fl-2">
         <path>.\</path>
         <kind>object</kind>
         <file>freertos.obj</file>
         <name>freertos.obj</name>
      </input_file>
      <input_file id="fl-3">
         <path>.\</path>
         <kind>object</kind>
         <file>main.obj</file>
         <name>main.obj</name>
      </input_file>
      <input_file id="fl-4">
         <path>.\</path>
         <kind>object</kind>
         <file>startup_ccs.obj</file>
         <name>startup_ccs.obj</name>
      </input_file>
      <input_file id="fl-5">
         <path>.\Peripheral_library\CX20106A\</path>
         <kind>object</kind>
         <file>cx20106a.obj</file>
         <name>cx20106a.obj</name>
      </input_file>
      <input_file id="fl-6">
         <path>.\Peripheral_library\GANWEI-8Bit-photocell\</path>
         <kind>object</kind>
         <file>photocell.obj</file>
         <name>photocell.obj</name>
      </input_file>
      <input_file id="fl-7">
         <path>.\Peripheral_library\GY62\</path>
         <kind>object</kind>
         <file>gy62.obj</file>
         <name>gy62.obj</name>
      </input_file>
      <input_file id="fl-8">
         <path>.\Peripheral_library\HC-SR04\</path>
         <kind>object</kind>
         <file>hc-sr04.obj</file>
         <name>hc-sr04.obj</name>
      </input_file>
      <input_file id="fl-9">
         <path>.\Peripheral_library\OLED\</path>
         <kind>object</kind>
         <file>front.obj</file>
         <name>front.obj</name>
      </input_file>
      <input_file id="fl-a">
         <path>.\Peripheral_library\OLED\</path>
         <kind>object</kind>
         <file>oled.obj</file>
         <name>oled.obj</name>
      </input_file>
      <input_file id="fl-b">
         <path>.\Peripheral_library\TSL1401\</path>
         <kind>object</kind>
         <file>tsl1401.obj</file>
         <name>tsl1401.obj</name>
      </input_file>
      <input_file id="fl-c">
         <path>.\Peripheral_library\VL53L0x\</path>
         <kind>object</kind>
         <file>vl53l0x.obj</file>
         <name>vl53l0x.obj</name>
      </input_file>
      <input_file id="fl-d">
         <path>.\RTOS\FreeRTOS-Kernel\</path>
         <kind>object</kind>
         <file>croutine.obj</file>
         <name>croutine.obj</name>
      </input_file>
      <input_file id="fl-e">
         <path>.\RTOS\FreeRTOS-Kernel\</path>
         <kind>object</kind>
         <file>event_groups.obj</file>
         <name>event_groups.obj</name>
      </input_file>
      <input_file id="fl-f">
         <path>.\RTOS\FreeRTOS-Kernel\</path>
         <kind>object</kind>
         <file>list.obj</file>
         <name>list.obj</name>
      </input_file>
      <input_file id="fl-10">
         <path>.\RTOS\FreeRTOS-Kernel\</path>
         <kind>object</kind>
         <file>queue.obj</file>
         <name>queue.obj</name>
      </input_file>
      <input_file id="fl-11">
         <path>.\RTOS\FreeRTOS-Kernel\</path>
         <kind>object</kind>
         <file>stream_buffer.obj</file>
         <name>stream_buffer.obj</name>
      </input_file>
      <input_file id="fl-12">
         <path>.\RTOS\FreeRTOS-Kernel\</path>
         <kind>object</kind>
         <file>tasks.obj</file>
         <name>tasks.obj</name>
      </input_file>
      <input_file id="fl-13">
         <path>.\RTOS\FreeRTOS-Kernel\</path>
         <kind>object</kind>
         <file>timers.obj</file>
         <name>timers.obj</name>
      </input_file>
      <input_file id="fl-14">
         <path>.\RTOS\FreeRTOS-Kernel\portable\CCS\ARM_CM4F\</path>
         <kind>object</kind>
         <file>port.obj</file>
         <name>port.obj</name>
      </input_file>
      <input_file id="fl-15">
         <path>.\RTOS\FreeRTOS-Kernel\portable\CCS\ARM_CM4F\</path>
         <kind>object</kind>
         <file>portasm.obj</file>
         <name>portasm.obj</name>
      </input_file>
      <input_file id="fl-16">
         <path>.\RTOS\FreeRTOS-Kernel\portable\MemMang\</path>
         <kind>object</kind>
         <file>heap_5.obj</file>
         <name>heap_5.obj</name>
      </input_file>
      <input_file id="fl-17">
         <path>.\Structures_library\</path>
         <kind>object</kind>
         <file>linkedlist.obj</file>
         <name>linkedlist.obj</name>
      </input_file>
      <input_file id="fl-18">
         <path>.\TM4C123GH6PM_library\adc\</path>
         <kind>object</kind>
         <file>lib_adc.obj</file>
         <name>lib_adc.obj</name>
      </input_file>
      <input_file id="fl-19">
         <path>.\TM4C123GH6PM_library\clock\</path>
         <kind>object</kind>
         <file>lib_clock.obj</file>
         <name>lib_clock.obj</name>
      </input_file>
      <input_file id="fl-1a">
         <path>.\TM4C123GH6PM_library\gpio\</path>
         <kind>object</kind>
         <file>lib_gpio.obj</file>
         <name>lib_gpio.obj</name>
      </input_file>
      <input_file id="fl-1b">
         <path>.\TM4C123GH6PM_library\i2c\</path>
         <kind>object</kind>
         <file>lib_i2c.obj</file>
         <name>lib_i2c.obj</name>
      </input_file>
      <input_file id="fl-1c">
         <path>.\TM4C123GH6PM_library\isr_anagement\</path>
         <kind>object</kind>
         <file>lib_ADCisrmanagement.obj</file>
         <name>lib_ADCisrmanagement.obj</name>
      </input_file>
      <input_file id="fl-1d">
         <path>.\TM4C123GH6PM_library\isr_anagement\</path>
         <kind>object</kind>
         <file>lib_EXTIisrmanagement.obj</file>
         <name>lib_EXTIisrmanagement.obj</name>
      </input_file>
      <input_file id="fl-1e">
         <path>.\TM4C123GH6PM_library\isr_anagement\</path>
         <kind>object</kind>
         <file>lib_QEIisrmanagement.obj</file>
         <name>lib_QEIisrmanagement.obj</name>
      </input_file>
      <input_file id="fl-1f">
         <path>.\TM4C123GH6PM_library\isr_anagement\</path>
         <kind>object</kind>
         <file>lib_TIMERisrmanagement.obj</file>
         <name>lib_TIMERisrmanagement.obj</name>
      </input_file>
      <input_file id="fl-20">
         <path>.\TM4C123GH6PM_library\isr_anagement\</path>
         <kind>object</kind>
         <file>lib_UARTisrmanagement.obj</file>
         <name>lib_UARTisrmanagement.obj</name>
      </input_file>
      <input_file id="fl-21">
         <path>.\TM4C123GH6PM_library\pwm\</path>
         <kind>object</kind>
         <file>lib_pwm.obj</file>
         <name>lib_pwm.obj</name>
      </input_file>
      <input_file id="fl-22">
         <path>.\TM4C123GH6PM_library\qei\</path>
         <kind>object</kind>
         <file>lib_qei.obj</file>
         <name>lib_qei.obj</name>
      </input_file>
      <input_file id="fl-23">
         <path>.\TM4C123GH6PM_library\time\</path>
         <kind>object</kind>
         <file>lib_time.obj</file>
         <name>lib_time.obj</name>
      </input_file>
      <input_file id="fl-24">
         <path>.\TM4C123GH6PM_library\timer\</path>
         <kind>object</kind>
         <file>lib_timer.obj</file>
         <name>lib_timer.obj</name>
      </input_file>
      <input_file id="fl-25">
         <path>.\TM4C123GH6PM_library\uart\</path>
         <kind>object</kind>
         <file>lib_uart.obj</file>
         <name>lib_uart.obj</name>
      </input_file>
      <input_file id="fl-26">
         <path>.\driverlib\</path>
         <kind>object</kind>
         <file>adc.obj</file>
         <name>adc.obj</name>
      </input_file>
      <input_file id="fl-27">
         <path>.\driverlib\</path>
         <kind>object</kind>
         <file>aes.obj</file>
         <name>aes.obj</name>
      </input_file>
      <input_file id="fl-28">
         <path>.\driverlib\</path>
         <kind>object</kind>
         <file>can.obj</file>
         <name>can.obj</name>
      </input_file>
      <input_file id="fl-29">
         <path>.\driverlib\</path>
         <kind>object</kind>
         <file>comp.obj</file>
         <name>comp.obj</name>
      </input_file>
      <input_file id="fl-2a">
         <path>.\driverlib\</path>
         <kind>object</kind>
         <file>cpu.obj</file>
         <name>cpu.obj</name>
      </input_file>
      <input_file id="fl-2b">
         <path>.\driverlib\</path>
         <kind>object</kind>
         <file>crc.obj</file>
         <name>crc.obj</name>
      </input_file>
      <input_file id="fl-2c">
         <path>.\driverlib\</path>
         <kind>object</kind>
         <file>des.obj</file>
         <name>des.obj</name>
      </input_file>
      <input_file id="fl-2d">
         <path>.\driverlib\</path>
         <kind>object</kind>
         <file>eeprom.obj</file>
         <name>eeprom.obj</name>
      </input_file>
      <input_file id="fl-2e">
         <path>.\driverlib\</path>
         <kind>object</kind>
         <file>emac.obj</file>
         <name>emac.obj</name>
      </input_file>
      <input_file id="fl-2f">
         <path>.\driverlib\</path>
         <kind>object</kind>
         <file>epi.obj</file>
         <name>epi.obj</name>
      </input_file>
      <input_file id="fl-30">
         <path>.\driverlib\</path>
         <kind>object</kind>
         <file>epi_workaround_ccs.obj</file>
         <name>epi_workaround_ccs.obj</name>
      </input_file>
      <input_file id="fl-31">
         <path>.\driverlib\</path>
         <kind>object</kind>
         <file>flash.obj</file>
         <name>flash.obj</name>
      </input_file>
      <input_file id="fl-32">
         <path>.\driverlib\</path>
         <kind>object</kind>
         <file>fpu.obj</file>
         <name>fpu.obj</name>
      </input_file>
      <input_file id="fl-33">
         <path>.\driverlib\</path>
         <kind>object</kind>
         <file>gpio.obj</file>
         <name>gpio.obj</name>
      </input_file>
      <input_file id="fl-34">
         <path>.\driverlib\</path>
         <kind>object</kind>
         <file>hibernate.obj</file>
         <name>hibernate.obj</name>
      </input_file>
      <input_file id="fl-35">
         <path>.\driverlib\</path>
         <kind>object</kind>
         <file>i2c.obj</file>
         <name>i2c.obj</name>
      </input_file>
      <input_file id="fl-36">
         <path>.\driverlib\</path>
         <kind>object</kind>
         <file>interrupt.obj</file>
         <name>interrupt.obj</name>
      </input_file>
      <input_file id="fl-37">
         <path>.\driverlib\</path>
         <kind>object</kind>
         <file>lcd.obj</file>
         <name>lcd.obj</name>
      </input_file>
      <input_file id="fl-38">
         <path>.\driverlib\</path>
         <kind>object</kind>
         <file>mpu.obj</file>
         <name>mpu.obj</name>
      </input_file>
      <input_file id="fl-39">
         <path>.\driverlib\</path>
         <kind>object</kind>
         <file>onewire.obj</file>
         <name>onewire.obj</name>
      </input_file>
      <input_file id="fl-3a">
         <path>.\driverlib\</path>
         <kind>object</kind>
         <file>pwm.obj</file>
         <name>pwm.obj</name>
      </input_file>
      <input_file id="fl-3b">
         <path>.\driverlib\</path>
         <kind>object</kind>
         <file>qei.obj</file>
         <name>qei.obj</name>
      </input_file>
      <input_file id="fl-3c">
         <path>.\driverlib\</path>
         <kind>object</kind>
         <file>shamd5.obj</file>
         <name>shamd5.obj</name>
      </input_file>
      <input_file id="fl-3d">
         <path>.\driverlib\</path>
         <kind>object</kind>
         <file>ssi.obj</file>
         <name>ssi.obj</name>
      </input_file>
      <input_file id="fl-3e">
         <path>.\driverlib\</path>
         <kind>object</kind>
         <file>sw_crc.obj</file>
         <name>sw_crc.obj</name>
      </input_file>
      <input_file id="fl-3f">
         <path>.\driverlib\</path>
         <kind>object</kind>
         <file>sysctl.obj</file>
         <name>sysctl.obj</name>
      </input_file>
      <input_file id="fl-40">
         <path>.\driverlib\</path>
         <kind>object</kind>
         <file>sysexc.obj</file>
         <name>sysexc.obj</name>
      </input_file>
      <input_file id="fl-41">
         <path>.\driverlib\</path>
         <kind>object</kind>
         <file>systick.obj</file>
         <name>systick.obj</name>
      </input_file>
      <input_file id="fl-42">
         <path>.\driverlib\</path>
         <kind>object</kind>
         <file>timer.obj</file>
         <name>timer.obj</name>
      </input_file>
      <input_file id="fl-43">
         <path>.\driverlib\</path>
         <kind>object</kind>
         <file>uart.obj</file>
         <name>uart.obj</name>
      </input_file>
      <input_file id="fl-44">
         <path>.\driverlib\</path>
         <kind>object</kind>
         <file>udma.obj</file>
         <name>udma.obj</name>
      </input_file>
      <input_file id="fl-45">
         <path>.\driverlib\</path>
         <kind>object</kind>
         <file>usb.obj</file>
         <name>usb.obj</name>
      </input_file>
      <input_file id="fl-46">
         <path>.\driverlib\</path>
         <kind>object</kind>
         <file>watchdog.obj</file>
         <name>watchdog.obj</name>
      </input_file>
      <input_file id="fl-47">
         <path>.\utils\</path>
         <kind>object</kind>
         <file>uartstdio.obj</file>
         <name>uartstdio.obj</name>
      </input_file>
      <input_file id="fl-48">
         <path>.\utils\</path>
         <kind>object</kind>
         <file>ustdlib.obj</file>
         <name>ustdlib.obj</name>
      </input_file>
      <input_file id="fl-4e">
         <kind>object</kind>
         <file>&lt;internal&gt;</file>
         <name>&lt;internal&gt;</name>
      </input_file>
      <input_file id="fl-104">
         <path>C:\ti\ccs1220\ccs\tools\compiler\ti-cgt-arm_18.12.8.LTS\lib\</path>
         <kind>archive</kind>
         <file>rtsv7M4_T_le_v4SPD16_eabi.lib</file>
         <name>sprintf.c.obj</name>
      </input_file>
      <input_file id="fl-105">
         <path>C:\ti\ccs1220\ccs\tools\compiler\ti-cgt-arm_18.12.8.LTS\lib\</path>
         <kind>archive</kind>
         <file>rtsv7M4_T_le_v4SPD16_eabi.lib</file>
         <name>u_divt2.asm.obj</name>
      </input_file>
      <input_file id="fl-106">
         <path>C:\ti\ccs1220\ccs\tools\compiler\ti-cgt-arm_18.12.8.LTS\lib\</path>
         <kind>archive</kind>
         <file>rtsv7M4_T_le_v4SPD16_eabi.lib</file>
         <name>memset_t2.asm.obj</name>
      </input_file>
      <input_file id="fl-107">
         <path>C:\ti\ccs1220\ccs\tools\compiler\ti-cgt-arm_18.12.8.LTS\lib\</path>
         <kind>archive</kind>
         <file>rtsv7M4_T_le_v4SPD16_eabi.lib</file>
         <name>fs_tod_t2.asm.obj</name>
      </input_file>
      <input_file id="fl-108">
         <path>C:\ti\ccs1220\ccs\tools\compiler\ti-cgt-arm_18.12.8.LTS\lib\</path>
         <kind>archive</kind>
         <file>rtsv7M4_T_le_v4SPD16_eabi.lib</file>
         <name>memcpy_t2.asm.obj</name>
      </input_file>
      <input_file id="fl-109">
         <path>C:\ti\ccs1220\ccs\tools\compiler\ti-cgt-arm_18.12.8.LTS\lib\</path>
         <kind>archive</kind>
         <file>rtsv7M4_T_le_v4SPD16_eabi.lib</file>
         <name>copy_zero_init.c.obj</name>
      </input_file>
      <input_file id="fl-10a">
         <path>C:\ti\ccs1220\ccs\tools\compiler\ti-cgt-arm_18.12.8.LTS\lib\</path>
         <kind>archive</kind>
         <file>rtsv7M4_T_le_v4SPD16_eabi.lib</file>
         <name>copy_decompress_none.c.obj</name>
      </input_file>
      <input_file id="fl-10b">
         <path>C:\ti\ccs1220\ccs\tools\compiler\ti-cgt-arm_18.12.8.LTS\lib\</path>
         <kind>archive</kind>
         <file>rtsv7M4_T_le_v4SPD16_eabi.lib</file>
         <name>copy_decompress_lzss.c.obj</name>
      </input_file>
      <input_file id="fl-10c">
         <path>C:\ti\ccs1220\ccs\tools\compiler\ti-cgt-arm_18.12.8.LTS\lib\</path>
         <kind>archive</kind>
         <file>rtsv7M4_T_le_v4SPD16_eabi.lib</file>
         <name>memory.c.obj</name>
      </input_file>
      <input_file id="fl-10d">
         <path>C:\ti\ccs1220\ccs\tools\compiler\ti-cgt-arm_18.12.8.LTS\lib\</path>
         <kind>archive</kind>
         <file>rtsv7M4_T_le_v4SPD16_eabi.lib</file>
         <name>strlen.c.obj</name>
      </input_file>
      <input_file id="fl-10e">
         <path>C:\ti\ccs1220\ccs\tools\compiler\ti-cgt-arm_18.12.8.LTS\lib\</path>
         <kind>archive</kind>
         <file>rtsv7M4_T_le_v4SPD16_eabi.lib</file>
         <name>boot_cortex_m.c.obj</name>
      </input_file>
      <input_file id="fl-10f">
         <path>C:\ti\ccs1220\ccs\tools\compiler\ti-cgt-arm_18.12.8.LTS\lib\</path>
         <kind>archive</kind>
         <file>rtsv7M4_T_le_v4SPD16_eabi.lib</file>
         <name>_printfi.c.obj</name>
      </input_file>
      <input_file id="fl-110">
         <path>C:\ti\ccs1220\ccs\tools\compiler\ti-cgt-arm_18.12.8.LTS\lib\</path>
         <kind>archive</kind>
         <file>rtsv7M4_T_le_v4SPD16_eabi.lib</file>
         <name>s_frexp.c.obj</name>
      </input_file>
      <input_file id="fl-111">
         <path>C:\ti\ccs1220\ccs\tools\compiler\ti-cgt-arm_18.12.8.LTS\lib\</path>
         <kind>archive</kind>
         <file>rtsv7M4_T_le_v4SPD16_eabi.lib</file>
         <name>s_scalbn.c.obj</name>
      </input_file>
      <input_file id="fl-112">
         <path>C:\ti\ccs1220\ccs\tools\compiler\ti-cgt-arm_18.12.8.LTS\lib\</path>
         <kind>archive</kind>
         <file>rtsv7M4_T_le_v4SPD16_eabi.lib</file>
         <name>wcslen.c.obj</name>
      </input_file>
      <input_file id="fl-113">
         <path>C:\ti\ccs1220\ccs\tools\compiler\ti-cgt-arm_18.12.8.LTS\lib\</path>
         <kind>archive</kind>
         <file>rtsv7M4_T_le_v4SPD16_eabi.lib</file>
         <name>s_copysign.c.obj</name>
      </input_file>
      <input_file id="fl-114">
         <path>C:\ti\ccs1220\ccs\tools\compiler\ti-cgt-arm_18.12.8.LTS\lib\</path>
         <kind>archive</kind>
         <file>rtsv7M4_T_le_v4SPD16_eabi.lib</file>
         <name>div0.asm.obj</name>
      </input_file>
      <input_file id="fl-115">
         <path>C:\ti\ccs1220\ccs\tools\compiler\ti-cgt-arm_18.12.8.LTS\lib\</path>
         <kind>archive</kind>
         <file>rtsv7M4_T_le_v4SPD16_eabi.lib</file>
         <name>ull_div_t2.asm.obj</name>
      </input_file>
      <input_file id="fl-116">
         <path>C:\ti\ccs1220\ccs\tools\compiler\ti-cgt-arm_18.12.8.LTS\lib\</path>
         <kind>archive</kind>
         <file>rtsv7M4_T_le_v4SPD16_eabi.lib</file>
         <name>fd_add_t2.asm.obj</name>
      </input_file>
      <input_file id="fl-117">
         <path>C:\ti\ccs1220\ccs\tools\compiler\ti-cgt-arm_18.12.8.LTS\lib\</path>
         <kind>archive</kind>
         <file>rtsv7M4_T_le_v4SPD16_eabi.lib</file>
         <name>fd_cmp_t2.asm.obj</name>
      </input_file>
      <input_file id="fl-118">
         <path>C:\ti\ccs1220\ccs\tools\compiler\ti-cgt-arm_18.12.8.LTS\lib\</path>
         <kind>archive</kind>
         <file>rtsv7M4_T_le_v4SPD16_eabi.lib</file>
         <name>fd_div_t2.asm.obj</name>
      </input_file>
      <input_file id="fl-119">
         <path>C:\ti\ccs1220\ccs\tools\compiler\ti-cgt-arm_18.12.8.LTS\lib\</path>
         <kind>archive</kind>
         <file>rtsv7M4_T_le_v4SPD16_eabi.lib</file>
         <name>fd_mul_t2.asm.obj</name>
      </input_file>
      <input_file id="fl-11a">
         <path>C:\ti\ccs1220\ccs\tools\compiler\ti-cgt-arm_18.12.8.LTS\lib\</path>
         <kind>archive</kind>
         <file>rtsv7M4_T_le_v4SPD16_eabi.lib</file>
         <name>fd_toi_t2.asm.obj</name>
      </input_file>
      <input_file id="fl-11b">
         <path>C:\ti\ccs1220\ccs\tools\compiler\ti-cgt-arm_18.12.8.LTS\lib\</path>
         <kind>archive</kind>
         <file>rtsv7M4_T_le_v4SPD16_eabi.lib</file>
         <name>i_tofd_t2.asm.obj</name>
      </input_file>
      <input_file id="fl-11c">
         <path>C:\ti\ccs1220\ccs\tools\compiler\ti-cgt-arm_18.12.8.LTS\lib\</path>
         <kind>archive</kind>
         <file>rtsv7M4_T_le_v4SPD16_eabi.lib</file>
         <name>autoinit.c.obj</name>
      </input_file>
      <input_file id="fl-11d">
         <path>C:\ti\ccs1220\ccs\tools\compiler\ti-cgt-arm_18.12.8.LTS\lib\</path>
         <kind>archive</kind>
         <file>rtsv7M4_T_le_v4SPD16_eabi.lib</file>
         <name>pre_init.c.obj</name>
      </input_file>
      <input_file id="fl-11e">
         <path>C:\ti\ccs1220\ccs\tools\compiler\ti-cgt-arm_18.12.8.LTS\lib\</path>
         <kind>archive</kind>
         <file>rtsv7M4_T_le_v4SPD16_eabi.lib</file>
         <name>cpy_tbl.c.obj</name>
      </input_file>
      <input_file id="fl-11f">
         <path>C:\ti\ccs1220\ccs\tools\compiler\ti-cgt-arm_18.12.8.LTS\lib\</path>
         <kind>archive</kind>
         <file>rtsv7M4_T_le_v4SPD16_eabi.lib</file>
         <name>exit.c.obj</name>
      </input_file>
      <input_file id="fl-120">
         <path>C:\ti\ccs1220\ccs\tools\compiler\ti-cgt-arm_18.12.8.LTS\lib\</path>
         <kind>archive</kind>
         <file>rtsv7M4_T_le_v4SPD16_eabi.lib</file>
         <name>_lock.c.obj</name>
      </input_file>
      <input_file id="fl-121">
         <path>C:\ti\ccs1220\ccs\tools\compiler\ti-cgt-arm_18.12.8.LTS\lib\</path>
         <kind>archive</kind>
         <file>rtsv7M4_T_le_v4SPD16_eabi.lib</file>
         <name>args_main.c.obj</name>
      </input_file>
      <input_file id="fl-122">
         <path>C:\ti\ccs1220\ccs\tools\compiler\ti-cgt-arm_18.12.8.LTS\lib\</path>
         <kind>archive</kind>
         <file>rtsv7M4_T_le_v4SPD16_eabi.lib</file>
         <name>atoi.c.obj</name>
      </input_file>
      <input_file id="fl-123">
         <path>C:\ti\ccs1220\ccs\tools\compiler\ti-cgt-arm_18.12.8.LTS\lib\</path>
         <kind>archive</kind>
         <file>rtsv7M4_T_le_v4SPD16_eabi.lib</file>
         <name>ctype.c.obj</name>
      </input_file>
      <input_file id="fl-124">
         <path>C:\ti\ccs1220\ccs\tools\compiler\ti-cgt-arm_18.12.8.LTS\lib\</path>
         <kind>archive</kind>
         <file>rtsv7M4_T_le_v4SPD16_eabi.lib</file>
         <name>ltoa.c.obj</name>
      </input_file>
      <input_file id="fl-125">
         <path>C:\ti\ccs1220\ccs\tools\compiler\ti-cgt-arm_18.12.8.LTS\lib\</path>
         <kind>archive</kind>
         <file>rtsv7M4_T_le_v4SPD16_eabi.lib</file>
         <name>memccpy.c.obj</name>
      </input_file>
      <input_file id="fl-126">
         <path>C:\ti\ccs1220\ccs\tools\compiler\ti-cgt-arm_18.12.8.LTS\lib\</path>
         <kind>archive</kind>
         <file>rtsv7M4_T_le_v4SPD16_eabi.lib</file>
         <name>strchr.c.obj</name>
      </input_file>
      <input_file id="fl-127">
         <path>C:\ti\ccs1220\ccs\tools\compiler\ti-cgt-arm_18.12.8.LTS\lib\</path>
         <kind>archive</kind>
         <file>rtsv7M4_T_le_v4SPD16_eabi.lib</file>
         <name>errno.c.obj</name>
      </input_file>
   </input_file_list>
   <object_component_list>
      <object_component id="oc-f">
         <name>.intvecs</name>
         <load_address>0x0</load_address>
         <run_address>0x0</run_address>
         <size>0x26c</size>
         <input_file_ref idref="fl-4"/>
      </object_component>
      <object_component id="oc-39f">
         <name>.text:UARTvprintf</name>
         <load_address>0x270</load_address>
         <run_address>0x270</run_address>
         <size>0x21a</size>
         <input_file_ref idref="fl-47"/>
      </object_component>
      <object_component id="oc-3b4">
         <name>.text:SysCtlDelay</name>
         <load_address>0x48a</load_address>
         <run_address>0x48a</run_address>
         <size>0x6</size>
         <input_file_ref idref="fl-3f"/>
      </object_component>
      <object_component id="oc-201">
         <name>.text:xTaskIncrementTick</name>
         <load_address>0x490</load_address>
         <run_address>0x490</run_address>
         <size>0x1b4</size>
         <input_file_ref idref="fl-12"/>
      </object_component>
      <object_component id="oc-1d4">
         <name>.text:_system_pre_init</name>
         <load_address>0x644</load_address>
         <run_address>0x644</run_address>
         <size>0x4</size>
         <input_file_ref idref="fl-11d"/>
      </object_component>
      <object_component id="oc-49a">
         <name>.text:xTaskResumeAll</name>
         <load_address>0x648</load_address>
         <run_address>0x648</run_address>
         <size>0x18c</size>
         <input_file_ref idref="fl-12"/>
      </object_component>
      <object_component id="oc-266">
         <name>.text:abort:abort</name>
         <load_address>0x7d4</load_address>
         <run_address>0x7d4</run_address>
         <size>0x4</size>
         <input_file_ref idref="fl-11f"/>
      </object_component>
      <object_component id="oc-3d6">
         <name>.text:GPIOPadConfigSet</name>
         <load_address>0x7d8</load_address>
         <run_address>0x7d8</run_address>
         <size>0x170</size>
         <input_file_ref idref="fl-33"/>
      </object_component>
      <object_component id="oc-5d1">
         <name>.text:xQueueReceive</name>
         <load_address>0x948</load_address>
         <run_address>0x948</run_address>
         <size>0x168</size>
         <input_file_ref idref="fl-10"/>
      </object_component>
      <object_component id="oc-511">
         <name>.text:prvProcessReceivedCommands</name>
         <load_address>0xab0</load_address>
         <run_address>0xab0</run_address>
         <size>0x140</size>
         <input_file_ref idref="fl-13"/>
      </object_component>
      <object_component id="oc-635">
         <name>.text:xTaskRemoveFromEventList</name>
         <load_address>0xbf0</load_address>
         <run_address>0xbf0</run_address>
         <size>0x128</size>
         <input_file_ref idref="fl-12"/>
      </object_component>
      <object_component id="oc-302">
         <name>.text:SysCtlClockGet</name>
         <load_address>0xd18</load_address>
         <run_address>0xd18</run_address>
         <size>0x124</size>
         <input_file_ref idref="fl-3f"/>
      </object_component>
      <object_component id="oc-54a">
         <name>.text</name>
         <load_address>0xe3c</load_address>
         <run_address>0xe3c</run_address>
         <size>0x2</size>
         <input_file_ref idref="fl-114"/>
      </object_component>
      <object_component id="oc-355">
         <name>.text:xPortStartScheduler</name>
         <load_address>0xe40</load_address>
         <run_address>0xe40</run_address>
         <size>0x124</size>
         <input_file_ref idref="fl-14"/>
      </object_component>
      <object_component id="oc-3f3">
         <name>.text:pvPortMalloc</name>
         <load_address>0xf68</load_address>
         <run_address>0xf68</run_address>
         <size>0x110</size>
         <input_file_ref idref="fl-16"/>
      </object_component>
      <object_component id="oc-2fc">
         <name>.text:SysCtlClockSet</name>
         <load_address>0x1078</load_address>
         <run_address>0x1078</run_address>
         <size>0xfc</size>
         <input_file_ref idref="fl-3f"/>
      </object_component>
      <object_component id="oc-5ed">
         <name>.text:xQueueGenericReset</name>
         <load_address>0x1178</load_address>
         <run_address>0x1178</run_address>
         <size>0xf4</size>
         <input_file_ref idref="fl-10"/>
      </object_component>
      <object_component id="oc-668">
         <name>.text:xTaskPriorityDisinherit</name>
         <load_address>0x1270</load_address>
         <run_address>0x1270</run_address>
         <size>0xec</size>
         <input_file_ref idref="fl-12"/>
      </object_component>
      <object_component id="oc-405">
         <name>.text:prvAddNewTaskToReadyList</name>
         <load_address>0x1360</load_address>
         <run_address>0x1360</run_address>
         <size>0xe4</size>
         <input_file_ref idref="fl-12"/>
      </object_component>
      <object_component id="oc-438">
         <name>.text</name>
         <load_address>0x1444</load_address>
         <run_address>0x1444</run_address>
         <size>0xda</size>
         <input_file_ref idref="fl-15"/>
      </object_component>
      <object_component id="oc-647">
         <name>.text:prvNotifyQueueSetContainer</name>
         <load_address>0x1520</load_address>
         <run_address>0x1520</run_address>
         <size>0xbc</size>
         <input_file_ref idref="fl-10"/>
      </object_component>
      <object_component id="oc-253">
         <name>.text:LIB_UART_PrintfInit</name>
         <load_address>0x15e0</load_address>
         <run_address>0x15e0</run_address>
         <size>0xb8</size>
         <input_file_ref idref="fl-25"/>
      </object_component>
      <object_component id="oc-3ff">
         <name>.text:prvInitialiseNewTask</name>
         <load_address>0x1698</load_address>
         <run_address>0x1698</run_address>
         <size>0xb4</size>
         <input_file_ref idref="fl-12"/>
      </object_component>
      <object_component id="oc-4cf">
         <name>.text:prvAddCurrentTaskToDelayedList</name>
         <load_address>0x1750</load_address>
         <run_address>0x1750</run_address>
         <size>0xb0</size>
         <input_file_ref idref="fl-12"/>
      </object_component>
      <object_component id="oc-3f9">
         <name>.text:vPortFree</name>
         <load_address>0x1800</load_address>
         <run_address>0x1800</run_address>
         <size>0xac</size>
         <input_file_ref idref="fl-16"/>
      </object_component>
      <object_component id="oc-629">
         <name>.text:xTaskCheckForTimeOut</name>
         <load_address>0x18b0</load_address>
         <run_address>0x18b0</run_address>
         <size>0xac</size>
         <input_file_ref idref="fl-12"/>
      </object_component>
      <object_component id="oc-51c">
         <name>.text:vTaskSwitchContext</name>
         <load_address>0x1960</load_address>
         <run_address>0x1960</run_address>
         <size>0xa0</size>
         <input_file_ref idref="fl-12"/>
      </object_component>
      <object_component id="oc-101">
         <name>.text</name>
         <load_address>0x1a00</load_address>
         <run_address>0x1a00</run_address>
         <size>0x9c</size>
         <input_file_ref idref="fl-108"/>
      </object_component>
      <object_component id="oc-25f">
         <name>.text:vTaskStartScheduler</name>
         <load_address>0x1aa0</load_address>
         <run_address>0x1aa0</run_address>
         <size>0x94</size>
         <input_file_ref idref="fl-12"/>
      </object_component>
      <object_component id="oc-4b">
         <name>.text:GPIOB_ISR_Handle</name>
         <load_address>0x1b38</load_address>
         <run_address>0x1b38</run_address>
         <size>0x84</size>
         <input_file_ref idref="fl-1d"/>
      </object_component>
      <object_component id="oc-57">
         <name>.text:GPIOD_ISR_Handle</name>
         <load_address>0x1bc0</load_address>
         <run_address>0x1bc0</run_address>
         <size>0x84</size>
         <input_file_ref idref="fl-1d"/>
      </object_component>
      <object_component id="oc-5d">
         <name>.text:GPIOE_ISR_Handle</name>
         <load_address>0x1c48</load_address>
         <run_address>0x1c48</run_address>
         <size>0x84</size>
         <input_file_ref idref="fl-1d"/>
      </object_component>
      <object_component id="oc-4bc">
         <name>.text:vPortEnterCritical</name>
         <load_address>0x1cd0</load_address>
         <run_address>0x1cd0</run_address>
         <size>0x84</size>
         <input_file_ref idref="fl-14"/>
      </object_component>
      <object_component id="oc-4eb">
         <name>.text:vQueueAddToRegistry</name>
         <load_address>0x1d58</load_address>
         <run_address>0x1d58</run_address>
         <size>0x84</size>
         <input_file_ref idref="fl-10"/>
      </object_component>
      <object_component id="oc-608">
         <name>.text:vTaskPlaceOnEventListRestricted</name>
         <load_address>0x1de0</load_address>
         <run_address>0x1de0</run_address>
         <size>0x84</size>
         <input_file_ref idref="fl-12"/>
      </object_component>
      <object_component id="oc-34f">
         <name>.text:xTimerCreateTimerTask</name>
         <load_address>0x1e68</load_address>
         <run_address>0x1e68</run_address>
         <size>0x84</size>
         <input_file_ref idref="fl-13"/>
      </object_component>
      <object_component id="oc-65a">
         <name>.text:prvCopyDataToQueue</name>
         <load_address>0x1ef0</load_address>
         <run_address>0x1ef0</run_address>
         <size>0x82</size>
         <input_file_ref idref="fl-10"/>
      </object_component>
      <object_component id="oc-45">
         <name>.text:GPIOA_ISR_Handle</name>
         <load_address>0x1f78</load_address>
         <run_address>0x1f78</run_address>
         <size>0x80</size>
         <input_file_ref idref="fl-1d"/>
      </object_component>
      <object_component id="oc-51">
         <name>.text:GPIOC_ISR_Handle</name>
         <load_address>0x1ff8</load_address>
         <run_address>0x1ff8</run_address>
         <size>0x80</size>
         <input_file_ref idref="fl-1d"/>
      </object_component>
      <object_component id="oc-9f">
         <name>.text:GPIOF_ISR_Handle</name>
         <load_address>0x2078</load_address>
         <run_address>0x2078</run_address>
         <size>0x80</size>
         <input_file_ref idref="fl-1d"/>
      </object_component>
      <object_component id="oc-4e5">
         <name>.text:xQueueGenericCreate</name>
         <load_address>0x20f8</load_address>
         <run_address>0x20f8</run_address>
         <size>0x80</size>
         <input_file_ref idref="fl-10"/>
      </object_component>
      <object_component id="oc-1ce">
         <name>.text</name>
         <load_address>0x2178</load_address>
         <run_address>0x2178</run_address>
         <size>0x7a</size>
         <input_file_ref idref="fl-106"/>
      </object_component>
      <object_component id="oc-32b">
         <name>.text:IntEnable</name>
         <load_address>0x21f8</load_address>
         <run_address>0x21f8</run_address>
         <size>0x78</size>
         <input_file_ref idref="fl-36"/>
      </object_component>
      <object_component id="oc-568">
         <name>.text:prvTaskExitError</name>
         <load_address>0x2270</load_address>
         <run_address>0x2270</run_address>
         <size>0x78</size>
         <input_file_ref idref="fl-14"/>
      </object_component>
      <object_component id="oc-40e">
         <name>.text:vTaskDelay</name>
         <load_address>0x22e8</load_address>
         <run_address>0x22e8</run_address>
         <size>0x78</size>
         <input_file_ref idref="fl-12"/>
      </object_component>
      <object_component id="oc-50b">
         <name>.text:prvProcessTimerOrBlockTask</name>
         <load_address>0x2360</load_address>
         <run_address>0x2360</run_address>
         <size>0x74</size>
         <input_file_ref idref="fl-13"/>
      </object_component>
      <object_component id="oc-60e">
         <name>.text:prvUnlockQueue</name>
         <load_address>0x23d8</load_address>
         <run_address>0x23d8</run_address>
         <size>0x70</size>
         <input_file_ref idref="fl-10"/>
      </object_component>
      <object_component id="oc-4c8">
         <name>.text:vPortExitCritical</name>
         <load_address>0x2448</load_address>
         <run_address>0x2448</run_address>
         <size>0x70</size>
         <input_file_ref idref="fl-14"/>
      </object_component>
      <object_component id="oc-339">
         <name>.text:xTaskCreate</name>
         <load_address>0x24b8</load_address>
         <run_address>0x24b8</run_address>
         <size>0x6a</size>
         <input_file_ref idref="fl-12"/>
      </object_component>
      <object_component id="oc-12">
         <name>.text:decompress:lzss:__TI_decompress_lzss</name>
         <load_address>0x2522</load_address>
         <run_address>0x2522</run_address>
         <size>0x68</size>
         <input_file_ref idref="fl-10b"/>
      </object_component>
      <object_component id="oc-325">
         <name>.text:UARTStdioConfig</name>
         <load_address>0x2590</load_address>
         <run_address>0x2590</run_address>
         <size>0x60</size>
         <input_file_ref idref="fl-47"/>
      </object_component>
      <object_component id="oc-4c2">
         <name>.text:prvInitialiseTaskLists</name>
         <load_address>0x25f0</load_address>
         <run_address>0x25f0</run_address>
         <size>0x60</size>
         <input_file_ref idref="fl-12"/>
      </object_component>
      <object_component id="oc-61d">
         <name>.text:vTaskPlaceOnEventList</name>
         <load_address>0x2650</load_address>
         <run_address>0x2650</run_address>
         <size>0x60</size>
         <input_file_ref idref="fl-12"/>
      </object_component>
      <object_component id="oc-41f">
         <name>.text:prvCheckForValidListAndQueue</name>
         <load_address>0x26b0</load_address>
         <run_address>0x26b0</run_address>
         <size>0x5c</size>
         <input_file_ref idref="fl-13"/>
      </object_component>
      <object_component id="oc-467">
         <name>.text:UARTwrite</name>
         <load_address>0x2710</load_address>
         <run_address>0x2710</run_address>
         <size>0x58</size>
         <input_file_ref idref="fl-47"/>
      </object_component>
      <object_component id="oc-4a8">
         <name>.text:prvInsertBlockIntoFreeList</name>
         <load_address>0x2768</load_address>
         <run_address>0x2768</run_address>
         <size>0x50</size>
         <input_file_ref idref="fl-16"/>
      </object_component>
      <object_component id="oc-313">
         <name>.text:GPIOPinConfigure</name>
         <load_address>0x27b8</load_address>
         <run_address>0x27b8</run_address>
         <size>0x4c</size>
         <input_file_ref idref="fl-33"/>
      </object_component>
      <object_component id="oc-4d8">
         <name>.text:prvCheckTasksWaitingTermination</name>
         <load_address>0x2808</load_address>
         <run_address>0x2808</run_address>
         <size>0x48</size>
         <input_file_ref idref="fl-12"/>
      </object_component>
      <object_component id="oc-5be">
         <name>.text:vQueueWaitForMessageRestricted</name>
         <load_address>0x2850</load_address>
         <run_address>0x2850</run_address>
         <size>0x48</size>
         <input_file_ref idref="fl-10"/>
      </object_component>
      <object_component id="oc-272">
         <name>.text:__TI_auto_init_nobinit_nopinit:__TI_auto_init_nobinit_nopinit</name>
         <load_address>0x2898</load_address>
         <run_address>0x2898</run_address>
         <size>0x44</size>
         <input_file_ref idref="fl-11c"/>
      </object_component>
      <object_component id="oc-5c5">
         <name>.text:prvInsertTimerInActiveList</name>
         <load_address>0x28e0</load_address>
         <run_address>0x28e0</run_address>
         <size>0x44</size>
         <input_file_ref idref="fl-13"/>
      </object_component>
      <object_component id="oc-5b8">
         <name>.text:prvProcessExpiredTimer</name>
         <load_address>0x2928</load_address>
         <run_address>0x2928</run_address>
         <size>0x40</size>
         <input_file_ref idref="fl-13"/>
      </object_component>
      <object_component id="oc-46d">
         <name>.text</name>
         <load_address>0x2968</load_address>
         <run_address>0x2968</run_address>
         <size>0x40</size>
         <input_file_ref idref="fl-105"/>
      </object_component>
      <object_component id="oc-584">
         <name>.text:vListInsert</name>
         <load_address>0x29a8</load_address>
         <run_address>0x29a8</run_address>
         <size>0x3a</size>
         <input_file_ref idref="fl-f"/>
      </object_component>
      <object_component id="oc-3c5">
         <name>.text:SysCtlPeripheralReady</name>
         <load_address>0x29e8</load_address>
         <run_address>0x29e8</run_address>
         <size>0x38</size>
         <input_file_ref idref="fl-3f"/>
      </object_component>
      <object_component id="oc-3bf">
         <name>.text:SysCtlPeripheralEnable</name>
         <load_address>0x2a20</load_address>
         <run_address>0x2a20</run_address>
         <size>0x34</size>
         <input_file_ref idref="fl-3f"/>
      </object_component>
      <object_component id="oc-11f">
         <name>.text:_c_int00_noargs:_c_int00_noargs</name>
         <load_address>0x2a54</load_address>
         <run_address>0x2a54</run_address>
         <size>0x34</size>
         <input_file_ref idref="fl-10e"/>
      </object_component>
      <object_component id="oc-259">
         <name>.text:FreeRTOS_CreateTasks</name>
         <load_address>0x2a88</load_address>
         <run_address>0x2a88</run_address>
         <size>0x30</size>
         <input_file_ref idref="fl-2"/>
      </object_component>
      <object_component id="oc-342">
         <name>.text:TestTask</name>
         <load_address>0x2ab8</load_address>
         <run_address>0x2ab8</run_address>
         <size>0x30</size>
         <input_file_ref idref="fl-2"/>
      </object_component>
      <object_component id="oc-418">
         <name>.text:prvIdleTask</name>
         <load_address>0x2ae8</load_address>
         <run_address>0x2ae8</run_address>
         <size>0x30</size>
         <input_file_ref idref="fl-12"/>
      </object_component>
      <object_component id="oc-5cb">
         <name>.text:prvReloadTimer</name>
         <load_address>0x2b18</load_address>
         <run_address>0x2b18</run_address>
         <size>0x30</size>
         <input_file_ref idref="fl-13"/>
      </object_component>
      <object_component id="oc-601">
         <name>.text:prvSwitchTimerLists</name>
         <load_address>0x2b48</load_address>
         <run_address>0x2b48</run_address>
         <size>0x30</size>
         <input_file_ref idref="fl-13"/>
      </object_component>
      <object_component id="oc-75">
         <name>.text:ADC0S0IsrHandler</name>
         <load_address>0x2b78</load_address>
         <run_address>0x2b78</run_address>
         <size>0x2c</size>
         <input_file_ref idref="fl-1c"/>
      </object_component>
      <object_component id="oc-3d0">
         <name>.text:GPIODirModeSet</name>
         <load_address>0x2ba8</load_address>
         <run_address>0x2ba8</run_address>
         <size>0x2c</size>
         <input_file_ref idref="fl-33"/>
      </object_component>
      <object_component id="oc-4b5">
         <name>.text:pxPortInitialiseStack</name>
         <load_address>0x2bd8</load_address>
         <run_address>0x2bd8</run_address>
         <size>0x2c</size>
         <input_file_ref idref="fl-14"/>
      </object_component>
      <object_component id="oc-141">
         <name>.text:xPortSysTickHandler</name>
         <load_address>0x2c08</load_address>
         <run_address>0x2c08</run_address>
         <size>0x2c</size>
         <input_file_ref idref="fl-14"/>
      </object_component>
      <object_component id="oc-81">
         <name>.text:TIMER0B_ISR_Handle</name>
         <load_address>0x2c38</load_address>
         <run_address>0x2c38</run_address>
         <size>0x28</size>
         <input_file_ref idref="fl-1f"/>
      </object_component>
      <object_component id="oc-87">
         <name>.text:TIMER1A_ISR_Handle</name>
         <load_address>0x2c60</load_address>
         <run_address>0x2c60</run_address>
         <size>0x28</size>
         <input_file_ref idref="fl-1f"/>
      </object_component>
      <object_component id="oc-8d">
         <name>.text:TIMER1B_ISR_Handle</name>
         <load_address>0x2c88</load_address>
         <run_address>0x2c88</run_address>
         <size>0x28</size>
         <input_file_ref idref="fl-1f"/>
      </object_component>
      <object_component id="oc-93">
         <name>.text:TIMER2A_ISR_Handle</name>
         <load_address>0x2cb0</load_address>
         <run_address>0x2cb0</run_address>
         <size>0x28</size>
         <input_file_ref idref="fl-1f"/>
      </object_component>
      <object_component id="oc-99">
         <name>.text:TIMER2B_ISR_Handle</name>
         <load_address>0x2cd8</load_address>
         <run_address>0x2cd8</run_address>
         <size>0x28</size>
         <input_file_ref idref="fl-1f"/>
      </object_component>
      <object_component id="oc-ab">
         <name>.text:TIMER3A_ISR_Handle</name>
         <load_address>0x2d00</load_address>
         <run_address>0x2d00</run_address>
         <size>0x28</size>
         <input_file_ref idref="fl-1f"/>
      </object_component>
      <object_component id="oc-b1">
         <name>.text:TIMER3B_ISR_Handle</name>
         <load_address>0x2d28</load_address>
         <run_address>0x2d28</run_address>
         <size>0x28</size>
         <input_file_ref idref="fl-1f"/>
      </object_component>
      <object_component id="oc-db">
         <name>.text:TIMER4A_ISR_Handle</name>
         <load_address>0x2d50</load_address>
         <run_address>0x2d50</run_address>
         <size>0x28</size>
         <input_file_ref idref="fl-1f"/>
      </object_component>
      <object_component id="oc-e1">
         <name>.text:TIMER4B_ISR_Handle</name>
         <load_address>0x2d78</load_address>
         <run_address>0x2d78</run_address>
         <size>0x28</size>
         <input_file_ref idref="fl-1f"/>
      </object_component>
      <object_component id="oc-e7">
         <name>.text:TIMER5A_ISR_Handle</name>
         <load_address>0x2da0</load_address>
         <run_address>0x2da0</run_address>
         <size>0x28</size>
         <input_file_ref idref="fl-1f"/>
      </object_component>
      <object_component id="oc-ed">
         <name>.text:TIMER5B_ISR_Handle</name>
         <load_address>0x2dc8</load_address>
         <run_address>0x2dc8</run_address>
         <size>0x28</size>
         <input_file_ref idref="fl-1f"/>
      </object_component>
      <object_component id="oc-69">
         <name>.text:UART1_ISR_Handle</name>
         <load_address>0x2df0</load_address>
         <run_address>0x2df0</run_address>
         <size>0x28</size>
         <input_file_ref idref="fl-20"/>
      </object_component>
      <object_component id="oc-a5">
         <name>.text:UART2_ISR_Handle</name>
         <load_address>0x2e18</load_address>
         <run_address>0x2e18</run_address>
         <size>0x28</size>
         <input_file_ref idref="fl-20"/>
      </object_component>
      <object_component id="oc-bd">
         <name>.text:UART3_ISR_Handle</name>
         <load_address>0x2e40</load_address>
         <run_address>0x2e40</run_address>
         <size>0x28</size>
         <input_file_ref idref="fl-20"/>
      </object_component>
      <object_component id="oc-c3">
         <name>.text:UART4_ISR_Handle</name>
         <load_address>0x2e68</load_address>
         <run_address>0x2e68</run_address>
         <size>0x28</size>
         <input_file_ref idref="fl-20"/>
      </object_component>
      <object_component id="oc-c9">
         <name>.text:UART5_ISR_Handle</name>
         <load_address>0x2e90</load_address>
         <run_address>0x2e90</run_address>
         <size>0x28</size>
         <input_file_ref idref="fl-20"/>
      </object_component>
      <object_component id="oc-cf">
         <name>.text:UART6_ISR_Handle</name>
         <load_address>0x2eb8</load_address>
         <run_address>0x2eb8</run_address>
         <size>0x28</size>
         <input_file_ref idref="fl-20"/>
      </object_component>
      <object_component id="oc-d5">
         <name>.text:UART7_ISR_Handle</name>
         <load_address>0x2ee0</load_address>
         <run_address>0x2ee0</run_address>
         <size>0x28</size>
         <input_file_ref idref="fl-20"/>
      </object_component>
      <object_component id="oc-349">
         <name>.text:prvCreateIdleTasks</name>
         <load_address>0x2f08</load_address>
         <run_address>0x2f08</run_address>
         <size>0x28</size>
         <input_file_ref idref="fl-12"/>
      </object_component>
      <object_component id="oc-5b6">
         <name>.text:prvSampleTimeNow</name>
         <load_address>0x2f30</load_address>
         <run_address>0x2f30</run_address>
         <size>0x28</size>
         <input_file_ref idref="fl-13"/>
      </object_component>
      <object_component id="oc-62f">
         <name>.text:prvCopyDataFromQueue</name>
         <load_address>0x2f58</load_address>
         <run_address>0x2f58</run_address>
         <size>0x26</size>
         <input_file_ref idref="fl-10"/>
      </object_component>
      <object_component id="oc-57e">
         <name>.text:uxListRemove</name>
         <load_address>0x2f80</load_address>
         <run_address>0x2f80</run_address>
         <size>0x26</size>
         <input_file_ref idref="fl-f"/>
      </object_component>
      <object_component id="oc-182">
         <name>.text:ADCSequenceDataGet</name>
         <load_address>0x2fa8</load_address>
         <run_address>0x2fa8</run_address>
         <size>0x24</size>
         <input_file_ref idref="fl-26"/>
      </object_component>
      <object_component id="oc-7b">
         <name>.text:TIMER0A_ISR_Handle</name>
         <load_address>0x2fd0</load_address>
         <run_address>0x2fd0</run_address>
         <size>0x24</size>
         <input_file_ref idref="fl-1f"/>
      </object_component>
      <object_component id="oc-63">
         <name>.text:UART0_ISR_Handle</name>
         <load_address>0x2ff8</load_address>
         <run_address>0x2ff8</run_address>
         <size>0x24</size>
         <input_file_ref idref="fl-20"/>
      </object_component>
      <object_component id="oc-2ad">
         <name>.text:prvResetNextTaskUnblockTime</name>
         <load_address>0x3020</load_address>
         <run_address>0x3020</run_address>
         <size>0x24</size>
         <input_file_ref idref="fl-12"/>
      </object_component>
      <object_component id="oc-505">
         <name>.text:prvGetNextExpireTime</name>
         <load_address>0x3048</load_address>
         <run_address>0x3048</run_address>
         <size>0x20</size>
         <input_file_ref idref="fl-13"/>
      </object_component>
      <object_component id="oc-13b">
         <name>.text:xTaskGetSchedulerState</name>
         <load_address>0x3068</load_address>
         <run_address>0x3068</run_address>
         <size>0x20</size>
         <input_file_ref idref="fl-12"/>
      </object_component>
      <object_component id="oc-1da">
         <name>.text:main</name>
         <load_address>0x3088</load_address>
         <run_address>0x3088</run_address>
         <size>0x1e</size>
         <input_file_ref idref="fl-3"/>
      </object_component>
      <object_component id="oc-24d">
         <name>.text:LIB_CLOCK_MainClockSet</name>
         <load_address>0x30a8</load_address>
         <run_address>0x30a8</run_address>
         <size>0x1c</size>
         <input_file_ref idref="fl-19"/>
      </object_component>
      <object_component id="oc-6f">
         <name>.text:QEI0_ISR_Handle</name>
         <load_address>0x30c8</load_address>
         <run_address>0x30c8</run_address>
         <size>0x1c</size>
         <input_file_ref idref="fl-1e"/>
      </object_component>
      <object_component id="oc-b7">
         <name>.text:QEI1_ISR_Handle</name>
         <load_address>0x30e8</load_address>
         <run_address>0x30e8</run_address>
         <size>0x1c</size>
         <input_file_ref idref="fl-1e"/>
      </object_component>
      <object_component id="oc-10d">
         <name>.text:decompress:ZI:__TI_zero_init_nomemset:__TI_zero_init_nomemset</name>
         <load_address>0x3104</load_address>
         <run_address>0x3104</run_address>
         <size>0x1c</size>
         <input_file_ref idref="fl-109"/>
      </object_component>
      <object_component id="oc-593">
         <name>.text:prvInitialiseNewQueue</name>
         <load_address>0x3120</load_address>
         <run_address>0x3120</run_address>
         <size>0x1c</size>
         <input_file_ref idref="fl-10"/>
      </object_component>
      <object_component id="oc-432">
         <name>.text:vPortSetupTimerInterrupt</name>
         <load_address>0x3140</load_address>
         <run_address>0x3140</run_address>
         <size>0x1c</size>
         <input_file_ref idref="fl-14"/>
      </object_component>
      <object_component id="oc-2a7">
         <name>.text:UARTprintf</name>
         <load_address>0x3160</load_address>
         <run_address>0x3160</run_address>
         <size>0x1a</size>
         <input_file_ref idref="fl-47"/>
      </object_component>
      <object_component id="oc-617">
         <name>.text:prvIsQueueEmpty</name>
         <load_address>0x3180</load_address>
         <run_address>0x3180</run_address>
         <size>0x1a</size>
         <input_file_ref idref="fl-10"/>
      </object_component>
      <object_component id="oc-42b">
         <name>.text:prvTimerTask</name>
         <load_address>0x31a0</load_address>
         <run_address>0x31a0</run_address>
         <size>0x1a</size>
         <input_file_ref idref="fl-13"/>
      </object_component>
      <object_component id="oc-623">
         <name>.text:vTaskInternalSetTimeOutState</name>
         <load_address>0x31c0</load_address>
         <run_address>0x31c0</run_address>
         <size>0x18</size>
         <input_file_ref idref="fl-12"/>
      </object_component>
      <object_component id="oc-319">
         <name>.text:GPIOPinTypeUART</name>
         <load_address>0x31d8</load_address>
         <run_address>0x31d8</run_address>
         <size>0x16</size>
         <input_file_ref idref="fl-33"/>
      </object_component>
      <object_component id="oc-4df">
         <name>.text:vListInitialise</name>
         <load_address>0x31f0</load_address>
         <run_address>0x31f0</run_address>
         <size>0x16</size>
         <input_file_ref idref="fl-f"/>
      </object_component>
      <object_component id="oc-30d">
         <name>.text:LIB_CLOCK_PeripheralClockEnable</name>
         <load_address>0x3208</load_address>
         <run_address>0x3208</run_address>
         <size>0x14</size>
         <input_file_ref idref="fl-19"/>
      </object_component>
      <object_component id="oc-58b">
         <name>.text:prvDeleteTCB</name>
         <load_address>0x3220</load_address>
         <run_address>0x3220</run_address>
         <size>0x12</size>
         <input_file_ref idref="fl-12"/>
      </object_component>
      <object_component id="oc-247">
         <name>.text:IntMasterEnable</name>
         <load_address>0x3238</load_address>
         <run_address>0x3238</run_address>
         <size>0x10</size>
         <input_file_ref idref="fl-36"/>
      </object_component>
      <object_component id="oc-3f">
         <name>.text:systick_ISR_Handle</name>
         <load_address>0x3248</load_address>
         <run_address>0x3248</run_address>
         <size>0x10</size>
         <input_file_ref idref="fl-3"/>
      </object_component>
      <object_component id="oc-494">
         <name>.text:vTaskSuspendAll</name>
         <load_address>0x3258</load_address>
         <run_address>0x3258</run_address>
         <size>0x10</size>
         <input_file_ref idref="fl-12"/>
      </object_component>
      <object_component id="oc-148">
         <name>.text:GPIOIntStatus</name>
         <load_address>0x3268</load_address>
         <run_address>0x3268</run_address>
         <size>0xe</size>
         <input_file_ref idref="fl-33"/>
      </object_component>
      <object_component id="oc-18">
         <name>.text:decompress:none:__TI_decompress_none</name>
         <load_address>0x3276</load_address>
         <run_address>0x3276</run_address>
         <size>0xe</size>
         <input_file_ref idref="fl-10a"/>
      </object_component>
      <object_component id="oc-2f5">
         <name>.text:CPUcpsie</name>
         <load_address>0x3288</load_address>
         <run_address>0x3288</run_address>
         <size>0xc</size>
         <input_file_ref idref="fl-2a"/>
      </object_component>
      <object_component id="oc-660">
         <name>.text:uxTaskGetNumberOfTasks</name>
         <load_address>0x3298</load_address>
         <run_address>0x3298</run_address>
         <size>0xc</size>
         <input_file_ref idref="fl-12"/>
      </object_component>
      <object_component id="oc-64d">
         <name>.text:vTaskMissedYield</name>
         <load_address>0x32a8</load_address>
         <run_address>0x32a8</run_address>
         <size>0xc</size>
         <input_file_ref idref="fl-12"/>
      </object_component>
      <object_component id="oc-5fb">
         <name>.text:xTaskGetTickCount</name>
         <load_address>0x32b8</load_address>
         <run_address>0x32b8</run_address>
         <size>0xc</size>
         <input_file_ref idref="fl-12"/>
      </object_component>
      <object_component id="oc-17c">
         <name>.text:ADCIntClear</name>
         <load_address>0x32c8</load_address>
         <run_address>0x32c8</run_address>
         <size>0xa</size>
         <input_file_ref idref="fl-26"/>
      </object_component>
      <object_component id="oc-18f">
         <name>.text:TimerIntStatus</name>
         <load_address>0x32d8</load_address>
         <run_address>0x32d8</run_address>
         <size>0xa</size>
         <input_file_ref idref="fl-42"/>
      </object_component>
      <object_component id="oc-161">
         <name>.text:UARTIntStatus</name>
         <load_address>0x32e8</load_address>
         <run_address>0x32e8</run_address>
         <size>0xa</size>
         <input_file_ref idref="fl-43"/>
      </object_component>
      <object_component id="oc-331">
         <name>.text:UARTIntEnable</name>
         <load_address>0x32f8</load_address>
         <run_address>0x32f8</run_address>
         <size>0x8</size>
         <input_file_ref idref="fl-43"/>
      </object_component>
      <object_component id="oc-14e">
         <name>.text:GPIOIntClear</name>
         <load_address>0x3300</load_address>
         <run_address>0x3300</run_address>
         <size>0x6</size>
         <input_file_ref idref="fl-33"/>
      </object_component>
      <object_component id="oc-27">
         <name>.text:ResetISR</name>
         <load_address>0x3308</load_address>
         <run_address>0x3308</run_address>
         <size>0x6</size>
         <input_file_ref idref="fl-4"/>
      </object_component>
      <object_component id="oc-31f">
         <name>.text:UARTClockSourceSet</name>
         <load_address>0x3310</load_address>
         <run_address>0x3310</run_address>
         <size>0x6</size>
         <input_file_ref idref="fl-43"/>
      </object_component>
      <object_component id="oc-4af">
         <name>.text:vListInitialiseItem</name>
         <load_address>0x3318</load_address>
         <run_address>0x3318</run_address>
         <size>0x6</size>
         <input_file_ref idref="fl-f"/>
      </object_component>
      <object_component id="oc-172">
         <name>.text:QEIIntClear</name>
         <load_address>0x3320</load_address>
         <run_address>0x3320</run_address>
         <size>0x4</size>
         <input_file_ref idref="fl-3b"/>
      </object_component>
      <object_component id="oc-195">
         <name>.text:TimerIntClear</name>
         <load_address>0x3328</load_address>
         <run_address>0x3328</run_address>
         <size>0x4</size>
         <input_file_ref idref="fl-42"/>
      </object_component>
      <object_component id="oc-167">
         <name>.text:UARTIntClear</name>
         <load_address>0x3330</load_address>
         <run_address>0x3330</run_address>
         <size>0x4</size>
         <input_file_ref idref="fl-43"/>
      </object_component>
      <object_component id="oc-33">
         <name>.text:FaultISR</name>
         <load_address>0x3338</load_address>
         <run_address>0x3338</run_address>
         <size>0x2</size>
         <input_file_ref idref="fl-4"/>
      </object_component>
      <object_component id="oc-39">
         <name>.text:IntDefaultHandler</name>
         <load_address>0x3340</load_address>
         <run_address>0x3340</run_address>
         <size>0x2</size>
         <input_file_ref idref="fl-4"/>
      </object_component>
      <object_component id="oc-2d">
         <name>.text:NmiSR</name>
         <load_address>0x3348</load_address>
         <run_address>0x3348</run_address>
         <size>0x2</size>
         <input_file_ref idref="fl-4"/>
      </object_component>
      <object_component id="oc-210">
         <name>.text:__nop</name>
         <load_address>0x3350</load_address>
         <run_address>0x3350</run_address>
         <size>0x2</size>
         <input_file_ref idref="fl-1d"/>
      </object_component>
      <object_component id="oc-3cc">
         <name>.const:g_pui32GPIOBaseAddrs</name>
         <load_address>0x3354</load_address>
         <run_address>0x3354</run_address>
         <size>0x90</size>
         <input_file_ref idref="fl-33"/>
      </object_component>
      <object_component id="oc-3b7">
         <name>.const:g_pui32Xtals</name>
         <load_address>0x33e4</load_address>
         <run_address>0x33e4</run_address>
         <size>0x6c</size>
         <input_file_ref idref="fl-3f"/>
      </object_component>
      <object_component id="oc-3eb">
         <name>.const:g_pui32EnRegs</name>
         <load_address>0x3450</load_address>
         <run_address>0x3450</run_address>
         <size>0x14</size>
         <input_file_ref idref="fl-36"/>
      </object_component>
      <object_component id="oc-3e1">
         <name>.const:g_ui32UARTBase</name>
         <load_address>0x3464</load_address>
         <run_address>0x3464</run_address>
         <size>0xc</size>
         <input_file_ref idref="fl-47"/>
      </object_component>
      <object_component id="oc-3de">
         <name>.const:g_ui32UARTPeriph</name>
         <load_address>0x3470</load_address>
         <run_address>0x3470</run_address>
         <size>0xc</size>
         <input_file_ref idref="fl-47"/>
      </object_component>
      <object_component id="oc-519">
         <name>.const</name>
         <load_address>0x347c</load_address>
         <run_address>0x347c</run_address>
         <size>0x8</size>
         <input_file_ref idref="fl-14"/>
      </object_component>
      <object_component id="oc-35b">
         <name>.const</name>
         <load_address>0x3484</load_address>
         <run_address>0x3484</run_address>
         <size>0x4</size>
         <input_file_ref idref="fl-12"/>
      </object_component>
      <object_component id="oc-69a">
         <name>.cinit..data.load</name>
         <load_address>0x3488</load_address>
         <run_address>0x3488</run_address>
         <size>0x20</size>
      </object_component>
      <object_component id="oc-698">
         <name>__TI_handler_table</name>
         <load_address>0x34a8</load_address>
         <run_address>0x34a8</run_address>
         <size>0xc</size>
      </object_component>
      <object_component id="oc-69b">
         <name>.cinit..bss.load</name>
         <load_address>0x34b8</load_address>
         <run_address>0x34b8</run_address>
         <size>0x8</size>
      </object_component>
      <object_component id="oc-699">
         <name>__TI_cinit_table</name>
         <load_address>0x34c0</load_address>
         <run_address>0x34c0</run_address>
         <size>0x10</size>
      </object_component>
      <object_component id="oc-33f">
         <name>.data</name>
         <load_address>0x200006a0</load_address>
         <run_address>0x200006a0</run_address>
         <size>0x4</size>
         <input_file_ref idref="fl-2"/>
      </object_component>
      <object_component id="oc-1f8">
         <name>.data</name>
         <load_address>0x20000618</load_address>
         <run_address>0x20000618</run_address>
         <size>0x2c</size>
         <input_file_ref idref="fl-12"/>
      </object_component>
      <object_component id="oc-2b9">
         <name>.data:xYieldPendings</name>
         <load_address>0x200006a8</load_address>
         <run_address>0x200006a8</run_address>
         <size>0x4</size>
         <input_file_ref idref="fl-12"/>
      </object_component>
      <object_component id="oc-425">
         <name>.data</name>
         <load_address>0x20000684</load_address>
         <run_address>0x20000684</run_address>
         <size>0xc</size>
         <input_file_ref idref="fl-13"/>
      </object_component>
      <object_component id="oc-43d">
         <name>.data</name>
         <load_address>0x20000678</load_address>
         <run_address>0x20000678</run_address>
         <size>0xc</size>
         <input_file_ref idref="fl-14"/>
      </object_component>
      <object_component id="oc-4a0">
         <name>.data</name>
         <load_address>0x20000664</load_address>
         <run_address>0x20000664</run_address>
         <size>0x14</size>
         <input_file_ref idref="fl-16"/>
      </object_component>
      <object_component id="oc-308">
         <name>.data</name>
         <load_address>0x200006a4</load_address>
         <run_address>0x200006a4</run_address>
         <size>0x4</size>
         <input_file_ref idref="fl-19"/>
      </object_component>
      <object_component id="oc-18b">
         <name>.data</name>
         <load_address>0x2000069d</load_address>
         <run_address>0x2000069d</run_address>
         <size>0x1</size>
         <input_file_ref idref="fl-1c"/>
      </object_component>
      <object_component id="oc-154">
         <name>.data:ExtiIsrHandleTable</name>
         <load_address>0x20000528</load_address>
         <run_address>0x20000528</run_address>
         <size>0xc0</size>
         <input_file_ref idref="fl-1d"/>
      </object_component>
      <object_component id="oc-178">
         <name>.data:QeiIsrHandleTable</name>
         <load_address>0x20000690</load_address>
         <run_address>0x20000690</run_address>
         <size>0x8</size>
         <input_file_ref idref="fl-1e"/>
      </object_component>
      <object_component id="oc-19b">
         <name>.data:TimerIsrHandleTable</name>
         <load_address>0x200005e8</load_address>
         <run_address>0x200005e8</run_address>
         <size>0x30</size>
         <input_file_ref idref="fl-1f"/>
      </object_component>
      <object_component id="oc-16d">
         <name>.data:UartIsrHandleTable</name>
         <load_address>0x20000644</load_address>
         <run_address>0x20000644</run_address>
         <size>0x20</size>
         <input_file_ref idref="fl-20"/>
      </object_component>
      <object_component id="oc-3e4">
         <name>.data</name>
         <load_address>0x20000698</load_address>
         <run_address>0x20000698</run_address>
         <size>0x5</size>
         <input_file_ref idref="fl-47"/>
      </object_component>
      <object_component id="oc-2b6">
         <name>.bss:pxReadyTasksLists</name>
         <uninitialized>true</uninitialized>
         <run_address>0x20000000</run_address>
         <size>0x280</size>
         <input_file_ref idref="fl-12"/>
      </object_component>
      <object_component id="oc-570">
         <name>.bss:xDelayedTaskList1</name>
         <uninitialized>true</uninitialized>
         <run_address>0x20000318</run_address>
         <size>0x14</size>
         <input_file_ref idref="fl-12"/>
      </object_component>
      <object_component id="oc-573">
         <name>.bss:xDelayedTaskList2</name>
         <uninitialized>true</uninitialized>
         <run_address>0x2000032c</run_address>
         <size>0x14</size>
         <input_file_ref idref="fl-12"/>
      </object_component>
      <object_component id="oc-2b3">
         <name>.bss</name>
         <uninitialized>true</uninitialized>
         <run_address>0x2000037c</run_address>
         <size>0x8</size>
         <input_file_ref idref="fl-12"/>
      </object_component>
      <object_component id="oc-551">
         <name>.bss:xPendingReadyList</name>
         <uninitialized>true</uninitialized>
         <run_address>0x20000340</run_address>
         <size>0x14</size>
         <input_file_ref idref="fl-12"/>
      </object_component>
      <object_component id="oc-576">
         <name>.bss:xTasksWaitingTermination</name>
         <uninitialized>true</uninitialized>
         <run_address>0x20000368</run_address>
         <size>0x14</size>
         <input_file_ref idref="fl-12"/>
      </object_component>
      <object_component id="oc-579">
         <name>.bss:xSuspendedTaskList</name>
         <uninitialized>true</uninitialized>
         <run_address>0x20000354</run_address>
         <size>0x14</size>
         <input_file_ref idref="fl-12"/>
      </object_component>
      <object_component id="oc-415">
         <name>.bss:xIdleTaskHandles</name>
         <uninitialized>true</uninitialized>
         <run_address>0x20000394</run_address>
         <size>0x4</size>
         <input_file_ref idref="fl-12"/>
      </object_component>
      <object_component id="oc-4f1">
         <name>.bss:xActiveTimerList1</name>
         <uninitialized>true</uninitialized>
         <run_address>0x200002f0</run_address>
         <size>0x14</size>
         <input_file_ref idref="fl-13"/>
      </object_component>
      <object_component id="oc-4f4">
         <name>.bss:xActiveTimerList2</name>
         <uninitialized>true</uninitialized>
         <run_address>0x20000304</run_address>
         <size>0x14</size>
         <input_file_ref idref="fl-13"/>
      </object_component>
      <object_component id="oc-4f7">
         <name>.bss</name>
         <uninitialized>true</uninitialized>
         <run_address>0x20000384</run_address>
         <size>0x8</size>
         <input_file_ref idref="fl-13"/>
      </object_component>
      <object_component id="oc-4a3">
         <name>.bss:xStart</name>
         <uninitialized>true</uninitialized>
         <run_address>0x2000038c</run_address>
         <size>0x8</size>
         <input_file_ref idref="fl-16"/>
      </object_component>
      <object_component id="oc-5a1">
         <name>.common:xQueueRegistry</name>
         <uninitialized>true</uninitialized>
         <run_address>0x20000280</run_address>
         <size>0x50</size>
      </object_component>
      <object_component id="oc-188">
         <name>.common:AdcSequenceSamplingValueBuffer</name>
         <uninitialized>true</uninitialized>
         <run_address>0x200002d0</run_address>
         <size>0x20</size>
      </object_component>
      <object_component id="oc-21">
         <name>.sysmem</name>
         <uninitialized>true</uninitialized>
         <run_address>0x200006b0</run_address>
         <size>0x10</size>
         <input_file_ref idref="fl-10c"/>
      </object_component>
      <object_component id="oc-69d">
         <name>.sysmem</name>
         <uninitialized>true</uninitialized>
         <run_address>0x200006b0</run_address>
         <size>0x0</size>
      </object_component>
      <object_component id="oc-24">
         <name>.stack</name>
         <uninitialized>true</uninitialized>
         <run_address>0x20000398</run_address>
         <size>0x4</size>
         <input_file_ref idref="fl-10e"/>
      </object_component>
      <object_component id="oc-69c">
         <name>.stack</name>
         <uninitialized>true</uninitialized>
         <run_address>0x20000398</run_address>
         <size>0x0</size>
      </object_component>
      <object_component id="oc-236">
         <name>.debug_info</name>
         <load_address>0x0</load_address>
         <run_address>0x0</run_address>
         <size>0x4be</size>
         <input_file_ref idref="fl-2"/>
      </object_component>
      <object_component id="oc-340">
         <name>.debug_info</name>
         <load_address>0x4be</load_address>
         <run_address>0x4be</run_address>
         <size>0xf6</size>
         <input_file_ref idref="fl-2"/>
      </object_component>
      <object_component id="oc-343">
         <name>.debug_info</name>
         <load_address>0x5b4</load_address>
         <run_address>0x5b4</run_address>
         <size>0x136</size>
         <input_file_ref idref="fl-2"/>
      </object_component>
      <object_component id="oc-25a">
         <name>.debug_info</name>
         <load_address>0x6ea</load_address>
         <run_address>0x6ea</run_address>
         <size>0x144</size>
         <input_file_ref idref="fl-2"/>
      </object_component>
      <object_component id="oc-2e1">
         <name>.debug_info</name>
         <load_address>0x82e</load_address>
         <run_address>0x82e</run_address>
         <size>0x322</size>
         <input_file_ref idref="fl-2"/>
      </object_component>
      <object_component id="oc-1b4">
         <name>.debug_info</name>
         <load_address>0xb50</load_address>
         <run_address>0xb50</run_address>
         <size>0x26b</size>
         <input_file_ref idref="fl-2"/>
      </object_component>
      <object_component id="oc-2eb">
         <name>.debug_info</name>
         <load_address>0xdbb</load_address>
         <run_address>0xdbb</run_address>
         <size>0x3f8</size>
         <input_file_ref idref="fl-2"/>
      </object_component>
      <object_component id="oc-2d2">
         <name>.debug_info</name>
         <load_address>0x11b3</load_address>
         <run_address>0x11b3</run_address>
         <size>0xbf</size>
         <input_file_ref idref="fl-2"/>
      </object_component>
      <object_component id="oc-fc">
         <name>.debug_info</name>
         <load_address>0x1272</load_address>
         <run_address>0x1272</run_address>
         <size>0x84</size>
         <input_file_ref idref="fl-2"/>
      </object_component>
      <object_component id="oc-2f0">
         <name>.debug_info</name>
         <load_address>0x12f6</load_address>
         <run_address>0x12f6</run_address>
         <size>0x2c</size>
         <input_file_ref idref="fl-2"/>
      </object_component>
      <object_component id="oc-219">
         <name>.debug_info</name>
         <load_address>0x1322</load_address>
         <run_address>0x1322</run_address>
         <size>0x2a4</size>
         <input_file_ref idref="fl-2"/>
      </object_component>
      <object_component id="oc-47b">
         <name>.debug_info</name>
         <load_address>0x15c6</load_address>
         <run_address>0x15c6</run_address>
         <size>0xef</size>
         <input_file_ref idref="fl-2"/>
      </object_component>
      <object_component id="oc-158">
         <name>.debug_info</name>
         <load_address>0x16b5</load_address>
         <run_address>0x16b5</run_address>
         <size>0xbb</size>
         <input_file_ref idref="fl-2"/>
      </object_component>
      <object_component id="oc-2d7">
         <name>.debug_info</name>
         <load_address>0x1770</load_address>
         <run_address>0x1770</run_address>
         <size>0x53</size>
         <input_file_ref idref="fl-2"/>
      </object_component>
      <object_component id="oc-1fc">
         <name>.debug_info</name>
         <load_address>0x17c3</load_address>
         <run_address>0x17c3</run_address>
         <size>0x53</size>
         <input_file_ref idref="fl-2"/>
      </object_component>
      <object_component id="oc-3a7">
         <name>.debug_info</name>
         <load_address>0x1816</load_address>
         <run_address>0x1816</run_address>
         <size>0x2c</size>
         <input_file_ref idref="fl-2"/>
      </object_component>
      <object_component id="oc-2dc">
         <name>.debug_info</name>
         <load_address>0x1842</load_address>
         <run_address>0x1842</run_address>
         <size>0x35</size>
         <input_file_ref idref="fl-2"/>
      </object_component>
      <object_component id="oc-2e6">
         <name>.debug_info</name>
         <load_address>0x1877</load_address>
         <run_address>0x1877</run_address>
         <size>0x14c</size>
         <input_file_ref idref="fl-2"/>
      </object_component>
      <object_component id="oc-5db">
         <name>.debug_info</name>
         <load_address>0x19c3</load_address>
         <run_address>0x19c3</run_address>
         <size>0x571</size>
         <input_file_ref idref="fl-3"/>
      </object_component>
      <object_component id="oc-40">
         <name>.debug_info</name>
         <load_address>0x1f34</load_address>
         <run_address>0x1f34</run_address>
         <size>0x159</size>
         <input_file_ref idref="fl-3"/>
      </object_component>
      <object_component id="oc-1db">
         <name>.debug_info</name>
         <load_address>0x208d</load_address>
         <run_address>0x208d</run_address>
         <size>0x186</size>
         <input_file_ref idref="fl-3"/>
      </object_component>
      <object_component id="oc-63e">
         <name>.debug_info</name>
         <load_address>0x2213</load_address>
         <run_address>0x2213</run_address>
         <size>0x3f8</size>
         <input_file_ref idref="fl-3"/>
      </object_component>
      <object_component id="oc-209">
         <name>.debug_info</name>
         <load_address>0x260b</load_address>
         <run_address>0x260b</run_address>
         <size>0x8b</size>
         <input_file_ref idref="fl-3"/>
      </object_component>
      <object_component id="oc-544">
         <name>.debug_info</name>
         <load_address>0x2696</load_address>
         <run_address>0x2696</run_address>
         <size>0xcc</size>
         <input_file_ref idref="fl-3"/>
      </object_component>
      <object_component id="oc-f5">
         <name>.debug_info</name>
         <load_address>0x2762</load_address>
         <run_address>0x2762</run_address>
         <size>0x794</size>
         <input_file_ref idref="fl-4"/>
      </object_component>
      <object_component id="oc-10">
         <name>.debug_info</name>
         <load_address>0x2ef6</load_address>
         <run_address>0x2ef6</run_address>
         <size>0xf3</size>
         <input_file_ref idref="fl-4"/>
      </object_component>
      <object_component id="oc-28">
         <name>.debug_info</name>
         <load_address>0x2fe9</load_address>
         <run_address>0x2fe9</run_address>
         <size>0x126</size>
         <input_file_ref idref="fl-4"/>
      </object_component>
      <object_component id="oc-2e">
         <name>.debug_info</name>
         <load_address>0x310f</load_address>
         <run_address>0x310f</run_address>
         <size>0x114</size>
         <input_file_ref idref="fl-4"/>
      </object_component>
      <object_component id="oc-3b">
         <name>.debug_info</name>
         <load_address>0x3223</load_address>
         <run_address>0x3223</run_address>
         <size>0x12c</size>
         <input_file_ref idref="fl-4"/>
      </object_component>
      <object_component id="oc-35">
         <name>.debug_info</name>
         <load_address>0x334f</load_address>
         <run_address>0x334f</run_address>
         <size>0x11a</size>
         <input_file_ref idref="fl-4"/>
      </object_component>
      <object_component id="oc-466">
         <name>.debug_info</name>
         <load_address>0x3469</load_address>
         <run_address>0x3469</run_address>
         <size>0x4cb</size>
         <input_file_ref idref="fl-a"/>
      </object_component>
      <object_component id="oc-390">
         <name>.debug_info</name>
         <load_address>0x3934</load_address>
         <run_address>0x3934</run_address>
         <size>0x35</size>
         <input_file_ref idref="fl-a"/>
      </object_component>
      <object_component id="oc-465">
         <name>.debug_info</name>
         <load_address>0x3969</load_address>
         <run_address>0x3969</run_address>
[...]
         <name>xTaskPriorityDisinherit</name>
         <value>0x1271</value>
         <object_component_ref idref="oc-668"/>
      </symbol>
      <symbol id="sm-418">
         <name>vTaskStartScheduler</name>
         <value>0x1aa1</value>
         <object_component_ref idref="oc-25f"/>
      </symbol>
      <symbol id="sm-419">
         <name>vTaskInternalSetTimeOutState</name>
         <value>0x31c1</value>
         <object_component_ref idref="oc-623"/>
      </symbol>
      <symbol id="sm-41a">
         <name>xTaskCreate</name>
         <value>0x24b9</value>
         <object_component_ref idref="oc-339"/>
      </symbol>
      <symbol id="sm-41b">
         <name>vTaskMissedYield</name>
         <value>0x32a9</value>
         <object_component_ref idref="oc-64d"/>
      </symbol>
      <symbol id="sm-41c">
         <name>uxTaskGetNumberOfTasks</name>
         <value>0x3299</value>
         <object_component_ref idref="oc-660"/>
      </symbol>
      <symbol id="sm-41d">
         <name>xTaskResumeAll</name>
         <value>0x649</value>
         <object_component_ref idref="oc-49a"/>
      </symbol>
      <symbol id="sm-41e">
         <name>xTaskGetTickCount</name>
         <value>0x32b9</value>
         <object_component_ref idref="oc-5fb"/>
      </symbol>
      <symbol id="sm-41f">
         <name>pxCurrentTCB</name>
         <value>0x20000618</value>
         <object_component_ref idref="oc-1f8"/>
      </symbol>
      <symbol id="sm-420">
         <name>uxTopUsedPriority</name>
         <value>0x3484</value>
         <object_component_ref idref="oc-35b"/>
      </symbol>
      <symbol id="sm-421">
         <name>vTaskPlaceOnEventListRestricted</name>
         <value>0x1de1</value>
         <object_component_ref idref="oc-608"/>
      </symbol>
      <symbol id="sm-422">
         <name>xTaskIncrementTick</name>
         <value>0x491</value>
         <object_component_ref idref="oc-201"/>
      </symbol>
      <symbol id="sm-423">
         <name>vTaskSwitchContext</name>
         <value>0x1961</value>
         <object_component_ref idref="oc-51c"/>
      </symbol>
      <symbol id="sm-424">
         <name>xTaskGetSchedulerState</name>
         <value>0x3069</value>
         <object_component_ref idref="oc-13b"/>
      </symbol>
      <symbol id="sm-425">
         <name>xTaskRemoveFromEventList</name>
         <value>0xbf1</value>
         <object_component_ref idref="oc-635"/>
      </symbol>
      <symbol id="sm-4fe">
         <name>xTimerCreateTimerTask</name>
         <value>0x1e69</value>
         <object_component_ref idref="oc-34f"/>
      </symbol>
      <symbol id="sm-576">
         <name>ulMaxSyscallInterruptPriority</name>
         <value>0x347c</value>
         <object_component_ref idref="oc-519"/>
      </symbol>
      <symbol id="sm-577">
         <name>vPortSetupTimerInterrupt</name>
         <value>0x3141</value>
         <object_component_ref idref="oc-432"/>
      </symbol>
      <symbol id="sm-578">
         <name>xPortSysTickHandler</name>
         <value>0x2c09</value>
         <object_component_ref idref="oc-141"/>
      </symbol>
      <symbol id="sm-579">
         <name>pxPortInitialiseStack</name>
         <value>0x2bd9</value>
         <object_component_ref idref="oc-4b5"/>
      </symbol>
      <symbol id="sm-57a">
         <name>vPortExitCritical</name>
         <value>0x2449</value>
         <object_component_ref idref="oc-4c8"/>
      </symbol>
      <symbol id="sm-57b">
         <name>xPortStartScheduler</name>
         <value>0xe41</value>
         <object_component_ref idref="oc-355"/>
      </symbol>
      <symbol id="sm-57c">
         <name>vPortEnterCritical</name>
         <value>0x1cd1</value>
         <object_component_ref idref="oc-4bc"/>
      </symbol>
      <symbol id="sm-58b">
         <name>vPortStartFirstTask</name>
         <value>0x14ed</value>
         <object_component_ref idref="oc-438"/>
      </symbol>
      <symbol id="sm-58c">
         <name>ulPortGetIPSR</name>
         <value>0x1455</value>
         <object_component_ref idref="oc-438"/>
      </symbol>
      <symbol id="sm-58d">
         <name>vPortEnableVFP</name>
         <value>0x1511</value>
         <object_component_ref idref="oc-438"/>
      </symbol>
      <symbol id="sm-58e">
         <name>xPortPendSVHandler</name>
         <value>0x146d</value>
         <object_component_ref idref="oc-438"/>
      </symbol>
      <symbol id="sm-58f">
         <name>vPortSVCHandler</name>
         <value>0x14cd</value>
         <object_component_ref idref="oc-438"/>
      </symbol>
      <symbol id="sm-5e9">
         <name>pvPortMalloc</name>
         <value>0xf69</value>
         <object_component_ref idref="oc-3f3"/>
      </symbol>
      <symbol id="sm-5ea">
         <name>vPortFree</name>
         <value>0x1801</value>
         <object_component_ref idref="oc-3f9"/>
      </symbol>
      <symbol id="sm-60a">
         <name>LIB_CLOCK_MainClockSet</name>
         <value>0x30a9</value>
         <object_component_ref idref="oc-24d"/>
      </symbol>
      <symbol id="sm-60b">
         <name>CPU_F</name>
         <value>0x200006a4</value>
         <object_component_ref idref="oc-308"/>
      </symbol>
      <symbol id="sm-60c">
         <name>LIB_CLOCK_PeripheralClockEnable</name>
         <value>0x3209</value>
         <object_component_ref idref="oc-30d"/>
      </symbol>
      <symbol id="sm-626">
         <name>AdcSequenceSamplingValueBuffer</name>
         <value>0x200002d0</value>
      </symbol>
      <symbol id="sm-627">
         <name>ADC0S0IsrHandler</name>
         <value>0x2b79</value>
         <object_component_ref idref="oc-75"/>
      </symbol>
      <symbol id="sm-628">
         <name>AdcSequenceSamplingFlage</name>
         <value>0x2000069d</value>
         <object_component_ref idref="oc-18b"/>
      </symbol>
      <symbol id="sm-6ac">
         <name>GPIOD_ISR_Handle</name>
         <value>0x1bc1</value>
         <object_component_ref idref="oc-57"/>
      </symbol>
      <symbol id="sm-6ad">
         <name>GPIOC_ISR_Handle</name>
         <value>0x1ff9</value>
         <object_component_ref idref="oc-51"/>
      </symbol>
      <symbol id="sm-6ae">
         <name>GPIOF_ISR_Handle</name>
         <value>0x2079</value>
         <object_component_ref idref="oc-9f"/>
      </symbol>
      <symbol id="sm-6af">
         <name>GPIOE_ISR_Handle</name>
         <value>0x1c49</value>
         <object_component_ref idref="oc-5d"/>
      </symbol>
      <symbol id="sm-6b0">
         <name>__nop</name>
         <value>0x3351</value>
         <object_component_ref idref="oc-210"/>
      </symbol>
      <symbol id="sm-6b1">
         <name>GPIOB_ISR_Handle</name>
         <value>0x1b39</value>
         <object_component_ref idref="oc-4b"/>
      </symbol>
      <symbol id="sm-6b2">
         <name>ExtiIsrHandleTable</name>
         <value>0x20000528</value>
         <object_component_ref idref="oc-154"/>
      </symbol>
      <symbol id="sm-6b3">
         <name>GPIOA_ISR_Handle</name>
         <value>0x1f79</value>
         <object_component_ref idref="oc-45"/>
      </symbol>
      <symbol id="sm-6d4">
         <name>QEI1_ISR_Handle</name>
         <value>0x30e9</value>
         <object_component_ref idref="oc-b7"/>
      </symbol>
      <symbol id="sm-6d5">
         <name>QeiIsrHandleTable</name>
         <value>0x20000690</value>
         <object_component_ref idref="oc-178"/>
      </symbol>
      <symbol id="sm-6d6">
         <name>QEI0_ISR_Handle</name>
         <value>0x30c9</value>
         <object_component_ref idref="oc-6f"/>
      </symbol>
      <symbol id="sm-765">
         <name>TIMER3A_ISR_Handle</name>
         <value>0x2d01</value>
         <object_component_ref idref="oc-ab"/>
      </symbol>
      <symbol id="sm-766">
         <name>TIMER0B_ISR_Handle</name>
         <value>0x2c39</value>
         <object_component_ref idref="oc-81"/>
      </symbol>
      <symbol id="sm-767">
         <name>TIMER0A_ISR_Handle</name>
         <value>0x2fd1</value>
         <object_component_ref idref="oc-7b"/>
      </symbol>
      <symbol id="sm-768">
         <name>TIMER2B_ISR_Handle</name>
         <value>0x2cd9</value>
         <object_component_ref idref="oc-99"/>
      </symbol>
      <symbol id="sm-769">
         <name>TimerIsrHandleTable</name>
         <value>0x200005e8</value>
         <object_component_ref idref="oc-19b"/>
      </symbol>
      <symbol id="sm-76a">
         <name>TIMER5B_ISR_Handle</name>
         <value>0x2dc9</value>
         <object_component_ref idref="oc-ed"/>
      </symbol>
      <symbol id="sm-76b">
         <name>TIMER2A_ISR_Handle</name>
         <value>0x2cb1</value>
         <object_component_ref idref="oc-93"/>
      </symbol>
      <symbol id="sm-76c">
         <name>TIMER5A_ISR_Handle</name>
         <value>0x2da1</value>
         <object_component_ref idref="oc-e7"/>
      </symbol>
      <symbol id="sm-76d">
         <name>TIMER1B_ISR_Handle</name>
         <value>0x2c89</value>
         <object_component_ref idref="oc-8d"/>
      </symbol>
      <symbol id="sm-76e">
         <name>TIMER4B_ISR_Handle</name>
         <value>0x2d79</value>
         <object_component_ref idref="oc-e1"/>
      </symbol>
      <symbol id="sm-76f">
         <name>TIMER1A_ISR_Handle</name>
         <value>0x2c61</value>
         <object_component_ref idref="oc-87"/>
      </symbol>
      <symbol id="sm-770">
         <name>TIMER4A_ISR_Handle</name>
         <value>0x2d51</value>
         <object_component_ref idref="oc-db"/>
      </symbol>
      <symbol id="sm-771">
         <name>TIMER3B_ISR_Handle</name>
         <value>0x2d29</value>
         <object_component_ref idref="oc-b1"/>
      </symbol>
      <symbol id="sm-7d4">
         <name>UART5_ISR_Handle</name>
         <value>0x2e91</value>
         <object_component_ref idref="oc-c9"/>
      </symbol>
      <symbol id="sm-7d5">
         <name>UART2_ISR_Handle</name>
         <value>0x2e19</value>
         <object_component_ref idref="oc-a5"/>
      </symbol>
      <symbol id="sm-7d6">
         <name>UART7_ISR_Handle</name>
         <value>0x2ee1</value>
         <object_component_ref idref="oc-d5"/>
      </symbol>
      <symbol id="sm-7d7">
         <name>UART4_ISR_Handle</name>
         <value>0x2e69</value>
         <object_component_ref idref="oc-c3"/>
      </symbol>
      <symbol id="sm-7d8">
         <name>UART1_ISR_Handle</name>
         <value>0x2df1</value>
         <object_component_ref idref="oc-69"/>
      </symbol>
      <symbol id="sm-7d9">
         <name>UART6_ISR_Handle</name>
         <value>0x2eb9</value>
         <object_component_ref idref="oc-cf"/>
      </symbol>
      <symbol id="sm-7da">
         <name>UART3_ISR_Handle</name>
         <value>0x2e41</value>
         <object_component_ref idref="oc-bd"/>
      </symbol>
      <symbol id="sm-7db">
         <name>UART0_ISR_Handle</name>
         <value>0x2ff9</value>
         <object_component_ref idref="oc-63"/>
      </symbol>
      <symbol id="sm-7dc">
         <name>UartIsrHandleTable</name>
         <value>0x20000644</value>
         <object_component_ref idref="oc-16d"/>
      </symbol>
      <symbol id="sm-7f8">
         <name>LIB_UART_PrintfInit</name>
         <value>0x15e1</value>
         <object_component_ref idref="oc-253"/>
      </symbol>
      <symbol id="sm-810">
         <name>ADCIntClear</name>
         <value>0x32c9</value>
         <object_component_ref idref="oc-17c"/>
      </symbol>
      <symbol id="sm-811">
         <name>ADCSequenceDataGet</name>
         <value>0x2fa9</value>
         <object_component_ref idref="oc-182"/>
      </symbol>
      <symbol id="sm-81e">
         <name>CPUcpsie</name>
         <value>0x3289</value>
         <object_component_ref idref="oc-2f5"/>
      </symbol>
      <symbol id="sm-870">
         <name>GPIOPinConfigure</name>
         <value>0x27b9</value>
         <object_component_ref idref="oc-313"/>
      </symbol>
      <symbol id="sm-871">
         <name>GPIOIntClear</name>
         <value>0x3301</value>
         <object_component_ref idref="oc-14e"/>
      </symbol>
      <symbol id="sm-872">
         <name>GPIOPinTypeUART</name>
         <value>0x31d9</value>
         <object_component_ref idref="oc-319"/>
      </symbol>
      <symbol id="sm-873">
         <name>GPIOIntStatus</name>
         <value>0x3269</value>
         <object_component_ref idref="oc-148"/>
      </symbol>
      <symbol id="sm-874">
         <name>GPIODirModeSet</name>
         <value>0x2ba9</value>
         <object_component_ref idref="oc-3d0"/>
      </symbol>
      <symbol id="sm-875">
         <name>GPIOPadConfigSet</name>
         <value>0x7d9</value>
         <object_component_ref idref="oc-3d6"/>
      </symbol>
      <symbol id="sm-89f">
         <name>IntEnable</name>
         <value>0x21f9</value>
         <object_component_ref idref="oc-32b"/>
      </symbol>
      <symbol id="sm-8a0">
         <name>IntMasterEnable</name>
         <value>0x3239</value>
         <object_component_ref idref="oc-247"/>
      </symbol>
      <symbol id="sm-8b1">
         <name>QEIIntClear</name>
         <value>0x3321</value>
         <object_component_ref idref="oc-172"/>
      </symbol>
      <symbol id="sm-912">
         <name>SysCtlClockSet</name>
         <value>0x1079</value>
         <object_component_ref idref="oc-2fc"/>
      </symbol>
      <symbol id="sm-913">
         <name>SysCtlDelay</name>
         <value>0x48b</value>
         <object_component_ref idref="oc-3b4"/>
      </symbol>
      <symbol id="sm-914">
         <name>SysCtlPeripheralEnable</name>
         <value>0x2a21</value>
         <object_component_ref idref="oc-3bf"/>
      </symbol>
      <symbol id="sm-915">
         <name>SysCtlClockGet</name>
         <value>0xd19</value>
         <object_component_ref idref="oc-302"/>
      </symbol>
      <symbol id="sm-916">
         <name>SysCtlPeripheralReady</name>
         <value>0x29e9</value>
         <object_component_ref idref="oc-3c5"/>
      </symbol>
      <symbol id="sm-92d">
         <name>TimerIntStatus</name>
         <value>0x32d9</value>
         <object_component_ref idref="oc-18f"/>
      </symbol>
      <symbol id="sm-92e">
         <name>TimerIntClear</name>
         <value>0x3329</value>
         <object_component_ref idref="oc-195"/>
      </symbol>
      <symbol id="sm-953">
         <name>UARTIntEnable</name>
         <value>0x32f9</value>
         <object_component_ref idref="oc-331"/>
      </symbol>
      <symbol id="sm-954">
         <name>UARTClockSourceSet</name>
         <value>0x3311</value>
         <object_component_ref idref="oc-31f"/>
      </symbol>
      <symbol id="sm-955">
         <name>UARTIntClear</name>
         <value>0x3331</value>
         <object_component_ref idref="oc-167"/>
      </symbol>
      <symbol id="sm-956">
         <name>UARTIntStatus</name>
         <value>0x32e9</value>
         <object_component_ref idref="oc-161"/>
      </symbol>
      <symbol id="sm-9c8">
         <name>UARTStdioConfig</name>
         <value>0x2591</value>
         <object_component_ref idref="oc-325"/>
      </symbol>
      <symbol id="sm-9c9">
         <name>UARTwrite</name>
         <value>0x2711</value>
         <object_component_ref idref="oc-467"/>
      </symbol>
      <symbol id="sm-9ca">
         <name>UARTprintf</name>
         <value>0x3161</value>
         <object_component_ref idref="oc-2a7"/>
      </symbol>
      <symbol id="sm-9cb">
         <name>UARTvprintf</name>
         <value>0x271</value>
         <object_component_ref idref="oc-39f"/>
      </symbol>
      <symbol id="sm-9dc">
         <name>__aeabi_uidivmod</name>
         <value>0x2969</value>
         <object_component_ref idref="oc-46d"/>
      </symbol>
      <symbol id="sm-9dd">
         <name>__aeabi_uidiv</name>
         <value>0x2969</value>
         <object_component_ref idref="oc-46d"/>
      </symbol>
      <symbol id="sm-9ec">
         <name>__aeabi_memset</name>
         <value>0x217b</value>
         <object_component_ref idref="oc-1ce"/>
      </symbol>
      <symbol id="sm-9ed">
         <name>memset</name>
         <value>0x2181</value>
         <object_component_ref idref="oc-1ce"/>
      </symbol>
      <symbol id="sm-9ee">
         <name>__aeabi_memset8</name>
         <value>0x217b</value>
         <object_component_ref idref="oc-1ce"/>
      </symbol>
      <symbol id="sm-9ef">
         <name>__aeabi_memset4</name>
         <value>0x217b</value>
         <object_component_ref idref="oc-1ce"/>
      </symbol>
      <symbol id="sm-9f0">
         <name>__aeabi_memclr8</name>
         <value>0x2179</value>
         <object_component_ref idref="oc-1ce"/>
      </symbol>
      <symbol id="sm-9f1">
         <name>__aeabi_memclr4</name>
         <value>0x2179</value>
         <object_component_ref idref="oc-1ce"/>
      </symbol>
      <symbol id="sm-9f2">
         <name>__aeabi_memclr</name>
         <value>0x2179</value>
         <object_component_ref idref="oc-1ce"/>
      </symbol>
      <symbol id="sm-a0e">
         <name>memcpy</name>
         <value>0x1a01</value>
         <object_component_ref idref="oc-101"/>
      </symbol>
      <symbol id="sm-a0f">
         <name>__aeabi_memcpy</name>
         <value>0x1a01</value>
         <object_component_ref idref="oc-101"/>
      </symbol>
      <symbol id="sm-a10">
         <name>__aeabi_memcpy8</name>
         <value>0x1a01</value>
         <object_component_ref idref="oc-101"/>
      </symbol>
      <symbol id="sm-a11">
         <name>__aeabi_memcpy4</name>
         <value>0x1a01</value>
         <object_component_ref idref="oc-101"/>
      </symbol>
      <symbol id="sm-a25">
         <name>__TI_zero_init_nomemset</name>
         <value>0x3105</value>
         <object_component_ref idref="oc-10d"/>
      </symbol>
      <symbol id="sm-a3c">
         <name>__TI_decompress_none</name>
         <value>0x3277</value>
         <object_component_ref idref="oc-18"/>
      </symbol>
      <symbol id="sm-a5f">
         <name>__TI_decompress_lzss</name>
         <value>0x2523</value>
         <object_component_ref idref="oc-12"/>
      </symbol>
      <symbol id="sm-a74">
         <name>_sys_memory</name>
         <value>0x200006b0</value>
         <object_component_ref idref="oc-21"/>
      </symbol>
      <symbol id="sm-a88">
         <name>__stack</name>
         <value>0x20000398</value>
         <object_component_ref idref="oc-24"/>
      </symbol>
      <symbol id="sm-a89">
         <name>_c_int00_noargs</name>
         <value>0x2a55</value>
         <object_component_ref idref="oc-11f"/>
      </symbol>
      <symbol id="sm-a98">
         <name>__aeabi_idiv0</name>
         <value>0xe3d</value>
         <object_component_ref idref="oc-54a"/>
      </symbol>
      <symbol id="sm-a99">
         <name>__aeabi_ldiv0</name>
         <value>0xe3d</value>
         <object_component_ref idref="oc-54a"/>
      </symbol>
      <symbol id="sm-ac8">
         <name>__TI_auto_init_nobinit_nopinit</name>
         <value>0x2899</value>
         <object_component_ref idref="oc-272"/>
      </symbol>
      <symbol id="sm-ad2">
         <name>_system_pre_init</name>
         <value>0x645</value>
         <object_component_ref idref="oc-1d4"/>
      </symbol>
      <symbol id="sm-ade">
         <name>C$$EXIT</name>
         <value>0x7d5</value>
         <object_component_ref idref="oc-266"/>
      </symbol>
      <symbol id="sm-adf">
         <name>abort</name>
         <value>0x7d5</value>
         <object_component_ref idref="oc-266"/>
      </symbol>
      <symbol id="sm-ae8">
         <name>__TI_static_base__</name>
         <value>0x0</value>
      </symbol>
      <symbol id="sm-aeb">
         <name>__mpu_init</name>
         <value>0x0</value>
      </symbol>
      <symbol id="sm-aec">
         <name>_system_post_cinit</name>
         <value>0x0</value>
      </symbol>
   </symbol_table>
   <title>Link successful</title>
</link_info>
