******************************************************************************
                  TI ARM Linker PC v18.12.8                    
******************************************************************************
>> Linked Wed Aug 23 13:05:49 2023

OUTPUT FILE NAME:   <TM4C123GH6PM_FreeRTOS.out>
ENTRY POINT SYMBOL: "_c_int00_noargs"  address: 00002a55


MEMORY CONFIGURATION

         name            origin    length      used     unused   attr    fill
----------------------  --------  ---------  --------  --------  ----  --------
  FLASH                 00000000   00040000  000034ca  0003cb36  R  X
  SRAM                  20000000   00008000  000006bc  00007944  RW X


SEGMENT ALLOCATION MAP

run origin  load origin   length   init length attrs members
----------  ----------- ---------- ----------- ----- -------
00000000    00000000    000034d0   000034d0    r-x
  00000000    00000000    0000026c   0000026c    r-- .intvecs
  00000270    00000270    000030e2   000030e2    r-x .text
  00003354    00003354    00000134   00000134    r-- .const
  00003488    00003488    00000048   00000048    r-- .cinit
20000000    20000000    000006c0   00000000    rw-
  20000000    20000000    00000398   00000000    rw- .bss
  20000398    20000398    00000190   00000000    rw- .stack
  20000528    20000528    00000184   00000000    rw- .data
  200006b0    200006b0    00000010   00000000    rw- .sysmem


SECTION ALLOCATION MAP

 output                                  attributes/
section   page    origin      length       input sections
--------  ----  ----------  ----------   ----------------
.intvecs   0    00000000    0000026c     
                  00000000    0000026c     startup_ccs.obj (.intvecs)

.text      0    00000270    000030e2     
                  00000270    0000021a     uartstdio.obj (.text:UARTvprintf)
                  0000048a    00000006     sysctl.obj (.text:SysCtlDelay)
                  00000490    000001b4     tasks.obj (.text:xTaskIncrementTick)
                  00000644    00000004     rtsv7M4_T_le_v4SPD16_eabi.lib : pre_init.c.obj (.text:_system_pre_init)
                  00000648    0000018c     tasks.obj (.text:xTaskResumeAll)
                  000007d4    00000004     rtsv7M4_T_le_v4SPD16_eabi.lib : exit.c.obj (.text:abort:abort)
                  000007d8    00000170     gpio.obj (.text:GPIOPadConfigSet)
                  00000948    00000168     queue.obj (.text:xQueueReceive)
                  00000ab0    00000140     timers.obj (.text:prvProcessReceivedCommands)
                  00000bf0    00000128     tasks.obj (.text:xTaskRemoveFromEventList)
                  00000d18    00000124     sysctl.obj (.text:SysCtlClockGet)
                  00000e3c    00000002     rtsv7M4_T_le_v4SPD16_eabi.lib : div0.asm.obj (.text)
                  00000e3e    00000002     --HOLE-- [fill = 0]
                  00000e40    00000124     port.obj (.text:xPortStartScheduler)
                  00000f64    00000004     --HOLE-- [fill = 0]
                  00000f68    00000110     heap_5.obj (.text:pvPortMalloc)
                  00001078    000000fc     sysctl.obj (.text:SysCtlClockSet)
                  00001174    00000004     --HOLE-- [fill = 0]
                  00001178    000000f4     queue.obj (.text:xQueueGenericReset)
                  0000126c    00000004     --HOLE-- [fill = 0]
                  00001270    000000ec     tasks.obj (.text:xTaskPriorityDisinherit)
                  0000135c    00000004     --HOLE-- [fill = 0]
                  00001360    000000e4     tasks.obj (.text:prvAddNewTaskToReadyList)
                  00001444    000000da     portasm.obj (.text)
                  0000151e    00000002     --HOLE-- [fill = 0]
                  00001520    000000bc     queue.obj (.text:prvNotifyQueueSetContainer)
                  000015dc    00000004     --HOLE-- [fill = 0]
                  000015e0    000000b8     lib_uart.obj (.text:LIB_UART_PrintfInit)
                  00001698    000000b4     tasks.obj (.text:prvInitialiseNewTask)
                  0000174c    00000004     --HOLE-- [fill = 0]
                  00001750    000000b0     tasks.obj (.text:prvAddCurrentTaskToDelayedList)
                  00001800    000000ac     heap_5.obj (.text:vPortFree)
                  000018ac    00000004     --HOLE-- [fill = 0]
                  000018b0    000000ac     tasks.obj (.text:xTaskCheckForTimeOut)
                  0000195c    00000004     --HOLE-- [fill = 0]
                  00001960    000000a0     tasks.obj (.text:vTaskSwitchContext)
                  00001a00    0000009c     rtsv7M4_T_le_v4SPD16_eabi.lib : memcpy_t2.asm.obj (.text)
                  00001a9c    00000004     --HOLE-- [fill = 0]
                  00001aa0    00000094     tasks.obj (.text:vTaskStartScheduler)
                  00001b34    00000004     --HOLE-- [fill = 0]
                  00001b38    00000084     lib_EXTIisrmanagement.obj (.text:GPIOB_ISR_Handle)
                  00001bbc    00000004     --HOLE-- [fill = 0]
                  00001bc0    00000084     lib_EXTIisrmanagement.obj (.text:GPIOD_ISR_Handle)
                  00001c44    00000004     --HOLE-- [fill = 0]
                  00001c48    00000084     lib_EXTIisrmanagement.obj (.text:GPIOE_ISR_Handle)
                  00001ccc    00000004     --HOLE-- [fill = 0]
                  00001cd0    00000084     port.obj (.text:vPortEnterCritical)
                  00001d54    00000004     --HOLE-- [fill = 0]
                  00001d58    00000084     queue.obj (.text:vQueueAddToRegistry)
                  00001ddc    00000004     --HOLE-- [fill = 0]
                  00001de0    00000084     tasks.obj (.text:vTaskPlaceOnEventListRestricted)
                  00001e64    00000004     --HOLE-- [fill = 0]
                  00001e68    00000084     timers.obj (.text:xTimerCreateTimerTask)
                  00001eec    00000004     --HOLE-- [fill = 0]
                  00001ef0    00000082     queue.obj (.text:prvCopyDataToQueue)
                  00001f72    00000006     --HOLE-- [fill = 0]
                  00001f78    00000080     lib_EXTIisrmanagement.obj (.text:GPIOA_ISR_Handle)
                  00001ff8    00000080     lib_EXTIisrmanagement.obj (.text:GPIOC_ISR_Handle)
                  00002078    00000080     lib_EXTIisrmanagement.obj (.text:GPIOF_ISR_Handle)
                  000020f8    00000080     queue.obj (.text:xQueueGenericCreate)
                  00002178    0000007a     rtsv7M4_T_le_v4SPD16_eabi.lib : memset_t2.asm.obj (.text)
                  000021f2    00000006     --HOLE-- [fill = 0]
                  000021f8    00000078     interrupt.obj (.text:IntEnable)
                  00002270    00000078     port.obj (.text:prvTaskExitError)
                  000022e8    00000078     tasks.obj (.text:vTaskDelay)
                  00002360    00000074     timers.obj (.text:prvProcessTimerOrBlockTask)
                  000023d4    00000004     --HOLE-- [fill = 0]
                  000023d8    00000070     queue.obj (.text:prvUnlockQueue)
                  00002448    00000070     port.obj (.text:vPortExitCritical)
                  000024b8    0000006a     tasks.obj (.text:xTaskCreate)
                  00002522    00000068     rtsv7M4_T_le_v4SPD16_eabi.lib : copy_decompress_lzss.c.obj (.text:decompress:lzss:__TI_decompress_lzss)
                  0000258a    00000006     --HOLE-- [fill = 0]
                  00002590    00000060     uartstdio.obj (.text:UARTStdioConfig)
                  000025f0    00000060     tasks.obj (.text:prvInitialiseTaskLists)
                  00002650    00000060     tasks.obj (.text:vTaskPlaceOnEventList)
                  000026b0    0000005c     timers.obj (.text:prvCheckForValidListAndQueue)
                  0000270c    00000004     --HOLE-- [fill = 0]
                  00002710    00000058     uartstdio.obj (.text:UARTwrite)
                  00002768    00000050     heap_5.obj (.text:prvInsertBlockIntoFreeList)
                  000027b8    0000004c     gpio.obj (.text:GPIOPinConfigure)
                  00002804    00000004     --HOLE-- [fill = 0]
                  00002808    00000048     tasks.obj (.text:prvCheckTasksWaitingTermination)
                  00002850    00000048     queue.obj (.text:vQueueWaitForMessageRestricted)
                  00002898    00000044     rtsv7M4_T_le_v4SPD16_eabi.lib : autoinit.c.obj (.text:__TI_auto_init_nobinit_nopinit:__TI_auto_init_nobinit_nopinit)
                  000028dc    00000004     --HOLE-- [fill = 0]
                  000028e0    00000044     timers.obj (.text:prvInsertTimerInActiveList)
                  00002924    00000004     --HOLE-- [fill = 0]
                  00002928    00000040     timers.obj (.text:prvProcessExpiredTimer)
                  00002968    00000040     rtsv7M4_T_le_v4SPD16_eabi.lib : u_divt2.asm.obj (.text)
                  000029a8    0000003a     list.obj (.text:vListInsert)
                  000029e2    00000006     --HOLE-- [fill = 0]
                  000029e8    00000038     sysctl.obj (.text:SysCtlPeripheralReady)
                  00002a20    00000034     sysctl.obj (.text:SysCtlPeripheralEnable)
                  00002a54    00000034     rtsv7M4_T_le_v4SPD16_eabi.lib : boot_cortex_m.c.obj (.text:_c_int00_noargs:_c_int00_noargs)
                  00002a88    00000030     freertos.obj (.text:FreeRTOS_CreateTasks)
                  00002ab8    00000030     freertos.obj (.text:TestTask)
                  00002ae8    00000030     tasks.obj (.text:prvIdleTask)
                  00002b18    00000030     timers.obj (.text:prvReloadTimer)
                  00002b48    00000030     timers.obj (.text:prvSwitchTimerLists)
                  00002b78    0000002c     lib_ADCisrmanagement.obj (.text:ADC0S0IsrHandler)
                  00002ba4    00000004     --HOLE-- [fill = 0]
                  00002ba8    0000002c     gpio.obj (.text:GPIODirModeSet)
                  00002bd4    00000004     --HOLE-- [fill = 0]
                  00002bd8    0000002c     port.obj (.text:pxPortInitialiseStack)
                  00002c04    00000004     --HOLE-- [fill = 0]
                  00002c08    0000002c     port.obj (.text:xPortSysTickHandler)
                  00002c34    00000004     --HOLE-- [fill = 0]
                  00002c38    00000028     lib_TIMERisrmanagement.obj (.text:TIMER0B_ISR_Handle)
                  00002c60    00000028     lib_TIMERisrmanagement.obj (.text:TIMER1A_ISR_Handle)
                  00002c88    00000028     lib_TIMERisrmanagement.obj (.text:TIMER1B_ISR_Handle)
                  00002cb0    00000028     lib_TIMERisrmanagement.obj (.text:TIMER2A_ISR_Handle)
                  00002cd8    00000028     lib_TIMERisrmanagement.obj (.text:TIMER2B_ISR_Handle)
                  00002d00    00000028     lib_TIMERisrmanagement.obj (.text:TIMER3A_ISR_Handle)
                  00002d28    00000028     lib_TIMERisrmanagement.obj (.text:TIMER3B_ISR_Handle)
                  00002d50    00000028     lib_TIMERisrmanagement.obj (.text:TIMER4A_ISR_Handle)
                  00002d78    00000028     lib_TIMERisrmanagement.obj (.text:TIMER4B_ISR_Handle)
                  00002da0    00000028     lib_TIMERisrmanagement.obj (.text:TIMER5A_ISR_Handle)
                  00002dc8    00000028     lib_TIMERisrmanagement.obj (.text:TIMER5B_ISR_Handle)
                  00002df0    00000028     lib_UARTisrmanagement.obj (.text:UART1_ISR_Handle)
                  00002e18    00000028     lib_UARTisrmanagement.obj (.text:UART2_ISR_Handle)
                  00002e40    00000028     lib_UARTisrmanagement.obj (.text:UART3_ISR_Handle)
                  00002e68    00000028     lib_UARTisrmanagement.obj (.text:UART4_ISR_Handle)
                  00002e90    00000028     lib_UARTisrmanagement.obj (.text:UART5_ISR_Handle)
                  00002eb8    00000028     lib_UARTisrmanagement.obj (.text:UART6_ISR_Handle)
                  00002ee0    00000028     lib_UARTisrmanagement.obj (.text:UART7_ISR_Handle)
                  00002f08    00000028     tasks.obj (.text:prvCreateIdleTasks)
                  00002f30    00000028     timers.obj (.text:prvSampleTimeNow)
                  00002f58    00000026     queue.obj (.text:prvCopyDataFromQueue)
                  00002f7e    00000002     --HOLE-- [fill = 0]
                  00002f80    00000026     list.obj (.text:uxListRemove)
                  00002fa6    00000002     --HOLE-- [fill = 0]
                  00002fa8    00000024     adc.obj (.text:ADCSequenceDataGet)
                  00002fcc    00000004     --HOLE-- [fill = 0]
                  00002fd0    00000024     lib_TIMERisrmanagement.obj (.text:TIMER0A_ISR_Handle)
                  00002ff4    00000004     --HOLE-- [fill = 0]
                  00002ff8    00000024     lib_UARTisrmanagement.obj (.text:UART0_ISR_Handle)
                  0000301c    00000004     --HOLE-- [fill = 0]
                  00003020    00000024     tasks.obj (.text:prvResetNextTaskUnblockTime)
                  00003044    00000004     --HOLE-- [fill = 0]
                  00003048    00000020     timers.obj (.text:prvGetNextExpireTime)
                  00003068    00000020     tasks.obj (.text:xTaskGetSchedulerState)
                  00003088    0000001e     main.obj (.text:main)
                  000030a6    00000002     --HOLE-- [fill = 0]
                  000030a8    0000001c     lib_clock.obj (.text:LIB_CLOCK_MainClockSet)
                  000030c4    00000004     --HOLE-- [fill = 0]
                  000030c8    0000001c     lib_QEIisrmanagement.obj (.text:QEI0_ISR_Handle)
                  000030e4    00000004     --HOLE-- [fill = 0]
                  000030e8    0000001c     lib_QEIisrmanagement.obj (.text:QEI1_ISR_Handle)
                  00003104    0000001c     rtsv7M4_T_le_v4SPD16_eabi.lib : copy_zero_init.c.obj (.text:decompress:ZI:__TI_zero_init_nomemset:__TI_zero_init_nomemset)
                  00003120    0000001c     queue.obj (.text:prvInitialiseNewQueue)
                  0000313c    00000004     --HOLE-- [fill = 0]
                  00003140    0000001c     port.obj (.text:vPortSetupTimerInterrupt)
                  0000315c    00000004     --HOLE-- [fill = 0]
                  00003160    0000001a     uartstdio.obj (.text:UARTprintf)
                  0000317a    00000006     --HOLE-- [fill = 0]
                  00003180    0000001a     queue.obj (.text:prvIsQueueEmpty)
                  0000319a    00000006     --HOLE-- [fill = 0]
                  000031a0    0000001a     timers.obj (.text:prvTimerTask)
                  000031ba    00000006     --HOLE-- [fill = 0]
                  000031c0    00000018     tasks.obj (.text:vTaskInternalSetTimeOutState)
                  000031d8    00000016     gpio.obj (.text:GPIOPinTypeUART)
                  000031ee    00000002     --HOLE-- [fill = 0]
                  000031f0    00000016     list.obj (.text:vListInitialise)
                  00003206    00000002     --HOLE-- [fill = 0]
                  00003208    00000014     lib_clock.obj (.text:LIB_CLOCK_PeripheralClockEnable)
                  0000321c    00000004     --HOLE-- [fill = 0]
                  00003220    00000012     tasks.obj (.text:prvDeleteTCB)
                  00003232    00000006     --HOLE-- [fill = 0]
                  00003238    00000010     interrupt.obj (.text:IntMasterEnable)
                  00003248    00000010     main.obj (.text:systick_ISR_Handle)
                  00003258    00000010     tasks.obj (.text:vTaskSuspendAll)
                  00003268    0000000e     gpio.obj (.text:GPIOIntStatus)
                  00003276    0000000e     rtsv7M4_T_le_v4SPD16_eabi.lib : copy_decompress_none.c.obj (.text:decompress:none:__TI_decompress_none)
                  00003284    00000004     --HOLE-- [fill = 0]
                  00003288    0000000c     cpu.obj (.text:CPUcpsie)
                  00003294    00000004     --HOLE-- [fill = 0]
                  00003298    0000000c     tasks.obj (.text:uxTaskGetNumberOfTasks)
                  000032a4    00000004     --HOLE-- [fill = 0]
                  000032a8    0000000c     tasks.obj (.text:vTaskMissedYield)
                  000032b4    00000004     --HOLE-- [fill = 0]
                  000032b8    0000000c     tasks.obj (.text:xTaskGetTickCount)
                  000032c4    00000004     --HOLE-- [fill = 0]
                  000032c8    0000000a     adc.obj (.text:ADCIntClear)
                  000032d2    00000006     --HOLE-- [fill = 0]
                  000032d8    0000000a     timer.obj (.text:TimerIntStatus)
                  000032e2    00000006     --HOLE-- [fill = 0]
                  000032e8    0000000a     uart.obj (.text:UARTIntStatus)
                  000032f2    00000006     --HOLE-- [fill = 0]
                  000032f8    00000008     uart.obj (.text:UARTIntEnable)
                  00003300    00000006     gpio.obj (.text:GPIOIntClear)
                  00003306    00000002     --HOLE-- [fill = 0]
                  00003308    00000006     startup_ccs.obj (.text:ResetISR)
                  0000330e    00000002     --HOLE-- [fill = 0]
                  00003310    00000006     uart.obj (.text:UARTClockSourceSet)
                  00003316    00000002     --HOLE-- [fill = 0]
                  00003318    00000006     list.obj (.text:vListInitialiseItem)
                  0000331e    00000002     --HOLE-- [fill = 0]
                  00003320    00000004     qei.obj (.text:QEIIntClear)
                  00003324    00000004     --HOLE-- [fill = 0]
                  00003328    00000004     timer.obj (.text:TimerIntClear)
                  0000332c    00000004     --HOLE-- [fill = 0]
                  00003330    00000004     uart.obj (.text:UARTIntClear)
                  00003334    00000004     --HOLE-- [fill = 0]
                  00003338    00000002     startup_ccs.obj (.text:FaultISR)
                  0000333a    00000006     --HOLE-- [fill = 0]
                  00003340    00000002     startup_ccs.obj (.text:IntDefaultHandler)
                  00003342    00000006     --HOLE-- [fill = 0]
                  00003348    00000002     startup_ccs.obj (.text:NmiSR)
                  0000334a    00000006     --HOLE-- [fill = 0]
                  00003350    00000002     lib_EXTIisrmanagement.obj (.text:__nop)

.const     0    00003354    00000134     
                  00003354    00000090     gpio.obj (.const:g_pui32GPIOBaseAddrs)
                  000033e4    0000006c     sysctl.obj (.const:g_pui32Xtals)
                  00003450    00000014     interrupt.obj (.const:g_pui32EnRegs)
                  00003464    0000000c     uartstdio.obj (.const:g_ui32UARTBase)
                  00003470    0000000c     uartstdio.obj (.const:g_ui32UARTPeriph)
                  0000347c    00000008     port.obj (.const)
                  00003484    00000004     tasks.obj (.const)

.cinit     0    00003488    00000048     
                  00003488    00000020     (.cinit..data.load) [load image, compression = lzss]
                  000034a8    0000000c     (__TI_handler_table)
                  000034b4    00000004     --HOLE-- [fill = 0]
                  000034b8    00000008     (.cinit..bss.load) [load image, compression = zero_init]
                  000034c0    00000010     (__TI_cinit_table)

.init_array 
*          0    00000000    00000000     UNINITIALIZED

.bss       0    20000000    00000398     UNINITIALIZED
                  20000000    00000280     tasks.obj (.bss:pxReadyTasksLists)
                  20000280    00000050     (.common:xQueueRegistry)
                  200002d0    00000020     (.common:AdcSequenceSamplingValueBuffer)
                  200002f0    00000014     timers.obj (.bss:xActiveTimerList1)
                  20000304    00000014     timers.obj (.bss:xActiveTimerList2)
                  20000318    00000014     tasks.obj (.bss:xDelayedTaskList1)
                  2000032c    00000014     tasks.obj (.bss:xDelayedTaskList2)
                  20000340    00000014     tasks.obj (.bss:xPendingReadyList)
                  20000354    00000014     tasks.obj (.bss:xSuspendedTaskList)
                  20000368    00000014     tasks.obj (.bss:xTasksWaitingTermination)
                  2000037c    00000008     tasks.obj (.bss)
                  20000384    00000008     timers.obj (.bss)
                  2000038c    00000008     heap_5.obj (.bss:xStart)
                  20000394    00000004     tasks.obj (.bss:xIdleTaskHandles)

.stack     0    20000398    00000190     UNINITIALIZED
                  20000398    00000004     rtsv7M4_T_le_v4SPD16_eabi.lib : boot_cortex_m.c.obj (.stack)
                  2000039c    0000018c     --HOLE--

.data      0    20000528    00000184     UNINITIALIZED
                  20000528    000000c0     lib_EXTIisrmanagement.obj (.data:ExtiIsrHandleTable)
                  200005e8    00000030     lib_TIMERisrmanagement.obj (.data:TimerIsrHandleTable)
                  20000618    0000002c     tasks.obj (.data)
                  20000644    00000020     lib_UARTisrmanagement.obj (.data:UartIsrHandleTable)
                  20000664    00000014     heap_5.obj (.data)
                  20000678    0000000c     port.obj (.data)
                  20000684    0000000c     timers.obj (.data)
                  20000690    00000008     lib_QEIisrmanagement.obj (.data:QeiIsrHandleTable)
                  20000698    00000005     uartstdio.obj (.data)
                  2000069d    00000001     lib_ADCisrmanagement.obj (.data)
                  2000069e    00000002     --HOLE--
                  200006a0    00000004     freertos.obj (.data)
                  200006a4    00000004     lib_clock.obj (.data)
                  200006a8    00000004     tasks.obj (.data:xYieldPendings)

.sysmem    0    200006b0    00000010     UNINITIALIZED
                  200006b0    00000010     rtsv7M4_T_le_v4SPD16_eabi.lib : memory.c.obj (.sysmem)

MODULE SUMMARY

       Module                       code    ro data   rw data
       ------                       ----    -------   -------
    .\
       startup_ccs.obj              12      620       0      
       freertos.obj                 96      0         4      
       main.obj                     46      0         0      
    +--+----------------------------+-------+---------+---------+
       Total:                       154     620       4      
                                                             
    .\RTOS\FreeRTOS-Kernel\
       tasks.obj                    3300    4         800    
       queue.obj                    1458    0         80     
       timers.obj                   986     0         60     
       list.obj                     124     0         0      
    +--+----------------------------+-------+---------+---------+
       Total:                       5868    4         940    
                                                             
    .\RTOS\FreeRTOS-Kernel\portable\CCS\ARM_CM4F\
       port.obj                     772     8         12     
       portasm.obj                  218     0         0      
    +--+----------------------------+-------+---------+---------+
       Total:                       990     8         12     
                                                             
    .\RTOS\FreeRTOS-Kernel\portable\MemMang\
       heap_5.obj                   524     0         28     
    +--+----------------------------+-------+---------+---------+
       Total:                       524     0         28     
                                                             
    .\TM4C123GH6PM_library\clock\
       lib_clock.obj                48      0         4      
    +--+----------------------------+-------+---------+---------+
       Total:                       48      0         4      
                                                             
    .\TM4C123GH6PM_library\isr_anagement\
       lib_EXTIisrmanagement.obj    782     0         192    
       lib_TIMERisrmanagement.obj   476     0         48     
       lib_UARTisrmanagement.obj    316     0         32     
       lib_ADCisrmanagement.obj     44      0         33     
       lib_QEIisrmanagement.obj     56      0         8      
    +--+----------------------------+-------+---------+---------+
       Total:                       1674    0         313    
                                                             
    .\TM4C123GH6PM_library\uart\
       lib_uart.obj                 184     0         0      
    +--+----------------------------+-------+---------+---------+
       Total:                       184     0         0      
                                                             
    .\driverlib\
       sysctl.obj                   658     108       0      
       gpio.obj                     530     144       0      
       interrupt.obj                136     20        0      
       adc.obj                      46      0         0      
       uart.obj                     28      0         0      
       timer.obj                    14      0         0      
       cpu.obj                      12      0         0      
       qei.obj                      4       0         0      
    +--+----------------------------+-------+---------+---------+
       Total:                       1428    272       0      
                                                             
    .\utils\
       uartstdio.obj                748     24        5      
    +--+----------------------------+-------+---------+---------+
       Total:                       748     24        5      
                                                             
    C:\ti\ccs1220\ccs\tools\compiler\ti-cgt-arm_18.12.8.LTS\lib\rtsv7M4_T_le_v4SPD16_eabi.lib
       memcpy_t2.asm.obj            156     0         0      
       memset_t2.asm.obj            122     0         0      
       copy_decompress_lzss.c.obj   104     0         0      
       autoinit.c.obj               68      0         0      
       u_divt2.asm.obj              64      0         0      
       boot_cortex_m.c.obj          52      0         0      
       copy_zero_init.c.obj         28      0         0      
       copy_decompress_none.c.obj   14      0         0      
       exit.c.obj                   4       0         0      
       pre_init.c.obj               4       0         0      
       div0.asm.obj                 2       0         0      
    +--+----------------------------+-------+---------+---------+
       Total:                       618     0         0      
                                                             
       Heap:                        0       0         16     
       Stack:                       0       0         400    
       Linker Generated:            0       68        0      
    +--+----------------------------+-------+---------+---------+
       Grand Total:                 12236   996       1722   


LINKER GENERATED COPY TABLES

__TI_cinit_table @ 000034c0 records: 2, size/record: 8, table size: 16
	.data: load addr=00003488, load size=00000020 bytes, run addr=20000528, run size=00000184 bytes, compression=lzss
	.bss: load addr=000034b8, load size=00000008 bytes, run addr=20000000, run size=00000398 bytes, compression=zero_init


LINKER GENERATED HANDLER TABLE

__TI_handler_table @ 000034a8 records: 3, size/record: 4, table size: 12
	index: 0, handler: __TI_decompress_lzss
	index: 1, handler: __TI_decompress_none
	index: 2, handler: __TI_zero_init


GLOBAL SYMBOLS: SORTED ALPHABETICALLY BY Name 

address   name                           
-------   ----                           
00002b79  ADC0S0IsrHandler               
000032c9  ADCIntClear                    
00002fa9  ADCSequenceDataGet             
2000069d  AdcSequenceSamplingFlage       
200002d0  AdcSequenceSamplingValueBuffer 
000007d5  C$$EXIT                        
200006a4  CPU_F                          
00003289  CPUcpsie                       
20000528  ExtiIsrHandleTable             
00002a89  FreeRTOS_CreateTasks           
00001f79  GPIOA_ISR_Handle               
00001b39  GPIOB_ISR_Handle               
00001ff9  GPIOC_ISR_Handle               
00001bc1  GPIOD_ISR_Handle               
00002ba9  GPIODirModeSet                 
00001c49  GPIOE_ISR_Handle               
00002079  GPIOF_ISR_Handle               
00003301  GPIOIntClear                   
00003269  GPIOIntStatus                  
000007d9  GPIOPadConfigSet               
000027b9  GPIOPinConfigure               
000031d9  GPIOPinTypeUART                
000021f9  IntEnable                      
00003239  IntMasterEnable                
000030a9  LIB_CLOCK_MainClockSet         
00003209  LIB_CLOCK_PeripheralClockEnable
000015e1  LIB_UART_PrintfInit            
000030c9  QEI0_ISR_Handle                
000030e9  QEI1_ISR_Handle                
00003321  QEIIntClear                    
20000690  QeiIsrHandleTable              
00003309  ResetISR                       
00000d19  SysCtlClockGet                 
00001079  SysCtlClockSet                 
0000048b  SysCtlDelay                    
00002a21  SysCtlPeripheralEnable         
000029e9  SysCtlPeripheralReady          
00002fd1  TIMER0A_ISR_Handle             
00002c39  TIMER0B_ISR_Handle             
00002c61  TIMER1A_ISR_Handle             
00002c89  TIMER1B_ISR_Handle             
00002cb1  TIMER2A_ISR_Handle             
00002cd9  TIMER2B_ISR_Handle             
00002d01  TIMER3A_ISR_Handle             
00002d29  TIMER3B_ISR_Handle             
00002d51  TIMER4A_ISR_Handle             
00002d79  TIMER4B_ISR_Handle             
00002da1  TIMER5A_ISR_Handle             
00002dc9  TIMER5B_ISR_Handle             
00002ab9  TestTask                       
200006a0  TestTask_Handle                
00003329  TimerIntClear                  
000032d9  TimerIntStatus                 
200005e8  TimerIsrHandleTable            
00002ff9  UART0_ISR_Handle               
00002df1  UART1_ISR_Handle               
00002e19  UART2_ISR_Handle               
00002e41  UART3_ISR_Handle               
00002e69  UART4_ISR_Handle               
00002e91  UART5_ISR_Handle               
00002eb9  UART6_ISR_Handle               
00002ee1  UART7_ISR_Handle               
00003311  UARTClockSourceSet             
00003331  UARTIntClear                   
000032f9  UARTIntEnable                  
000032e9  UARTIntStatus                  
00002591  UARTStdioConfig                
00003161  UARTprintf                     
00000271  UARTvprintf                    
00002711  UARTwrite                      
20000644  UartIsrHandleTable             
20000528  __STACK_END                    
00000190  __STACK_SIZE                   
20000598  __STACK_TOP                    
00000010  __SYSMEM_SIZE                  
000034c0  __TI_CINIT_Base                
000034d0  __TI_CINIT_Limit               
000034a8  __TI_Handler_Table_Base        
000034b4  __TI_Handler_Table_Limit       
00002899  __TI_auto_init_nobinit_nopinit 
00002523  __TI_decompress_lzss           
00003277  __TI_decompress_none           
ffffffff  __TI_pprof_out_hndl            
ffffffff  __TI_prof_data_size            
ffffffff  __TI_prof_data_start           
00000000  __TI_static_base__             
00003105  __TI_zero_init_nomemset        
00000e3d  __aeabi_idiv0                  
00000e3d  __aeabi_ldiv0                  
00002179  __aeabi_memclr                 
00002179  __aeabi_memclr4                
00002179  __aeabi_memclr8                
00001a01  __aeabi_memcpy                 
00001a01  __aeabi_memcpy4                
00001a01  __aeabi_memcpy8                
0000217b  __aeabi_memset                 
0000217b  __aeabi_memset4                
0000217b  __aeabi_memset8                
00002969  __aeabi_uidiv                  
00002969  __aeabi_uidivmod               
ffffffff  __binit__                      
ffffffff  __c_args__                     
UNDEFED   __mpu_init                     
00003351  __nop                          
20000398  __stack                        
00002a55  _c_int00_noargs                
200006b0  _sys_memory                    
UNDEFED   _system_post_cinit             
00000645  _system_pre_init               
000007d5  abort                          
ffffffff  binit                          
00000000  g_pfnVectors                   
00003089  main                           
00001a01  memcpy                         
00002181  memset                         
00000f69  pvPortMalloc                   
20000618  pxCurrentTCB                   
00002bd9  pxPortInitialiseStack          
00003249  systick_ISR_Handle             
0000347c  ulMaxSyscallInterruptPriority  
00001455  ulPortGetIPSR                  
00002f81  uxListRemove                   
00003299  uxTaskGetNumberOfTasks         
00003484  uxTopUsedPriority              
000031f1  vListInitialise                
00003319  vListInitialiseItem            
000029a9  vListInsert                    
00001511  vPortEnableVFP                 
00001cd1  vPortEnterCritical             
00002449  vPortExitCritical              
00001801  vPortFree                      
000014cd  vPortSVCHandler                
00003141  vPortSetupTimerInterrupt       
000014ed  vPortStartFirstTask            
00001d59  vQueueAddToRegistry            
00002851  vQueueWaitForMessageRestricted 
000022e9  vTaskDelay                     
000031c1  vTaskInternalSetTimeOutState   
000032a9  vTaskMissedYield               
00002651  vTaskPlaceOnEventList          
00001de1  vTaskPlaceOnEventListRestricted
00001aa1  vTaskStartScheduler            
00003259  vTaskSuspendAll                
00001961  vTaskSwitchContext             
0000146d  xPortPendSVHandler             
00000e41  xPortStartScheduler            
00002c09  xPortSysTickHandler            
000020f9  xQueueGenericCreate            
00001179  xQueueGenericReset             
00000949  xQueueReceive                  
20000280  xQueueRegistry                 
000018b1  xTaskCheckForTimeOut           
000024b9  xTaskCreate                    
00003069  xTaskGetSchedulerState         
000032b9  xTaskGetTickCount              
00000491  xTaskIncrementTick             
00001271  xTaskPriorityDisinherit        
00000bf1  xTaskRemoveFromEventList       
00000649  xTaskResumeAll                 
00001e69  xTimerCreateTimerTask          


GLOBAL SYMBOLS: SORTED BY Symbol Address 

address   name                           
-------   ----                           
00000000  __TI_static_base__             
00000000  g_pfnVectors                   
00000010  __SYSMEM_SIZE                  
00000190  __STACK_SIZE                   
00000271  UARTvprintf                    
0000048b  SysCtlDelay                    
00000491  xTaskIncrementTick             
00000645  _system_pre_init               
00000649  xTaskResumeAll                 
000007d5  C$$EXIT                        
000007d5  abort                          
000007d9  GPIOPadConfigSet               
00000949  xQueueReceive                  
00000bf1  xTaskRemoveFromEventList       
00000d19  SysCtlClockGet                 
00000e3d  __aeabi_idiv0                  
00000e3d  __aeabi_ldiv0                  
00000e41  xPortStartScheduler            
00000f69  pvPortMalloc                   
00001079  SysCtlClockSet                 
00001179  xQueueGenericReset             
00001271  xTaskPriorityDisinherit        
00001455  ulPortGetIPSR                  
0000146d  xPortPendSVHandler             
000014cd  vPortSVCHandler                
000014ed  vPortStartFirstTask            
00001511  vPortEnableVFP                 
000015e1  LIB_UART_PrintfInit            
00001801  vPortFree                      
000018b1  xTaskCheckForTimeOut           
00001961  vTaskSwitchContext             
00001a01  __aeabi_memcpy                 
00001a01  __aeabi_memcpy4                
00001a01  __aeabi_memcpy8                
00001a01  memcpy                         
00001aa1  vTaskStartScheduler            
00001b39  GPIOB_ISR_Handle               
00001bc1  GPIOD_ISR_Handle               
00001c49  GPIOE_ISR_Handle               
00001cd1  vPortEnterCritical             
00001d59  vQueueAddToRegistry            
00001de1  vTaskPlaceOnEventListRestricted
00001e69  xTimerCreateTimerTask          
00001f79  GPIOA_ISR_Handle               
00001ff9  GPIOC_ISR_Handle               
00002079  GPIOF_ISR_Handle               
000020f9  xQueueGenericCreate            
00002179  __aeabi_memclr                 
00002179  __aeabi_memclr4                
00002179  __aeabi_memclr8                
0000217b  __aeabi_memset                 
0000217b  __aeabi_memset4                
0000217b  __aeabi_memset8                
00002181  memset                         
000021f9  IntEnable                      
000022e9  vTaskDelay                     
00002449  vPortExitCritical              
000024b9  xTaskCreate                    
00002523  __TI_decompress_lzss           
00002591  UARTStdioConfig                
00002651  vTaskPlaceOnEventList          
00002711  UARTwrite                      
000027b9  GPIOPinConfigure               
00002851  vQueueWaitForMessageRestricted 
00002899  __TI_auto_init_nobinit_nopinit 
00002969  __aeabi_uidiv                  
00002969  __aeabi_uidivmod               
000029a9  vListInsert                    
000029e9  SysCtlPeripheralReady          
00002a21  SysCtlPeripheralEnable         
00002a55  _c_int00_noargs                
00002a89  FreeRTOS_CreateTasks           
00002ab9  TestTask                       
00002b79  ADC0S0IsrHandler               
00002ba9  GPIODirModeSet                 
00002bd9  pxPortInitialiseStack          
00002c09  xPortSysTickHandler            
00002c39  TIMER0B_ISR_Handle             
00002c61  TIMER1A_ISR_Handle             
00002c89  TIMER1B_ISR_Handle             
00002cb1  TIMER2A_ISR_Handle             
00002cd9  TIMER2B_ISR_Handle             
00002d01  TIMER3A_ISR_Handle             
00002d29  TIMER3B_ISR_Handle             
00002d51  TIMER4A_ISR_Handle             
00002d79  TIMER4B_ISR_Handle             
00002da1  TIMER5A_ISR_Handle             
00002dc9  TIMER5B_ISR_Handle             
00002df1  UART1_ISR_Handle               
00002e19  UART2_ISR_Handle               
00002e41  UART3_ISR_Handle               
00002e69  UART4_ISR_Handle               
00002e91  UART5_ISR_Handle               
00002eb9  UART6_ISR_Handle               
00002ee1  UART7_ISR_Handle               
00002f81  uxListRemove                   
00002fa9  ADCSequenceDataGet             
00002fd1  TIMER0A_ISR_Handle             
00002ff9  UART0_ISR_Handle               
00003069  xTaskGetSchedulerState         
00003089  main                           
000030a9  LIB_CLOCK_MainClockSet         
000030c9  QEI0_ISR_Handle                
000030e9  QEI1_ISR_Handle                
00003105  __TI_zero_init_nomemset        
00003141  vPortSetupTimerInterrupt       
00003161  UARTprintf                     
000031c1  vTaskInternalSetTimeOutState   
000031d9  GPIOPinTypeUART                
000031f1  vListInitialise                
00003209  LIB_CLOCK_PeripheralClockEnable
00003239  IntMasterEnable                
00003249  systick_ISR_Handle             
00003259  vTaskSuspendAll                
00003269  GPIOIntStatus                  
00003277  __TI_decompress_none           
00003289  CPUcpsie                       
00003299  uxTaskGetNumberOfTasks         
000032a9  vTaskMissedYield               
000032b9  xTaskGetTickCount              
000032c9  ADCIntClear                    
000032d9  TimerIntStatus                 
000032e9  UARTIntStatus                  
000032f9  UARTIntEnable                  
00003301  GPIOIntClear                   
00003309  ResetISR                       
00003311  UARTClockSourceSet             
00003319  vListInitialiseItem            
00003321  QEIIntClear                    
00003329  TimerIntClear                  
00003331  UARTIntClear                   
00003351  __nop                          
0000347c  ulMaxSyscallInterruptPriority  
00003484  uxTopUsedPriority              
000034a8  __TI_Handler_Table_Base        
000034b4  __TI_Handler_Table_Limit       
000034c0  __TI_CINIT_Base                
000034d0  __TI_CINIT_Limit               
20000280  xQueueRegistry                 
200002d0  AdcSequenceSamplingValueBuffer 
20000398  __stack                        
20000528  ExtiIsrHandleTable             
20000528  __STACK_END                    
20000598  __STACK_TOP                    
200005e8  TimerIsrHandleTable            
20000618  pxCurrentTCB                   
20000644  UartIsrHandleTable             
20000690  QeiIsrHandleTable              
2000069d  AdcSequenceSamplingFlage       
200006a0  TestTask_Handle                
200006a4  CPU_F                          
200006b0  _sys_memory                    
ffffffff  __TI_pprof_out_hndl            
ffffffff  __TI_prof_data_size            
ffffffff  __TI_prof_data_start           
ffffffff  __binit__                      
ffffffff  __c_args__                     
ffffffff  binit                          
UNDEFED   __mpu_init                     
UNDEFED   _system_post_cinit             

[160 symbols]
