******************************************************************************
                  TI ARM Linker PC v18.12.8                    
******************************************************************************
>> Linked Wed Aug 23 02:16:42 2023

OUTPUT FILE NAME:   <TM4C123GH6PM_library.out>
ENTRY POINT SYMBOL: "_c_int00_noargs"  address: 00002d8d


MEMORY CONFIGURATION

         name            origin    length      used     unused   attr    fill
----------------------  --------  ---------  --------  --------  ----  --------
  FLASH                 00000000   00040000  000038da  0003c726  R  X
  SRAM                  20000000   00008000  0000414a  00003eb6  RW X


SEGMENT ALLOCATION MAP

run origin  load origin   length   init length attrs members
----------  ----------- ---------- ----------- ----- -------
00000000    00000000    000038e0   000038e0    r-x
  00000000    00000000    0000026c   0000026c    r-- .intvecs
  00000270    00000270    000031e2   000031e2    r-x .text
  00003454    00003454    00000454   00000454    r-- .const
  000038a8    000038a8    00000038   00000038    r-- .cinit
20000000    20000000    0000414a   00000000    rw-
  20000000    20000000    00002000   00000000    rw- .stack
  20002000    20002000    00002000   00000000    rw- .sysmem
  20004000    20004000    00000128   00000000    rw- .data
  20004128    20004128    00000022   00000000    rw- .bss


SECTION ALLOCATION MAP

 output                                  attributes/
section   page    origin      length       input sections
--------  ----  ----------  ----------   ----------------
.intvecs   0    00000000    0000026c     
                  00000000    0000026c     startup_ccs.obj (.intvecs)

.text      0    00000270    000031e2     
                  00000270    00000a4e     rtsv7M4_T_le_v4SPD16_eabi.lib : _printfi.c.obj (.text:__TI_printfi)
                  00000cbe    00000002                                   : div0.asm.obj (.text)
                  00000cc0    00000270                                   : _printfi.c.obj (.text:_pconv_a)
                  00000f30    0000021a     uartstdio.obj (.text:UARTvprintf)
                  0000114a    00000002     --HOLE-- [fill = 0]
                  0000114c    000001d0     rtsv7M4_T_le_v4SPD16_eabi.lib : _printfi.c.obj (.text:_pconv_g)
                  0000131c    000001b6                                   : fd_add_t2.asm.obj (.text)
                  000014d2    00000006     sysctl.obj (.text:SysCtlDelay)
                  000014d8    00000170     gpio.obj (.text:GPIOPadConfigSet)
                  00001648    0000013c     rtsv7M4_T_le_v4SPD16_eabi.lib : _printfi.c.obj (.text:_pconv_e)
                  00001784    00000136                                   : fd_div_t2.asm.obj (.text)
                  000018ba    00000004                                   : pre_init.c.obj (.text:_system_pre_init)
                  000018be    00000002     --HOLE-- [fill = 0]
                  000018c0    00000124     sysctl.obj (.text:SysCtlClockGet)
                  000019e4    00000124     rtsv7M4_T_le_v4SPD16_eabi.lib : _printfi.c.obj (.text:fcvt)
                  00001b08    00000110     lib_i2c.obj (.text:LIB_I2C_Transmit)
                  00001c18    00000110     rtsv7M4_T_le_v4SPD16_eabi.lib : s_scalbn.c.obj (.text:scalbn)
                  00001d28    000000fc     sysctl.obj (.text:SysCtlClockSet)
                  00001e24    000000fc     rtsv7M4_T_le_v4SPD16_eabi.lib : fd_mul_t2.asm.obj (.text)
                  00001f20    000000b8     lib_uart.obj (.text:LIB_UART_PrintfInit)
                  00001fd8    000000b1     rtsv7M4_T_le_v4SPD16_eabi.lib : _printfi.c.obj (.text:_ltostr)
                  00002089    00000001     --HOLE-- [fill = 0]
                  0000208a    00000004                                   : exit.c.obj (.text:abort:abort)
                  0000208e    00000002     --HOLE-- [fill = 0]
                  00002090    000000a4     lib_i2c.obj (.text:LIB_I2C_Put)
                  00002134    0000009c     rtsv7M4_T_le_v4SPD16_eabi.lib : memcpy_t2.asm.obj (.text)
                  000021d0    00000096                                   : ull_div_t2.asm.obj (.text)
                  00002266    00000086                                   : fd_cmp_t2.asm.obj (.text:__aeabi_cdcmple)
                  000022ec    00000086                                   : fd_cmp_t2.asm.obj (.text:__aeabi_cdrcmple)
                  00002372    00000006     --HOLE-- [fill = 0]
                  00002378    00000084     lib_EXTIisrmanagement.obj (.text:GPIOB_ISR_Handle)
                  000023fc    00000004     --HOLE-- [fill = 0]
                  00002400    00000084     lib_EXTIisrmanagement.obj (.text:GPIOD_ISR_Handle)
                  00002484    00000004     --HOLE-- [fill = 0]
                  00002488    00000084     lib_EXTIisrmanagement.obj (.text:GPIOE_ISR_Handle)
                  0000250c    00000004     --HOLE-- [fill = 0]
                  00002510    00000080     lib_EXTIisrmanagement.obj (.text:GPIOA_ISR_Handle)
                  00002590    00000080     lib_EXTIisrmanagement.obj (.text:GPIOC_ISR_Handle)
                  00002610    00000080     lib_EXTIisrmanagement.obj (.text:GPIOF_ISR_Handle)
                  00002690    0000007a     rtsv7M4_T_le_v4SPD16_eabi.lib : memset_t2.asm.obj (.text)
                  0000270a    00000006     --HOLE-- [fill = 0]
                  00002710    00000078     interrupt.obj (.text:IntEnable)
                  00002788    0000006e     rtsv7M4_T_le_v4SPD16_eabi.lib : _printfi.c.obj (.text:_mcpy)
                  000027f6    00000068                                   : copy_decompress_lzss.c.obj (.text:decompress:lzss:__TI_decompress_lzss)
                  0000285e    00000002     --HOLE-- [fill = 0]
                  00002860    00000064                                   : s_frexp.c.obj (.text:frexp)
                  000028c4    00000004     --HOLE-- [fill = 0]
                  000028c8    00000060     uartstdio.obj (.text:UARTStdioConfig)
                  00002928    00000059     main.obj (.text:main)
                  00002981    00000007     --HOLE-- [fill = 0]
                  00002988    00000058     oled.obj (.text:Oled_ShowString)
                  000029e0    00000058     uartstdio.obj (.text:UARTwrite)
                  00002a38    00000056     rtsv7M4_T_le_v4SPD16_eabi.lib : _printfi.c.obj (.text:_pconv_f)
                  00002a8e    00000054                                   : ltoa.c.obj (.text:ltoa)
                  00002ae2    00000052                                   : _printfi.c.obj (.text:_ecpy)
                  00002b34    00000004     --HOLE-- [fill = 0]
                  00002b38    0000004c     gpio.obj (.text:GPIOPinConfigure)
                  00002b84    0000004c     rtsv7M4_T_le_v4SPD16_eabi.lib : atoi.c.obj (.text:atoi)
                  00002bd0    00000048                                   : fd_toi_t2.asm.obj (.text)
                  00002c18    00000044                                   : autoinit.c.obj (.text:__TI_auto_init_nobinit_nopinit:__TI_auto_init_nobinit_nopinit)
                  00002c5c    00000040                                   : u_divt2.asm.obj (.text)
                  00002c9c    00000040                                   : sprintf.c.obj (.text:sprintf)
                  00002cdc    0000003e                                   : _printfi.c.obj (.text:_fcpy)
                  00002d1a    00000006     --HOLE-- [fill = 0]
                  00002d20    00000038     sysctl.obj (.text:SysCtlPeripheralReady)
                  00002d58    00000034     sysctl.obj (.text:SysCtlPeripheralEnable)
                  00002d8c    00000034     rtsv7M4_T_le_v4SPD16_eabi.lib : boot_cortex_m.c.obj (.text:_c_int00_noargs:_c_int00_noargs)
                  00002dc0    0000002e                                   : i_tofd_t2.asm.obj (.text)
                  00002dee    00000002     --HOLE-- [fill = 0]
                  00002df0    0000002c     lib_ADCisrmanagement.obj (.text:ADC0S0IsrHandler)
                  00002e1c    00000004     --HOLE-- [fill = 0]
                  00002e20    0000002c     gpio.obj (.text:GPIODirModeSet)
                  00002e4c    00000004     --HOLE-- [fill = 0]
                  00002e50    00000028     lib_TIMERisrmanagement.obj (.text:TIMER0B_ISR_Handle)
                  00002e78    00000028     lib_TIMERisrmanagement.obj (.text:TIMER1A_ISR_Handle)
                  00002ea0    00000028     lib_TIMERisrmanagement.obj (.text:TIMER1B_ISR_Handle)
                  00002ec8    00000028     lib_TIMERisrmanagement.obj (.text:TIMER2A_ISR_Handle)
                  00002ef0    00000028     lib_TIMERisrmanagement.obj (.text:TIMER2B_ISR_Handle)
                  00002f18    00000028     lib_TIMERisrmanagement.obj (.text:TIMER3A_ISR_Handle)
                  00002f40    00000028     lib_TIMERisrmanagement.obj (.text:TIMER3B_ISR_Handle)
                  00002f68    00000028     lib_TIMERisrmanagement.obj (.text:TIMER4A_ISR_Handle)
                  00002f90    00000028     lib_TIMERisrmanagement.obj (.text:TIMER4B_ISR_Handle)
                  00002fb8    00000028     lib_TIMERisrmanagement.obj (.text:TIMER5A_ISR_Handle)
                  00002fe0    00000028     lib_TIMERisrmanagement.obj (.text:TIMER5B_ISR_Handle)
                  00003008    00000028     lib_UARTisrmanagement.obj (.text:UART1_ISR_Handle)
                  00003030    00000028     lib_UARTisrmanagement.obj (.text:UART2_ISR_Handle)
                  00003058    00000028     lib_UARTisrmanagement.obj (.text:UART3_ISR_Handle)
                  00003080    00000028     lib_UARTisrmanagement.obj (.text:UART4_ISR_Handle)
                  000030a8    00000028     lib_UARTisrmanagement.obj (.text:UART5_ISR_Handle)
                  000030d0    00000028     lib_UARTisrmanagement.obj (.text:UART6_ISR_Handle)
                  000030f8    00000028     lib_UARTisrmanagement.obj (.text:UART7_ISR_Handle)
                  00003120    00000024     adc.obj (.text:ADCSequenceDataGet)
                  00003144    00000004     --HOLE-- [fill = 0]
                  00003148    00000024     oled.obj (.text:Oled_SetPos)
                  0000316c    00000004     --HOLE-- [fill = 0]
                  00003170    00000024     lib_TIMERisrmanagement.obj (.text:TIMER0A_ISR_Handle)
                  00003194    00000004     --HOLE-- [fill = 0]
                  00003198    00000024     lib_UARTisrmanagement.obj (.text:UART0_ISR_Handle)
                  000031bc    00000004     --HOLE-- [fill = 0]
                  000031c0    00000022     oled.obj (.text:Oled_ShowInt32)
                  000031e2    00000006     --HOLE-- [fill = 0]
                  000031e8    0000001c     lib_clock.obj (.text:LIB_CLOCK_MainClockSet)
                  00003204    00000004     --HOLE-- [fill = 0]
                  00003208    0000001c     lib_QEIisrmanagement.obj (.text:QEI0_ISR_Handle)
                  00003224    00000004     --HOLE-- [fill = 0]
                  00003228    0000001c     lib_QEIisrmanagement.obj (.text:QEI1_ISR_Handle)
                  00003244    0000001c     rtsv7M4_T_le_v4SPD16_eabi.lib : copy_zero_init.c.obj (.text:decompress:ZI:__TI_zero_init_nomemset:__TI_zero_init_nomemset)
                  00003260    0000001c                                   : memccpy.c.obj (.text:memccpy)
                  0000327c    00000004     --HOLE-- [fill = 0]
                  00003280    0000001a     uartstdio.obj (.text:UARTprintf)
                  0000329a    0000001a     rtsv7M4_T_le_v4SPD16_eabi.lib : s_copysign.c.obj (.text:copysign)
                  000032b4    00000018                                   : sprintf.c.obj (.text:_outs)
                  000032cc    00000004     --HOLE-- [fill = 0]
                  000032d0    00000016     gpio.obj (.text:GPIOPinTypeUART)
                  000032e6    00000016     rtsv7M4_T_le_v4SPD16_eabi.lib : strchr.c.obj (.text:strchr)
                  000032fc    00000004     --HOLE-- [fill = 0]
                  00003300    00000014     lib_clock.obj (.text:LIB_CLOCK_PeripheralClockEnable)
                  00003314    00000014     rtsv7M4_T_le_v4SPD16_eabi.lib : strlen.c.obj (.text:strlen)
                  00003328    00000012     oled.obj (.text:Oled_Datas)
                  0000333a    00000012     rtsv7M4_T_le_v4SPD16_eabi.lib : wcslen.c.obj (.text:wcslen)
                  0000334c    00000004     --HOLE-- [fill = 0]
                  00003350    00000010     interrupt.obj (.text:IntMasterEnable)
                  00003360    0000000e     gpio.obj (.text:GPIOIntStatus)
                  0000336e    0000000e     rtsv7M4_T_le_v4SPD16_eabi.lib : copy_decompress_none.c.obj (.text:decompress:none:__TI_decompress_none)
                  0000337c    00000004     --HOLE-- [fill = 0]
                  00003380    0000000c     cpu.obj (.text:CPUcpsie)
                  0000338c    00000004     --HOLE-- [fill = 0]
                  00003390    0000000c     oled.obj (.text:Oled_Cmd)
                  0000339c    00000004     --HOLE-- [fill = 0]
                  000033a0    0000000a     adc.obj (.text:ADCIntClear)
                  000033aa    00000006     --HOLE-- [fill = 0]
                  000033b0    0000000a     timer.obj (.text:TimerIntStatus)
                  000033ba    00000006     --HOLE-- [fill = 0]
                  000033c0    0000000a     uart.obj (.text:UARTIntStatus)
                  000033ca    0000000a     rtsv7M4_T_le_v4SPD16_eabi.lib : sprintf.c.obj (.text:_outc)
                  000033d4    00000004     --HOLE-- [fill = 0]
                  000033d8    00000008     i2c.obj (.text:I2CMasterBusy)
                  000033e0    00000008     i2c.obj (.text:I2CMasterSlaveAddrSet)
                  000033e8    00000008     uart.obj (.text:UARTIntEnable)
                  000033f0    00000008     rtsv7M4_T_le_v4SPD16_eabi.lib : errno.c.obj (.text:__aeabi_errno_addr)
                  000033f8    00000006     gpio.obj (.text:GPIOIntClear)
                  000033fe    00000002     --HOLE-- [fill = 0]
                  00003400    00000006     startup_ccs.obj (.text:ResetISR)
                  00003406    00000002     --HOLE-- [fill = 0]
                  00003408    00000006     uart.obj (.text:UARTClockSourceSet)
                  0000340e    00000002     --HOLE-- [fill = 0]
                  00003410    00000004     i2c.obj (.text:I2CMasterControl)
                  00003414    00000004     --HOLE-- [fill = 0]
                  00003418    00000004     i2c.obj (.text:I2CMasterDataPut)
                  0000341c    00000004     --HOLE-- [fill = 0]
                  00003420    00000004     qei.obj (.text:QEIIntClear)
                  00003424    00000004     --HOLE-- [fill = 0]
                  00003428    00000004     timer.obj (.text:TimerIntClear)
                  0000342c    00000004     --HOLE-- [fill = 0]
                  00003430    00000004     uart.obj (.text:UARTIntClear)
                  00003434    00000004     --HOLE-- [fill = 0]
                  00003438    00000002     startup_ccs.obj (.text:FaultISR)
                  0000343a    00000006     --HOLE-- [fill = 0]
                  00003440    00000002     startup_ccs.obj (.text:IntDefaultHandler)
                  00003442    00000006     --HOLE-- [fill = 0]
                  00003448    00000002     startup_ccs.obj (.text:NmiSR)
                  0000344a    00000006     --HOLE-- [fill = 0]
                  00003450    00000002     lib_EXTIisrmanagement.obj (.text:__nop)

.const     0    00003454    00000454     
                  00003454    00000228     front.obj (.const:F6x8)
                  0000367c    00000101     rtsv7M4_T_le_v4SPD16_eabi.lib : ctype.c.obj (.const:.string:_ctypes_)
                  0000377d    00000003     --HOLE-- [fill = 0]
                  00003780    00000090     gpio.obj (.const:g_pui32GPIOBaseAddrs)
                  00003810    0000006c     sysctl.obj (.const:g_pui32Xtals)
                  0000387c    00000014     interrupt.obj (.const:g_pui32EnRegs)
                  00003890    0000000c     uartstdio.obj (.const:g_ui32UARTBase)
                  0000389c    0000000c     uartstdio.obj (.const:g_ui32UARTPeriph)

.cinit     0    000038a8    00000038     
                  000038a8    0000000e     (.cinit..data.load) [load image, compression = lzss]
                  000038b6    00000002     --HOLE-- [fill = 0]
                  000038b8    0000000c     (__TI_handler_table)
                  000038c4    00000004     --HOLE-- [fill = 0]
                  000038c8    00000008     (.cinit..bss.load) [load image, compression = zero_init]
                  000038d0    00000010     (__TI_cinit_table)

.init_array 
*          0    00000000    00000000     UNINITIALIZED

.stack     0    20000000    00002000     UNINITIALIZED
                  20000000    00000004     rtsv7M4_T_le_v4SPD16_eabi.lib : boot_cortex_m.c.obj (.stack)
                  20000004    00001ffc     --HOLE--

.sysmem    0    20002000    00002000     UNINITIALIZED
                  20002000    00000010     rtsv7M4_T_le_v4SPD16_eabi.lib : memory.c.obj (.sysmem)
                  20002010    00001ff0     --HOLE--

.data      0    20004000    00000128     UNINITIALIZED
                  20004000    000000c0     lib_EXTIisrmanagement.obj (.data:ExtiIsrHandleTable)
                  200040c0    00000030     lib_TIMERisrmanagement.obj (.data:TimerIsrHandleTable)
                  200040f0    00000020     lib_UARTisrmanagement.obj (.data:UartIsrHandleTable)
                  20004110    00000008     lib_QEIisrmanagement.obj (.data:QeiIsrHandleTable)
                  20004118    00000005     uartstdio.obj (.data)
                  2000411d    00000001     lib_ADCisrmanagement.obj (.data)
                  2000411e    00000002     --HOLE--
                  20004120    00000004     lib_clock.obj (.data)
                  20004124    00000004     rtsv7M4_T_le_v4SPD16_eabi.lib : errno.c.obj (.data)

.bss       0    20004128    00000022     UNINITIALIZED
                  20004128    00000020     (.common:AdcSequenceSamplingValueBuffer)
                  20004148    00000002     lib_i2c.obj (.bss)

MODULE SUMMARY

       Module                       code    ro data   rw data
       ------                       ----    -------   -------
    .\
       startup_ccs.obj              12      620       0      
       main.obj                     89      0         0      
    +--+----------------------------+-------+---------+---------+
       Total:                       101     620       0      
                                                             
    .\Peripheral_library\OLED\
       front.obj                    0       552       0      
       oled.obj                     188     0         0      
    +--+----------------------------+-------+---------+---------+
       Total:                       188     552       0      
                                                             
    .\TM4C123GH6PM_library\clock\
       lib_clock.obj                48      0         4      
    +--+----------------------------+-------+---------+---------+
       Total:                       48      0         4      
                                                             
    .\TM4C123GH6PM_library\i2c\
       lib_i2c.obj                  436     0         2      
    +--+----------------------------+-------+---------+---------+
       Total:                       436     0         2      
                                                             
    .\TM4C123GH6PM_library\isr_anagement\
       lib_EXTIisrmanagement.obj    782     0         192    
       lib_TIMERisrmanagement.obj   476     0         48     
       lib_UARTisrmanagement.obj    316     0         32     
       lib_ADCisrmanagement.obj     44      0         33     
       lib_QEIisrmanagement.obj     56      0         8      
    +--+----------------------------+-------+---------+---------+
       Total:                       1674    0         313    
                                                             
    .\TM4C123GH6PM_library\uart\
       lib_uart.obj                 184     0         0      
    +--+----------------------------+-------+---------+---------+
       Total:                       184     0         0      
                                                             
    .\driverlib\
       sysctl.obj                   658     108       0      
       gpio.obj                     530     144       0      
       interrupt.obj                136     20        0      
       adc.obj                      46      0         0      
       uart.obj                     28      0         0      
       i2c.obj                      24      0         0      
       timer.obj                    14      0         0      
       cpu.obj                      12      0         0      
       qei.obj                      4       0         0      
    +--+----------------------------+-------+---------+---------+
       Total:                       1452    272       0      
                                                             
    .\utils\
       uartstdio.obj                748     24        5      
    +--+----------------------------+-------+---------+---------+
       Total:                       748     24        5      
                                                             
    C:\ti\ccs1220\ccs\tools\compiler\ti-cgt-arm_18.12.8.LTS\lib\rtsv7M4_T_le_v4SPD16_eabi.lib
       _printfi.c.obj               4851    0         0      
       fd_add_t2.asm.obj            438     0         0      
       fd_div_t2.asm.obj            310     0         0      
       s_scalbn.c.obj               272     0         0      
       fd_cmp_t2.asm.obj            268     0         0      
       ctype.c.obj                  0       257       0      
       fd_mul_t2.asm.obj            252     0         0      
       memcpy_t2.asm.obj            156     0         0      
       ull_div_t2.asm.obj           150     0         0      
       memset_t2.asm.obj            122     0         0      
       copy_decompress_lzss.c.obj   104     0         0      
       s_frexp.c.obj                100     0         0      
       sprintf.c.obj                98      0         0      
       ltoa.c.obj                   84      0         0      
       atoi.c.obj                   76      0         0      
       fd_toi_t2.asm.obj            72      0         0      
       autoinit.c.obj               68      0         0      
       u_divt2.asm.obj              64      0         0      
       boot_cortex_m.c.obj          52      0         0      
       i_tofd_t2.asm.obj            46      0         0      
       copy_zero_init.c.obj         28      0         0      
       memccpy.c.obj                28      0         0      
       s_copysign.c.obj             26      0         0      
       strchr.c.obj                 22      0         0      
       strlen.c.obj                 20      0         0      
       wcslen.c.obj                 18      0         0      
       copy_decompress_none.c.obj   14      0         0      
       errno.c.obj                  8       0         4      
       exit.c.obj                   4       0         0      
       pre_init.c.obj               4       0         0      
       div0.asm.obj                 2       0         0      
    +--+----------------------------+-------+---------+---------+
       Total:                       7757    257       4      
                                                             
       Heap:                        0       0         8192   
       Stack:                       0       0         8192   
       Linker Generated:            0       50        0      
    +--+----------------------------+-------+---------+---------+
       Grand Total:                 12588   1775      16712  


LINKER GENERATED COPY TABLES

__TI_cinit_table @ 000038d0 records: 2, size/record: 8, table size: 16
	.data: load addr=000038a8, load size=0000000e bytes, run addr=20004000, run size=00000128 bytes, compression=lzss
	.bss: load addr=000038c8, load size=00000008 bytes, run addr=20004128, run size=00000022 bytes, compression=zero_init


LINKER GENERATED HANDLER TABLE

__TI_handler_table @ 000038b8 records: 3, size/record: 4, table size: 12
	index: 0, handler: __TI_decompress_lzss
	index: 1, handler: __TI_decompress_none
	index: 2, handler: __TI_zero_init


GLOBAL SYMBOLS: SORTED ALPHABETICALLY BY Name 

address   name                           
-------   ----                           
00002df1  ADC0S0IsrHandler               
000033a1  ADCIntClear                    
00003121  ADCSequenceDataGet             
2000411d  AdcSequenceSamplingFlage       
20004128  AdcSequenceSamplingValueBuffer 
0000208b  C$$EXIT                        
20004120  CPU_F                          
00003381  CPUcpsie                       
20004000  ExtiIsrHandleTable             
00003454  F6x8                           
00002511  GPIOA_ISR_Handle               
00002379  GPIOB_ISR_Handle               
00002591  GPIOC_ISR_Handle               
00002401  GPIOD_ISR_Handle               
00002e21  GPIODirModeSet                 
00002489  GPIOE_ISR_Handle               
00002611  GPIOF_ISR_Handle               
000033f9  GPIOIntClear                   
00003361  GPIOIntStatus                  
000014d9  GPIOPadConfigSet               
00002b39  GPIOPinConfigure               
000032d1  GPIOPinTypeUART                
000033d9  I2CMasterBusy                  
00003411  I2CMasterControl               
00003419  I2CMasterDataPut               
000033e1  I2CMasterSlaveAddrSet          
00002711  IntEnable                      
00003351  IntMasterEnable                
000031e9  LIB_CLOCK_MainClockSet         
00003301  LIB_CLOCK_PeripheralClockEnable
00002091  LIB_I2C_Put                    
00001b09  LIB_I2C_Transmit               
00001f21  LIB_UART_PrintfInit            
00003149  Oled_SetPos                    
000031c1  Oled_ShowInt32                 
00002989  Oled_ShowString                
00003209  QEI0_ISR_Handle                
00003229  QEI1_ISR_Handle                
00003421  QEIIntClear                    
20004110  QeiIsrHandleTable              
00003401  ResetISR                       
000018c1  SysCtlClockGet                 
00001d29  SysCtlClockSet                 
000014d3  SysCtlDelay                    
00002d59  SysCtlPeripheralEnable         
00002d21  SysCtlPeripheralReady          
00003171  TIMER0A_ISR_Handle             
00002e51  TIMER0B_ISR_Handle             
00002e79  TIMER1A_ISR_Handle             
00002ea1  TIMER1B_ISR_Handle             
00002ec9  TIMER2A_ISR_Handle             
00002ef1  TIMER2B_ISR_Handle             
00002f19  TIMER3A_ISR_Handle             
00002f41  TIMER3B_ISR_Handle             
00002f69  TIMER4A_ISR_Handle             
00002f91  TIMER4B_ISR_Handle             
00002fb9  TIMER5A_ISR_Handle             
00002fe1  TIMER5B_ISR_Handle             
00003429  TimerIntClear                  
000033b1  TimerIntStatus                 
200040c0  TimerIsrHandleTable            
00003199  UART0_ISR_Handle               
00003009  UART1_ISR_Handle               
00003031  UART2_ISR_Handle               
00003059  UART3_ISR_Handle               
00003081  UART4_ISR_Handle               
000030a9  UART5_ISR_Handle               
000030d1  UART6_ISR_Handle               
000030f9  UART7_ISR_Handle               
00003409  UARTClockSourceSet             
00003431  UARTIntClear                   
000033e9  UARTIntEnable                  
000033c1  UARTIntStatus                  
000028c9  UARTStdioConfig                
00003281  UARTprintf                     
00000f31  UARTvprintf                    
000029e1  UARTwrite                      
200040f0  UartIsrHandleTable             
20002000  __STACK_END                    
00002000  __STACK_SIZE                   
20000200  __STACK_TOP                    
00002000  __SYSMEM_SIZE                  
000038d0  __TI_CINIT_Base                
000038e0  __TI_CINIT_Limit               
000038b8  __TI_Handler_Table_Base        
000038c4  __TI_Handler_Table_Limit       
00002c19  __TI_auto_init_nobinit_nopinit 
000027f7  __TI_decompress_lzss           
0000336f  __TI_decompress_none           
ffffffff  __TI_pprof_out_hndl            
00000271  __TI_printfi                   
ffffffff  __TI_prof_data_size            
ffffffff  __TI_prof_data_start           
00000000  __TI_static_base__             
00003245  __TI_zero_init_nomemset        
00002267  __aeabi_cdcmpeq                
00002267  __aeabi_cdcmple                
000022ed  __aeabi_cdrcmple               
00002bd1  __aeabi_d2iz                   
00001327  __aeabi_dadd                   
00001785  __aeabi_ddiv                   
00001e25  __aeabi_dmul                   
0000131d  __aeabi_dsub                   
000033f1  __aeabi_errno_addr             
00002dc1  __aeabi_i2d                    
00000cbf  __aeabi_idiv0                  
00000cbf  __aeabi_ldiv0                  
00002691  __aeabi_memclr                 
00002691  __aeabi_memclr4                
00002691  __aeabi_memclr8                
00002135  __aeabi_memcpy                 
00002135  __aeabi_memcpy4                
00002135  __aeabi_memcpy8                
00002693  __aeabi_memset                 
00002693  __aeabi_memset4                
00002693  __aeabi_memset8                
00002c5d  __aeabi_uidiv                  
00002c5d  __aeabi_uidivmod               
000021d1  __aeabi_uldivmod               
ffffffff  __binit__                      
ffffffff  __c_args__                     
UNDEFED   __mpu_init                     
00003451  __nop                          
20000000  __stack                        
00002d8d  _c_int00_noargs                
0000367c  _ctypes_                       
20002000  _sys_memory                    
UNDEFED   _system_post_cinit             
000018bb  _system_pre_init               
0000208b  abort                          
00002b85  atoi                           
ffffffff  binit                          
0000329b  copysign                       
0000329b  copysignl                      
20004124  errno                          
00002861  frexp                          
00002861  frexpl                         
00000000  g_pfnVectors                   
00001c19  ldexp                          
00001c19  ldexpl                         
00002a8f  ltoa                           
00002929  main                           
00003261  memccpy                        
00002135  memcpy                         
00002699  memset                         
00001c19  scalbn                         
00001c19  scalbnl                        
00002c9d  sprintf                        
000032e7  strchr                         
00003315  strlen                         
0000333b  wcslen                         


GLOBAL SYMBOLS: SORTED BY Symbol Address 

address   name                           
-------   ----                           
00000000  __TI_static_base__             
00000000  g_pfnVectors                   
00000271  __TI_printfi                   
00000cbf  __aeabi_idiv0                  
00000cbf  __aeabi_ldiv0                  
00000f31  UARTvprintf                    
0000131d  __aeabi_dsub                   
00001327  __aeabi_dadd                   
000014d3  SysCtlDelay                    
000014d9  GPIOPadConfigSet               
00001785  __aeabi_ddiv                   
000018bb  _system_pre_init               
000018c1  SysCtlClockGet                 
00001b09  LIB_I2C_Transmit               
00001c19  ldexp                          
00001c19  ldexpl                         
00001c19  scalbn                         
00001c19  scalbnl                        
00001d29  SysCtlClockSet                 
00001e25  __aeabi_dmul                   
00001f21  LIB_UART_PrintfInit            
00002000  __STACK_SIZE                   
00002000  __SYSMEM_SIZE                  
0000208b  C$$EXIT                        
0000208b  abort                          
00002091  LIB_I2C_Put                    
00002135  __aeabi_memcpy                 
00002135  __aeabi_memcpy4                
00002135  __aeabi_memcpy8                
00002135  memcpy                         
000021d1  __aeabi_uldivmod               
00002267  __aeabi_cdcmpeq                
00002267  __aeabi_cdcmple                
000022ed  __aeabi_cdrcmple               
00002379  GPIOB_ISR_Handle               
00002401  GPIOD_ISR_Handle               
00002489  GPIOE_ISR_Handle               
00002511  GPIOA_ISR_Handle               
00002591  GPIOC_ISR_Handle               
00002611  GPIOF_ISR_Handle               
00002691  __aeabi_memclr                 
00002691  __aeabi_memclr4                
00002691  __aeabi_memclr8                
00002693  __aeabi_memset                 
00002693  __aeabi_memset4                
00002693  __aeabi_memset8                
00002699  memset                         
00002711  IntEnable                      
000027f7  __TI_decompress_lzss           
00002861  frexp                          
00002861  frexpl                         
000028c9  UARTStdioConfig                
00002929  main                           
00002989  Oled_ShowString                
000029e1  UARTwrite                      
00002a8f  ltoa                           
00002b39  GPIOPinConfigure               
00002b85  atoi                           
00002bd1  __aeabi_d2iz                   
00002c19  __TI_auto_init_nobinit_nopinit 
00002c5d  __aeabi_uidiv                  
00002c5d  __aeabi_uidivmod               
00002c9d  sprintf                        
00002d21  SysCtlPeripheralReady          
00002d59  SysCtlPeripheralEnable         
00002d8d  _c_int00_noargs                
00002dc1  __aeabi_i2d                    
00002df1  ADC0S0IsrHandler               
00002e21  GPIODirModeSet                 
00002e51  TIMER0B_ISR_Handle             
00002e79  TIMER1A_ISR_Handle             
00002ea1  TIMER1B_ISR_Handle             
00002ec9  TIMER2A_ISR_Handle             
00002ef1  TIMER2B_ISR_Handle             
00002f19  TIMER3A_ISR_Handle             
00002f41  TIMER3B_ISR_Handle             
00002f69  TIMER4A_ISR_Handle             
00002f91  TIMER4B_ISR_Handle             
00002fb9  TIMER5A_ISR_Handle             
00002fe1  TIMER5B_ISR_Handle             
00003009  UART1_ISR_Handle               
00003031  UART2_ISR_Handle               
00003059  UART3_ISR_Handle               
00003081  UART4_ISR_Handle               
000030a9  UART5_ISR_Handle               
000030d1  UART6_ISR_Handle               
000030f9  UART7_ISR_Handle               
00003121  ADCSequenceDataGet             
00003149  Oled_SetPos                    
00003171  TIMER0A_ISR_Handle             
00003199  UART0_ISR_Handle               
000031c1  Oled_ShowInt32                 
000031e9  LIB_CLOCK_MainClockSet         
00003209  QEI0_ISR_Handle                
00003229  QEI1_ISR_Handle                
00003245  __TI_zero_init_nomemset        
00003261  memccpy                        
00003281  UARTprintf                     
0000329b  copysign                       
0000329b  copysignl                      
000032d1  GPIOPinTypeUART                
000032e7  strchr                         
00003301  LIB_CLOCK_PeripheralClockEnable
00003315  strlen                         
0000333b  wcslen                         
00003351  IntMasterEnable                
00003361  GPIOIntStatus                  
0000336f  __TI_decompress_none           
00003381  CPUcpsie                       
000033a1  ADCIntClear                    
000033b1  TimerIntStatus                 
000033c1  UARTIntStatus                  
000033d9  I2CMasterBusy                  
000033e1  I2CMasterSlaveAddrSet          
000033e9  UARTIntEnable                  
000033f1  __aeabi_errno_addr             
000033f9  GPIOIntClear                   
00003401  ResetISR                       
00003409  UARTClockSourceSet             
00003411  I2CMasterControl               
00003419  I2CMasterDataPut               
00003421  QEIIntClear                    
00003429  TimerIntClear                  
00003431  UARTIntClear                   
00003451  __nop                          
00003454  F6x8                           
0000367c  _ctypes_                       
000038b8  __TI_Handler_Table_Base        
000038c4  __TI_Handler_Table_Limit       
000038d0  __TI_CINIT_Base                
000038e0  __TI_CINIT_Limit               
20000000  __stack                        
20000200  __STACK_TOP                    
20002000  __STACK_END                    
20002000  _sys_memory                    
20004000  ExtiIsrHandleTable             
200040c0  TimerIsrHandleTable            
200040f0  UartIsrHandleTable             
20004110  QeiIsrHandleTable              
2000411d  AdcSequenceSamplingFlage       
20004120  CPU_F                          
20004124  errno                          
20004128  AdcSequenceSamplingValueBuffer 
ffffffff  __TI_pprof_out_hndl            
ffffffff  __TI_prof_data_size            
ffffffff  __TI_prof_data_start           
ffffffff  __binit__                      
ffffffff  __c_args__                     
ffffffff  binit                          
UNDEFED   __mpu_init                     
UNDEFED   _system_post_cinit             

[151 symbols]
